Starting to train (PyTorch).
  [diag] log10|dL/dh_t| hist bins=60 range=(-12.00,-2.48) mean=-11.88 p50=-12.00 p05=-12.00 p95=-12.00
  [diag] sat-dist hist bins=60 sat<0.05=0.0% mean=0.983 p10=0.982 p90=0.984
Iter 0000020: train nll 1.456, valid error 074.150%, best valid error 100.000%, avg grad norm   0.195, avg grad norm (post clip)   0.179, rho_Whh  0.95, Omega  0.00, alpha  0.000, steps in the past 0.000, valid nll 1.386
  [diag] log10|dL/dh_t| hist bins=60 range=(-12.00,-2.48) mean=-11.88 p50=-12.00 p05=-12.00 p95=-12.00
  [diag] sat-dist hist bins=60 sat<0.05=0.0% mean=0.984 p10=0.983 p90=0.985
Iter 0000040: train nll 1.386, valid error 073.500%, best valid error 074.150%, avg grad norm   0.181, avg grad norm (post clip)   0.164, rho_Whh  0.95, Omega  0.00, alpha  0.000, steps in the past 0.000, valid nll 1.386
  [diag] log10|dL/dh_t| hist bins=60 range=(-12.00,-2.48) mean=-11.88 p50=-12.00 p05=-12.00 p95=-12.00
  [diag] sat-dist hist bins=60 sat<0.05=0.0% mean=0.982 p10=0.981 p90=0.984
Iter 0000060: train nll 1.386, valid error 073.500%, best valid error 073.500%, avg grad norm   0.158, avg grad norm (post clip)   0.159, rho_Whh  0.95, Omega  0.00, alpha  0.000, steps in the past 0.000, valid nll 1.386
  [diag] log10|dL/dh_t| hist bins=60 range=(-12.00,-2.48) mean=-11.88 p50=-12.00 p05=-12.00 p95=-12.00
  [diag] sat-dist hist bins=60 sat<0.05=0.0% mean=0.981 p10=0.980 p90=0.983
Iter 0000080: train nll 1.386, valid error 073.500%, best valid error 073.500%, avg grad norm   0.194, avg grad norm (post clip)   0.177, rho_Whh  0.95, Omega  0.00, alpha  0.000, steps in the past 0.000, valid nll 1.386
  [diag] log10|dL/dh_t| hist bins=60 range=(-12.00,-2.49) mean=-11.88 p50=-12.00 p05=-12.00 p95=-12.00
  [diag] sat-dist hist bins=60 sat<0.05=0.0% mean=0.981 p10=0.980 p90=0.983
Iter 0000100: train nll 1.387, valid error 073.450%, best valid error 073.500%, avg grad norm   0.168, avg grad norm (post clip)   0.166, rho_Whh  0.95, Omega  0.00, alpha  0.000, steps in the past 0.000, valid nll 1.386
  [diag] log10|dL/dh_t| hist bins=60 range=(-12.00,-2.49) mean=-11.88 p50=-12.00 p05=-12.00 p95=-12.00
  [diag] sat-dist hist bins=60 sat<0.05=0.0% mean=0.982 p10=0.981 p90=0.984
Iter 0000120: train nll 1.387, valid error 074.200%, best valid error 073.450%, avg grad norm   0.181, avg grad norm (post clip)   0.170, rho_Whh  0.95, Omega  0.00, alpha  0.000, steps in the past 0.000, valid nll 1.386
  [diag] log10|dL/dh_t| hist bins=60 range=(-12.00,-2.49) mean=-11.88 p50=-12.00 p05=-12.00 p95=-12.00
  [diag] sat-dist hist bins=60 sat<0.05=0.0% mean=0.982 p10=0.981 p90=0.984
Iter 0000140: train nll 1.387, valid error 074.450%, best valid error 073.450%, avg grad norm   0.192, avg grad norm (post clip)   0.168, rho_Whh  0.95, Omega  0.00, alpha  0.000, steps in the past 0.000, valid nll 1.386
  [diag] log10|dL/dh_t| hist bins=60 range=(-12.00,-2.49) mean=-11.88 p50=-12.00 p05=-12.00 p95=-12.00
  [diag] sat-dist hist bins=60 sat<0.05=0.0% mean=0.982 p10=0.981 p90=0.983
Iter 0000160: train nll 1.386, valid error 073.500%, best valid error 073.450%, avg grad norm   0.183, avg grad norm (post clip)   0.159, rho_Whh  0.95, Omega  0.00, alpha  0.000, steps in the past 0.000, valid nll 1.386
  [diag] log10|dL/dh_t| hist bins=60 range=(-12.00,-2.49) mean=-11.88 p50=-12.00 p05=-12.00 p95=-12.00
  [diag] sat-dist hist bins=60 sat<0.05=0.0% mean=0.981 p10=0.980 p90=0.983
Iter 0000180: train nll 1.386, valid error 073.500%, best valid error 073.450%, avg grad norm   0.209, avg grad norm (post clip)   0.182, rho_Whh  0.95, Omega  0.00, alpha  0.000, steps in the past 0.000, valid nll 1.386
  [diag] log10|dL/dh_t| hist bins=60 range=(-12.00,-2.49) mean=-11.88 p50=-12.00 p05=-12.00 p95=-12.00
  [diag] sat-dist hist bins=60 sat<0.05=0.0% mean=0.979 p10=0.977 p90=0.981
Iter 0000200: train nll 1.385, valid error 073.500%, best valid error 073.450%, avg grad norm   0.171, avg grad norm (post clip)   0.163, rho_Whh  0.95, Omega  0.00, alpha  0.000, steps in the past 0.000, valid nll 1.386
  [diag] log10|dL/dh_t| hist bins=60 range=(-12.00,-2.49) mean=-11.88 p50=-12.00 p05=-12.00 p95=-12.00
  [diag] sat-dist hist bins=60 sat<0.05=0.0% mean=0.979 p10=0.977 p90=0.981
Iter 0000220: train nll 1.387, valid error 073.500%, best valid error 073.450%, avg grad norm   0.195, avg grad norm (post clip)   0.183, rho_Whh  0.95, Omega  0.00, alpha  0.000, steps in the past 0.000, valid nll 1.386
  [diag] log10|dL/dh_t| hist bins=60 range=(-12.00,-2.48) mean=-11.88 p50=-12.00 p05=-12.00 p95=-12.00
  [diag] sat-dist hist bins=60 sat<0.05=0.0% mean=0.978 p10=0.977 p90=0.981
Iter 0000240: train nll 1.387, valid error 074.500%, best valid error 073.450%, avg grad norm   0.182, avg grad norm (post clip)   0.174, rho_Whh  0.95, Omega  0.00, alpha  0.000, steps in the past 0.000, valid nll 1.386
  [diag] log10|dL/dh_t| hist bins=60 range=(-12.00,-2.48) mean=-11.88 p50=-12.00 p05=-12.00 p95=-12.00
  [diag] sat-dist hist bins=60 sat<0.05=0.0% mean=0.978 p10=0.977 p90=0.981
Iter 0000260: train nll 1.386, valid error 073.600%, best valid error 073.450%, avg grad norm   0.184, avg grad norm (post clip)   0.170, rho_Whh  0.95, Omega  0.00, alpha  0.000, steps in the past 0.000, valid nll 1.386
  [diag] log10|dL/dh_t| hist bins=60 range=(-12.00,-2.48) mean=-11.88 p50=-12.00 p05=-12.00 p95=-12.00
  [diag] sat-dist hist bins=60 sat<0.05=0.0% mean=0.980 p10=0.979 p90=0.982
Iter 0000280: train nll 1.387, valid error 074.800%, best valid error 073.450%, avg grad norm   0.166, avg grad norm (post clip)   0.150, rho_Whh  0.95, Omega  0.00, alpha  0.000, steps in the past 0.000, valid nll 1.386
  [diag] log10|dL/dh_t| hist bins=60 range=(-12.00,-2.48) mean=-11.88 p50=-12.00 p05=-12.00 p95=-12.00
  [diag] sat-dist hist bins=60 sat<0.05=0.0% mean=0.981 p10=0.980 p90=0.983
Iter 0000300: train nll 1.387, valid error 073.500%, best valid error 073.450%, avg grad norm   0.210, avg grad norm (post clip)   0.190, rho_Whh  0.95, Omega  0.00, alpha  0.000, steps in the past 0.000, valid nll 1.386
  [diag] log10|dL/dh_t| hist bins=60 range=(-12.00,-2.49) mean=-11.88 p50=-12.00 p05=-12.00 p95=-12.00
  [diag] sat-dist hist bins=60 sat<0.05=0.0% mean=0.980 p10=0.978 p90=0.982
Iter 0000320: train nll 1.386, valid error 073.400%, best valid error 073.450%, avg grad norm   0.178, avg grad norm (post clip)   0.173, rho_Whh  0.95, Omega  0.00, alpha  0.000, steps in the past 0.000, valid nll 1.386
  [diag] log10|dL/dh_t| hist bins=60 range=(-12.00,-2.49) mean=-11.88 p50=-12.00 p05=-12.00 p95=-12.00
  [diag] sat-dist hist bins=60 sat<0.05=0.0% mean=0.980 p10=0.979 p90=0.982
Iter 0000340: train nll 1.387, valid error 073.500%, best valid error 073.400%, avg grad norm   0.175, avg grad norm (post clip)   0.168, rho_Whh  0.95, Omega  0.00, alpha  0.000, steps in the past 0.000, valid nll 1.386
  [diag] log10|dL/dh_t| hist bins=60 range=(-12.00,-2.49) mean=-11.88 p50=-12.00 p05=-12.00 p95=-12.00
  [diag] sat-dist hist bins=60 sat<0.05=0.0% mean=0.980 p10=0.979 p90=0.982
Iter 0000360: train nll 1.386, valid error 073.500%, best valid error 073.400%, avg grad norm   0.183, avg grad norm (post clip)   0.173, rho_Whh  0.95, Omega  0.00, alpha  0.000, steps in the past 0.000, valid nll 1.386
  [diag] log10|dL/dh_t| hist bins=60 range=(-12.00,-2.49) mean=-11.88 p50=-12.00 p05=-12.00 p95=-12.00
  [diag] sat-dist hist bins=60 sat<0.05=0.0% mean=0.982 p10=0.981 p90=0.984
Iter 0000380: train nll 1.387, valid error 073.500%, best valid error 073.400%, avg grad norm   0.175, avg grad norm (post clip)   0.176, rho_Whh  0.95, Omega  0.00, alpha  0.000, steps in the past 0.000, valid nll 1.386
  [diag] log10|dL/dh_t| hist bins=60 range=(-12.00,-2.48) mean=-11.88 p50=-12.00 p05=-12.00 p95=-12.00
  [diag] sat-dist hist bins=60 sat<0.05=0.0% mean=0.983 p10=0.982 p90=0.984
Iter 0000400: train nll 1.386, valid error 073.100%, best valid error 073.400%, avg grad norm   0.186, avg grad norm (post clip)   0.175, rho_Whh  0.95, Omega  0.00, alpha  0.000, steps in the past 0.000, valid nll 1.386
  [diag] log10|dL/dh_t| hist bins=60 range=(-12.00,-2.48) mean=-11.88 p50=-12.00 p05=-12.00 p95=-12.00
  [diag] sat-dist hist bins=60 sat<0.05=0.0% mean=0.984 p10=0.983 p90=0.985
Iter 0000420: train nll 1.387, valid error 074.050%, best valid error 073.100%, avg grad norm   0.190, avg grad norm (post clip)   0.170, rho_Whh  0.95, Omega  0.00, alpha  0.000, steps in the past 0.000, valid nll 1.386
  [diag] log10|dL/dh_t| hist bins=60 range=(-12.00,-2.48) mean=-11.88 p50=-12.00 p05=-12.00 p95=-12.00
  [diag] sat-dist hist bins=60 sat<0.05=0.0% mean=0.984 p10=0.984 p90=0.985
Iter 0000440: train nll 1.387, valid error 075.400%, best valid error 073.100%, avg grad norm   0.179, avg grad norm (post clip)   0.171, rho_Whh  0.95, Omega  0.00, alpha  0.000, steps in the past 0.000, valid nll 1.386
  [diag] log10|dL/dh_t| hist bins=60 range=(-12.00,-2.48) mean=-11.88 p50=-12.00 p05=-12.00 p95=-12.00
  [diag] sat-dist hist bins=60 sat<0.05=0.0% mean=0.985 p10=0.984 p90=0.985
Iter 0000460: train nll 1.386, valid error 075.600%, best valid error 073.100%, avg grad norm   0.172, avg grad norm (post clip)   0.168, rho_Whh  0.95, Omega  0.00, alpha  0.000, steps in the past 0.000, valid nll 1.386
  [diag] log10|dL/dh_t| hist bins=60 range=(-12.00,-2.49) mean=-11.88 p50=-12.00 p05=-12.00 p95=-12.00
  [diag] sat-dist hist bins=60 sat<0.05=0.0% mean=0.984 p10=0.983 p90=0.985
Iter 0000480: train nll 1.387, valid error 077.050%, best valid error 073.100%, avg grad norm   0.178, avg grad norm (post clip)   0.167, rho_Whh  0.95, Omega  0.00, alpha  0.000, steps in the past 0.000, valid nll 1.386
  [diag] log10|dL/dh_t| hist bins=60 range=(-12.00,-2.49) mean=-11.88 p50=-12.00 p05=-12.00 p95=-12.00
  [diag] sat-dist hist bins=60 sat<0.05=0.0% mean=0.985 p10=0.984 p90=0.986
Iter 0000500: train nll 1.387, valid error 075.250%, best valid error 073.100%, avg grad norm   0.182, avg grad norm (post clip)   0.175, rho_Whh  0.95, Omega  0.00, alpha  0.000, steps in the past 0.000, valid nll 1.386
  [diag] log10|dL/dh_t| hist bins=60 range=(-12.00,-2.49) mean=-11.88 p50=-12.00 p05=-12.00 p95=-12.00
  [diag] sat-dist hist bins=60 sat<0.05=0.0% mean=0.984 p10=0.983 p90=0.985
Iter 0000520: train nll 1.386, valid error 076.150%, best valid error 073.100%, avg grad norm   0.196, avg grad norm (post clip)   0.187, rho_Whh  0.95, Omega  0.00, alpha  0.000, steps in the past 0.000, valid nll 1.386
  [diag] log10|dL/dh_t| hist bins=60 range=(-12.00,-2.49) mean=-11.88 p50=-12.00 p05=-12.00 p95=-12.00
  [diag] sat-dist hist bins=60 sat<0.05=0.0% mean=0.983 p10=0.982 p90=0.985
Iter 0000540: train nll 1.386, valid error 076.000%, best valid error 073.100%, avg grad norm   0.192, avg grad norm (post clip)   0.180, rho_Whh  0.95, Omega  0.00, alpha  0.000, steps in the past 0.000, valid nll 1.386
  [diag] log10|dL/dh_t| hist bins=60 range=(-12.00,-2.49) mean=-11.88 p50=-12.00 p05=-12.00 p95=-12.00
  [diag] sat-dist hist bins=60 sat<0.05=0.0% mean=0.983 p10=0.982 p90=0.984
Iter 0000560: train nll 1.387, valid error 076.050%, best valid error 073.100%, avg grad norm   0.202, avg grad norm (post clip)   0.180, rho_Whh  0.95, Omega  0.00, alpha  0.000, steps in the past 0.000, valid nll 1.386
  [diag] log10|dL/dh_t| hist bins=60 range=(-12.00,-2.49) mean=-11.88 p50=-12.00 p05=-12.00 p95=-12.00
  [diag] sat-dist hist bins=60 sat<0.05=0.0% mean=0.984 p10=0.983 p90=0.985
Iter 0000580: train nll 1.387, valid error 074.600%, best valid error 073.100%, avg grad norm   0.205, avg grad norm (post clip)   0.183, rho_Whh  0.95, Omega  0.00, alpha  0.000, steps in the past 0.000, valid nll 1.386
  [diag] log10|dL/dh_t| hist bins=60 range=(-12.00,-2.49) mean=-11.88 p50=-12.00 p05=-12.00 p95=-12.00
  [diag] sat-dist hist bins=60 sat<0.05=0.0% mean=0.983 p10=0.982 p90=0.985
Iter 0000600: train nll 1.386, valid error 073.700%, best valid error 073.100%, avg grad norm   0.171, avg grad norm (post clip)   0.168, rho_Whh  0.95, Omega  0.00, alpha  0.000, steps in the past 0.000, valid nll 1.386
  [diag] log10|dL/dh_t| hist bins=60 range=(-12.00,-2.49) mean=-11.88 p50=-12.00 p05=-12.00 p95=-12.00
  [diag] sat-dist hist bins=60 sat<0.05=0.0% mean=0.982 p10=0.981 p90=0.984
Iter 0000620: train nll 1.386, valid error 076.050%, best valid error 073.100%, avg grad norm   0.180, avg grad norm (post clip)   0.163, rho_Whh  0.95, Omega  0.00, alpha  0.000, steps in the past 0.000, valid nll 1.386
  [diag] log10|dL/dh_t| hist bins=60 range=(-12.00,-2.49) mean=-11.88 p50=-12.00 p05=-12.00 p95=-12.00
  [diag] sat-dist hist bins=60 sat<0.05=0.0% mean=0.983 p10=0.982 p90=0.984
Iter 0000640: train nll 1.387, valid error 076.100%, best valid error 073.100%, avg grad norm   0.180, avg grad norm (post clip)   0.165, rho_Whh  0.95, Omega  0.00, alpha  0.000, steps in the past 0.000, valid nll 1.386
  [diag] log10|dL/dh_t| hist bins=60 range=(-12.00,-2.48) mean=-11.88 p50=-12.00 p05=-12.00 p95=-12.00
  [diag] sat-dist hist bins=60 sat<0.05=0.0% mean=0.982 p10=0.981 p90=0.984
Iter 0000660: train nll 1.386, valid error 076.050%, best valid error 073.100%, avg grad norm   0.195, avg grad norm (post clip)   0.173, rho_Whh  0.95, Omega  0.00, alpha  0.000, steps in the past 0.000, valid nll 1.387
  [diag] log10|dL/dh_t| hist bins=60 range=(-12.00,-2.48) mean=-11.88 p50=-12.00 p05=-12.00 p95=-12.00
  [diag] sat-dist hist bins=60 sat<0.05=0.0% mean=0.982 p10=0.981 p90=0.984
Iter 0000680: train nll 1.386, valid error 076.050%, best valid error 073.100%, avg grad norm   0.176, avg grad norm (post clip)   0.168, rho_Whh  0.95, Omega  0.00, alpha  0.000, steps in the past 0.000, valid nll 1.387
  [diag] log10|dL/dh_t| hist bins=60 range=(-12.00,-2.48) mean=-11.88 p50=-12.00 p05=-12.00 p95=-12.00
  [diag] sat-dist hist bins=60 sat<0.05=0.0% mean=0.982 p10=0.981 p90=0.984
Iter 0000700: train nll 1.387, valid error 076.050%, best valid error 073.100%, avg grad norm   0.195, avg grad norm (post clip)   0.177, rho_Whh  0.95, Omega  0.00, alpha  0.000, steps in the past 0.000, valid nll 1.387
  [diag] log10|dL/dh_t| hist bins=60 range=(-12.00,-2.48) mean=-11.88 p50=-12.00 p05=-12.00 p95=-12.00
  [diag] sat-dist hist bins=60 sat<0.05=0.0% mean=0.980 p10=0.979 p90=0.982
Iter 0000720: train nll 1.386, valid error 076.050%, best valid error 073.100%, avg grad norm   0.180, avg grad norm (post clip)   0.171, rho_Whh  0.95, Omega  0.00, alpha  0.000, steps in the past 0.000, valid nll 1.387
  [diag] log10|dL/dh_t| hist bins=60 range=(-12.00,-2.48) mean=-11.88 p50=-12.00 p05=-12.00 p95=-12.00
  [diag] sat-dist hist bins=60 sat<0.05=0.0% mean=0.980 p10=0.979 p90=0.982
Iter 0000740: train nll 1.386, valid error 076.050%, best valid error 073.100%, avg grad norm   0.174, avg grad norm (post clip)   0.173, rho_Whh  0.95, Omega  0.00, alpha  0.000, steps in the past 0.000, valid nll 1.387
  [diag] log10|dL/dh_t| hist bins=60 range=(-12.00,-2.48) mean=-11.88 p50=-12.00 p05=-12.00 p95=-12.00
  [diag] sat-dist hist bins=60 sat<0.05=0.0% mean=0.982 p10=0.981 p90=0.983
Iter 0000760: train nll 1.387, valid error 076.050%, best valid error 073.100%, avg grad norm   0.181, avg grad norm (post clip)   0.169, rho_Whh  0.95, Omega  0.00, alpha  0.000, steps in the past 0.000, valid nll 1.387
  [diag] log10|dL/dh_t| hist bins=60 range=(-12.00,-2.48) mean=-11.88 p50=-12.00 p05=-12.00 p95=-12.00
  [diag] sat-dist hist bins=60 sat<0.05=0.0% mean=0.982 p10=0.980 p90=0.983
Iter 0000780: train nll 1.386, valid error 076.050%, best valid error 073.100%, avg grad norm   0.187, avg grad norm (post clip)   0.175, rho_Whh  0.95, Omega  0.00, alpha  0.000, steps in the past 0.000, valid nll 1.387
  [diag] log10|dL/dh_t| hist bins=60 range=(-12.00,-2.48) mean=-11.88 p50=-12.00 p05=-12.00 p95=-12.00
  [diag] sat-dist hist bins=60 sat<0.05=0.0% mean=0.982 p10=0.981 p90=0.984
Iter 0000800: train nll 1.386, valid error 075.600%, best valid error 073.100%, avg grad norm   0.208, avg grad norm (post clip)   0.183, rho_Whh  0.95, Omega  0.00, alpha  0.000, steps in the past 0.000, valid nll 1.387
  [diag] log10|dL/dh_t| hist bins=60 range=(-12.00,-2.49) mean=-11.88 p50=-12.00 p05=-12.00 p95=-12.00
  [diag] sat-dist hist bins=60 sat<0.05=0.0% mean=0.984 p10=0.983 p90=0.985
Iter 0000820: train nll 1.387, valid error 075.600%, best valid error 073.100%, avg grad norm   0.140, avg grad norm (post clip)   0.142, rho_Whh  0.95, Omega  0.00, alpha  0.000, steps in the past 0.000, valid nll 1.386
  [diag] log10|dL/dh_t| hist bins=60 range=(-12.00,-2.48) mean=-11.88 p50=-12.00 p05=-12.00 p95=-12.00
  [diag] sat-dist hist bins=60 sat<0.05=0.0% mean=0.984 p10=0.983 p90=0.985
Iter 0000840: train nll 1.386, valid error 075.600%, best valid error 073.100%, avg grad norm   0.216, avg grad norm (post clip)   0.182, rho_Whh  0.95, Omega  0.00, alpha  0.000, steps in the past 0.000, valid nll 1.387
  [diag] log10|dL/dh_t| hist bins=60 range=(-12.00,-2.48) mean=-11.88 p50=-12.00 p05=-12.00 p95=-12.00
  [diag] sat-dist hist bins=60 sat<0.05=0.0% mean=0.984 p10=0.983 p90=0.985
Iter 0000860: train nll 1.387, valid error 075.600%, best valid error 073.100%, avg grad norm   0.186, avg grad norm (post clip)   0.169, rho_Whh  0.95, Omega  0.00, alpha  0.000, steps in the past 0.000, valid nll 1.387
  [diag] log10|dL/dh_t| hist bins=60 range=(-12.00,-2.48) mean=-11.88 p50=-12.00 p05=-12.00 p95=-12.00
  [diag] sat-dist hist bins=60 sat<0.05=0.0% mean=0.985 p10=0.984 p90=0.985
Iter 0000880: train nll 1.386, valid error 075.600%, best valid error 073.100%, avg grad norm   0.176, avg grad norm (post clip)   0.170, rho_Whh  0.95, Omega  0.00, alpha  0.000, steps in the past 0.000, valid nll 1.387
  [diag] log10|dL/dh_t| hist bins=60 range=(-12.00,-2.48) mean=-11.88 p50=-12.00 p05=-12.00 p95=-12.00
  [diag] sat-dist hist bins=60 sat<0.05=0.0% mean=0.985 p10=0.984 p90=0.986
Iter 0000900: train nll 1.387, valid error 075.600%, best valid error 073.100%, avg grad norm   0.187, avg grad norm (post clip)   0.168, rho_Whh  0.95, Omega  0.00, alpha  0.000, steps in the past 0.000, valid nll 1.386
  [diag] log10|dL/dh_t| hist bins=60 range=(-12.00,-2.48) mean=-11.88 p50=-12.00 p05=-12.00 p95=-12.00
  [diag] sat-dist hist bins=60 sat<0.05=0.0% mean=0.985 p10=0.984 p90=0.985
Iter 0000920: train nll 1.386, valid error 075.600%, best valid error 073.100%, avg grad norm   0.191, avg grad norm (post clip)   0.181, rho_Whh  0.95, Omega  0.00, alpha  0.000, steps in the past 0.000, valid nll 1.386
  [diag] log10|dL/dh_t| hist bins=60 range=(-12.00,-2.48) mean=-11.88 p50=-12.00 p05=-12.00 p95=-12.00
  [diag] sat-dist hist bins=60 sat<0.05=0.0% mean=0.985 p10=0.984 p90=0.986
Iter 0000940: train nll 1.386, valid error 075.600%, best valid error 073.100%, avg grad norm   0.194, avg grad norm (post clip)   0.173, rho_Whh  0.95, Omega  0.00, alpha  0.000, steps in the past 0.000, valid nll 1.386
  [diag] log10|dL/dh_t| hist bins=60 range=(-12.00,-2.48) mean=-11.88 p50=-12.00 p05=-12.00 p95=-12.00
  [diag] sat-dist hist bins=60 sat<0.05=0.0% mean=0.985 p10=0.984 p90=0.986
Iter 0000960: train nll 1.386, valid error 075.600%, best valid error 073.100%, avg grad norm   0.162, avg grad norm (post clip)   0.154, rho_Whh  0.95, Omega  0.00, alpha  0.000, steps in the past 0.000, valid nll 1.386
  [diag] log10|dL/dh_t| hist bins=60 range=(-12.00,-2.48) mean=-11.88 p50=-12.00 p05=-12.00 p95=-12.00
  [diag] sat-dist hist bins=60 sat<0.05=0.0% mean=0.985 p10=0.984 p90=0.986
Iter 0000980: train nll 1.386, valid error 075.600%, best valid error 073.100%, avg grad norm   0.200, avg grad norm (post clip)   0.181, rho_Whh  0.95, Omega  0.00, alpha  0.000, steps in the past 0.000, valid nll 1.387
  [diag] log10|dL/dh_t| hist bins=60 range=(-12.00,-2.48) mean=-11.88 p50=-12.00 p05=-12.00 p95=-12.00
  [diag] sat-dist hist bins=60 sat<0.05=0.0% mean=0.985 p10=0.984 p90=0.986
Iter 0001000: train nll 1.386, valid error 075.600%, best valid error 073.100%, avg grad norm   0.158, avg grad norm (post clip)   0.159, rho_Whh  0.95, Omega  0.00, alpha  0.000, steps in the past 0.000, valid nll 1.386
  [diag] log10|dL/dh_t| hist bins=60 range=(-12.00,-2.48) mean=-11.88 p50=-12.00 p05=-12.00 p95=-12.00
  [diag] sat-dist hist bins=60 sat<0.05=0.0% mean=0.984 p10=0.983 p90=0.985
Iter 0001020: train nll 1.387, valid error 075.600%, best valid error 073.100%, avg grad norm   0.195, avg grad norm (post clip)   0.179, rho_Whh  0.95, Omega  0.00, alpha  0.000, steps in the past 0.000, valid nll 1.387
  [diag] log10|dL/dh_t| hist bins=60 range=(-12.00,-2.48) mean=-11.88 p50=-12.00 p05=-12.00 p95=-12.00
  [diag] sat-dist hist bins=60 sat<0.05=0.0% mean=0.983 p10=0.982 p90=0.985
Iter 0001040: train nll 1.385, valid error 075.600%, best valid error 073.100%, avg grad norm   0.161, avg grad norm (post clip)   0.158, rho_Whh  0.95, Omega  0.00, alpha  0.000, steps in the past 0.000, valid nll 1.387
  [diag] log10|dL/dh_t| hist bins=60 range=(-12.00,-2.48) mean=-11.88 p50=-12.00 p05=-12.00 p95=-12.00
  [diag] sat-dist hist bins=60 sat<0.05=0.0% mean=0.983 p10=0.982 p90=0.984
Iter 0001060: train nll 1.385, valid error 075.600%, best valid error 073.100%, avg grad norm   0.185, avg grad norm (post clip)   0.176, rho_Whh  0.95, Omega  0.00, alpha  0.000, steps in the past 0.000, valid nll 1.387
  [diag] log10|dL/dh_t| hist bins=60 range=(-12.00,-2.48) mean=-11.88 p50=-12.00 p05=-12.00 p95=-12.00
  [diag] sat-dist hist bins=60 sat<0.05=0.0% mean=0.982 p10=0.981 p90=0.983
Iter 0001080: train nll 1.386, valid error 075.600%, best valid error 073.100%, avg grad norm   0.194, avg grad norm (post clip)   0.177, rho_Whh  0.95, Omega  0.00, alpha  0.000, steps in the past 0.000, valid nll 1.387
  [diag] log10|dL/dh_t| hist bins=60 range=(-12.00,-2.48) mean=-11.88 p50=-12.00 p05=-12.00 p95=-12.00
  [diag] sat-dist hist bins=60 sat<0.05=0.0% mean=0.981 p10=0.979 p90=0.983
Iter 0001100: train nll 1.386, valid error 075.600%, best valid error 073.100%, avg grad norm   0.172, avg grad norm (post clip)   0.165, rho_Whh  0.95, Omega  0.00, alpha  0.000, steps in the past 0.000, valid nll 1.387
  [diag] log10|dL/dh_t| hist bins=60 range=(-12.00,-2.48) mean=-11.88 p50=-12.00 p05=-12.00 p95=-12.00
  [diag] sat-dist hist bins=60 sat<0.05=0.0% mean=0.981 p10=0.980 p90=0.983
Iter 0001120: train nll 1.387, valid error 075.600%, best valid error 073.100%, avg grad norm   0.175, avg grad norm (post clip)   0.165, rho_Whh  0.95, Omega  0.00, alpha  0.000, steps in the past 0.000, valid nll 1.387
  [diag] log10|dL/dh_t| hist bins=60 range=(-12.00,-2.48) mean=-11.88 p50=-12.00 p05=-12.00 p95=-12.00
  [diag] sat-dist hist bins=60 sat<0.05=0.0% mean=0.981 p10=0.980 p90=0.983
Iter 0001140: train nll 1.387, valid error 075.600%, best valid error 073.100%, avg grad norm   0.179, avg grad norm (post clip)   0.163, rho_Whh  0.95, Omega  0.00, alpha  0.000, steps in the past 0.000, valid nll 1.387
  [diag] log10|dL/dh_t| hist bins=60 range=(-12.00,-2.48) mean=-11.88 p50=-12.00 p05=-12.00 p95=-12.00
  [diag] sat-dist hist bins=60 sat<0.05=0.0% mean=0.979 p10=0.977 p90=0.981
Iter 0001160: train nll 1.383, valid error 075.600%, best valid error 073.100%, avg grad norm   0.195, avg grad norm (post clip)   0.163, rho_Whh  0.95, Omega  0.00, alpha  0.000, steps in the past 0.000, valid nll 1.387
  [diag] log10|dL/dh_t| hist bins=60 range=(-12.00,-2.48) mean=-11.88 p50=-12.00 p05=-12.00 p95=-12.00
  [diag] sat-dist hist bins=60 sat<0.05=0.0% mean=0.980 p10=0.979 p90=0.982
Iter 0001180: train nll 1.387, valid error 075.600%, best valid error 073.100%, avg grad norm   0.175, avg grad norm (post clip)   0.158, rho_Whh  0.95, Omega  0.00, alpha  0.000, steps in the past 0.000, valid nll 1.387
  [diag] log10|dL/dh_t| hist bins=60 range=(-12.00,-2.48) mean=-11.88 p50=-12.00 p05=-12.00 p95=-12.00
  [diag] sat-dist hist bins=60 sat<0.05=0.0% mean=0.982 p10=0.981 p90=0.984
Iter 0001200: train nll 1.387, valid error 075.600%, best valid error 073.100%, avg grad norm   0.185, avg grad norm (post clip)   0.172, rho_Whh  0.95, Omega  0.00, alpha  0.000, steps in the past 0.000, valid nll 1.387
  [diag] log10|dL/dh_t| hist bins=60 range=(-12.00,-2.48) mean=-11.88 p50=-12.00 p05=-12.00 p95=-12.00
  [diag] sat-dist hist bins=60 sat<0.05=0.0% mean=0.981 p10=0.980 p90=0.983
Iter 0001220: train nll 1.385, valid error 075.600%, best valid error 073.100%, avg grad norm   0.173, avg grad norm (post clip)   0.162, rho_Whh  0.95, Omega  0.00, alpha  0.000, steps in the past 0.000, valid nll 1.387
  [diag] log10|dL/dh_t| hist bins=60 range=(-12.00,-2.48) mean=-11.88 p50=-12.00 p05=-12.00 p95=-12.00
  [diag] sat-dist hist bins=60 sat<0.05=0.0% mean=0.983 p10=0.982 p90=0.984
Iter 0001240: train nll 1.388, valid error 075.600%, best valid error 073.100%, avg grad norm   0.155, avg grad norm (post clip)   0.158, rho_Whh  0.95, Omega  0.00, alpha  0.000, steps in the past 0.000, valid nll 1.387
  [diag] log10|dL/dh_t| hist bins=60 range=(-12.00,-2.48) mean=-11.88 p50=-12.00 p05=-12.00 p95=-12.00
  [diag] sat-dist hist bins=60 sat<0.05=0.0% mean=0.981 p10=0.980 p90=0.983
Iter 0001260: train nll 1.386, valid error 075.600%, best valid error 073.100%, avg grad norm   0.196, avg grad norm (post clip)   0.174, rho_Whh  0.95, Omega  0.00, alpha  0.000, steps in the past 0.000, valid nll 1.387
  [diag] log10|dL/dh_t| hist bins=60 range=(-12.00,-2.48) mean=-11.88 p50=-12.00 p05=-12.00 p95=-12.00
  [diag] sat-dist hist bins=60 sat<0.05=0.0% mean=0.984 p10=0.983 p90=0.985
Iter 0001280: train nll 1.387, valid error 075.600%, best valid error 073.100%, avg grad norm   0.194, avg grad norm (post clip)   0.180, rho_Whh  0.95, Omega  0.00, alpha  0.000, steps in the past 0.000, valid nll 1.387
  [diag] log10|dL/dh_t| hist bins=60 range=(-12.00,-2.48) mean=-11.88 p50=-12.00 p05=-12.00 p95=-12.00
  [diag] sat-dist hist bins=60 sat<0.05=0.0% mean=0.983 p10=0.982 p90=0.984
Iter 0001300: train nll 1.387, valid error 075.600%, best valid error 073.100%, avg grad norm   0.184, avg grad norm (post clip)   0.177, rho_Whh  0.95, Omega  0.00, alpha  0.000, steps in the past 0.000, valid nll 1.387
  [diag] log10|dL/dh_t| hist bins=60 range=(-12.00,-2.48) mean=-11.88 p50=-12.00 p05=-12.00 p95=-12.00
  [diag] sat-dist hist bins=60 sat<0.05=0.0% mean=0.983 p10=0.982 p90=0.984
Iter 0001320: train nll 1.386, valid error 075.600%, best valid error 073.100%, avg grad norm   0.200, avg grad norm (post clip)   0.175, rho_Whh  0.95, Omega  0.00, alpha  0.000, steps in the past 0.000, valid nll 1.387
  [diag] log10|dL/dh_t| hist bins=60 range=(-12.00,-2.48) mean=-11.88 p50=-12.00 p05=-12.00 p95=-12.00
  [diag] sat-dist hist bins=60 sat<0.05=0.0% mean=0.982 p10=0.980 p90=0.983
Iter 0001340: train nll 1.386, valid error 075.600%, best valid error 073.100%, avg grad norm   0.202, avg grad norm (post clip)   0.172, rho_Whh  0.95, Omega  0.00, alpha  0.000, steps in the past 0.000, valid nll 1.387
  [diag] log10|dL/dh_t| hist bins=60 range=(-12.00,-2.48) mean=-11.88 p50=-12.00 p05=-12.00 p95=-12.00
  [diag] sat-dist hist bins=60 sat<0.05=0.0% mean=0.980 p10=0.979 p90=0.983
Iter 0001360: train nll 1.385, valid error 075.600%, best valid error 073.100%, avg grad norm   0.214, avg grad norm (post clip)   0.192, rho_Whh  0.95, Omega  0.00, alpha  0.000, steps in the past 0.000, valid nll 1.387
  [diag] log10|dL/dh_t| hist bins=60 range=(-12.00,-2.48) mean=-11.88 p50=-12.00 p05=-12.00 p95=-12.00
  [diag] sat-dist hist bins=60 sat<0.05=0.0% mean=0.982 p10=0.981 p90=0.984
Iter 0001380: train nll 1.387, valid error 075.600%, best valid error 073.100%, avg grad norm   0.192, avg grad norm (post clip)   0.172, rho_Whh  0.95, Omega  0.00, alpha  0.000, steps in the past 0.000, valid nll 1.387
  [diag] log10|dL/dh_t| hist bins=60 range=(-12.00,-2.48) mean=-11.88 p50=-12.00 p05=-12.00 p95=-12.00
  [diag] sat-dist hist bins=60 sat<0.05=0.0% mean=0.983 p10=0.982 p90=0.984
Iter 0001400: train nll 1.387, valid error 075.600%, best valid error 073.100%, avg grad norm   0.194, avg grad norm (post clip)   0.184, rho_Whh  0.95, Omega  0.00, alpha  0.000, steps in the past 0.000, valid nll 1.387
  [diag] log10|dL/dh_t| hist bins=60 range=(-12.00,-2.48) mean=-11.88 p50=-12.00 p05=-12.00 p95=-12.00
  [diag] sat-dist hist bins=60 sat<0.05=0.0% mean=0.982 p10=0.981 p90=0.984
Iter 0001420: train nll 1.386, valid error 075.600%, best valid error 073.100%, avg grad norm   0.210, avg grad norm (post clip)   0.171, rho_Whh  0.95, Omega  0.00, alpha  0.000, steps in the past 0.000, valid nll 1.387
  [diag] log10|dL/dh_t| hist bins=60 range=(-12.00,-2.48) mean=-11.88 p50=-12.00 p05=-12.00 p95=-12.00
  [diag] sat-dist hist bins=60 sat<0.05=0.0% mean=0.983 p10=0.982 p90=0.985
Iter 0001440: train nll 1.387, valid error 075.600%, best valid error 073.100%, avg grad norm   0.182, avg grad norm (post clip)   0.161, rho_Whh  0.95, Omega  0.00, alpha  0.000, steps in the past 0.000, valid nll 1.387
  [diag] log10|dL/dh_t| hist bins=60 range=(-12.00,-2.48) mean=-11.88 p50=-12.00 p05=-12.00 p95=-12.00
  [diag] sat-dist hist bins=60 sat<0.05=0.0% mean=0.983 p10=0.982 p90=0.984
Iter 0001460: train nll 1.386, valid error 075.600%, best valid error 073.100%, avg grad norm   0.193, avg grad norm (post clip)   0.170, rho_Whh  0.95, Omega  0.00, alpha  0.000, steps in the past 0.000, valid nll 1.387
  [diag] log10|dL/dh_t| hist bins=60 range=(-12.00,-2.48) mean=-11.88 p50=-12.00 p05=-12.00 p95=-12.00
  [diag] sat-dist hist bins=60 sat<0.05=0.0% mean=0.982 p10=0.981 p90=0.984
Iter 0001480: train nll 1.387, valid error 075.600%, best valid error 073.100%, avg grad norm   0.175, avg grad norm (post clip)   0.175, rho_Whh  0.95, Omega  0.00, alpha  0.000, steps in the past 0.000, valid nll 1.387
  [diag] log10|dL/dh_t| hist bins=60 range=(-12.00,-2.48) mean=-11.88 p50=-12.00 p05=-12.00 p95=-12.00
  [diag] sat-dist hist bins=60 sat<0.05=0.0% mean=0.982 p10=0.981 p90=0.984
Iter 0001500: train nll 1.385, valid error 075.600%, best valid error 073.100%, avg grad norm   0.200, avg grad norm (post clip)   0.180, rho_Whh  0.95, Omega  0.00, alpha  0.000, steps in the past 0.000, valid nll 1.387
  [diag] log10|dL/dh_t| hist bins=60 range=(-12.00,-2.48) mean=-11.88 p50=-12.00 p05=-12.00 p95=-12.00
  [diag] sat-dist hist bins=60 sat<0.05=0.0% mean=0.982 p10=0.981 p90=0.984
Iter 0001520: train nll 1.387, valid error 075.600%, best valid error 073.100%, avg grad norm   0.202, avg grad norm (post clip)   0.182, rho_Whh  0.95, Omega  0.00, alpha  0.000, steps in the past 0.000, valid nll 1.387
  [diag] log10|dL/dh_t| hist bins=60 range=(-12.00,-2.48) mean=-11.88 p50=-12.00 p05=-12.00 p95=-12.00
  [diag] sat-dist hist bins=60 sat<0.05=0.0% mean=0.983 p10=0.982 p90=0.984
Iter 0001540: train nll 1.386, valid error 075.600%, best valid error 073.100%, avg grad norm   0.183, avg grad norm (post clip)   0.162, rho_Whh  0.95, Omega  0.00, alpha  0.000, steps in the past 0.000, valid nll 1.387
  [diag] log10|dL/dh_t| hist bins=60 range=(-12.00,-2.48) mean=-11.88 p50=-12.00 p05=-12.00 p95=-12.00
  [diag] sat-dist hist bins=60 sat<0.05=0.0% mean=0.984 p10=0.983 p90=0.985
Iter 0001560: train nll 1.386, valid error 075.600%, best valid error 073.100%, avg grad norm   0.182, avg grad norm (post clip)   0.164, rho_Whh  0.95, Omega  0.00, alpha  0.000, steps in the past 0.000, valid nll 1.387
  [diag] log10|dL/dh_t| hist bins=60 range=(-12.00,-2.48) mean=-11.88 p50=-12.00 p05=-12.00 p95=-12.00
  [diag] sat-dist hist bins=60 sat<0.05=0.0% mean=0.986 p10=0.985 p90=0.986
Iter 0001580: train nll 1.387, valid error 075.600%, best valid error 073.100%, avg grad norm   0.196, avg grad norm (post clip)   0.182, rho_Whh  0.95, Omega  0.00, alpha  0.000, steps in the past 0.000, valid nll 1.387
  [diag] log10|dL/dh_t| hist bins=60 range=(-12.00,-2.48) mean=-11.88 p50=-12.00 p05=-12.00 p95=-12.00
  [diag] sat-dist hist bins=60 sat<0.05=0.0% mean=0.986 p10=0.985 p90=0.986
Iter 0001600: train nll 1.386, valid error 075.600%, best valid error 073.100%, avg grad norm   0.200, avg grad norm (post clip)   0.173, rho_Whh  0.95, Omega  0.00, alpha  0.000, steps in the past 0.000, valid nll 1.387
  [diag] log10|dL/dh_t| hist bins=60 range=(-12.00,-2.48) mean=-11.88 p50=-12.00 p05=-12.00 p95=-12.00
  [diag] sat-dist hist bins=60 sat<0.05=0.0% mean=0.985 p10=0.983 p90=0.986
Iter 0001620: train nll 1.388, valid error 075.600%, best valid error 073.100%, avg grad norm   0.199, avg grad norm (post clip)   0.178, rho_Whh  0.95, Omega  0.00, alpha  0.000, steps in the past 0.000, valid nll 1.386
  [diag] log10|dL/dh_t| hist bins=60 range=(-12.00,-2.48) mean=-11.88 p50=-12.00 p05=-12.00 p95=-12.00
  [diag] sat-dist hist bins=60 sat<0.05=0.0% mean=0.985 p10=0.984 p90=0.986
Iter 0001640: train nll 1.387, valid error 075.600%, best valid error 073.100%, avg grad norm   0.221, avg grad norm (post clip)   0.182, rho_Whh  0.95, Omega  0.00, alpha  0.000, steps in the past 0.000, valid nll 1.386
  [diag] log10|dL/dh_t| hist bins=60 range=(-12.00,-2.48) mean=-11.88 p50=-12.00 p05=-12.00 p95=-12.00
  [diag] sat-dist hist bins=60 sat<0.05=0.0% mean=0.985 p10=0.985 p90=0.986
Iter 0001660: train nll 1.386, valid error 075.600%, best valid error 073.100%, avg grad norm   0.182, avg grad norm (post clip)   0.168, rho_Whh  0.95, Omega  0.00, alpha  0.000, steps in the past 0.000, valid nll 1.386
  [diag] log10|dL/dh_t| hist bins=60 range=(-12.00,-2.48) mean=-11.88 p50=-12.00 p05=-12.00 p95=-12.00
  [diag] sat-dist hist bins=60 sat<0.05=0.0% mean=0.984 p10=0.983 p90=0.985
Iter 0001680: train nll 1.385, valid error 075.600%, best valid error 073.100%, avg grad norm   0.167, avg grad norm (post clip)   0.159, rho_Whh  0.95, Omega  0.00, alpha  0.000, steps in the past 0.000, valid nll 1.386
  [diag] log10|dL/dh_t| hist bins=60 range=(-12.00,-2.48) mean=-11.88 p50=-12.00 p05=-12.00 p95=-12.00
  [diag] sat-dist hist bins=60 sat<0.05=0.0% mean=0.984 p10=0.983 p90=0.985
Iter 0001700: train nll 1.387, valid error 075.600%, best valid error 073.100%, avg grad norm   0.200, avg grad norm (post clip)   0.174, rho_Whh  0.95, Omega  0.00, alpha  0.000, steps in the past 0.000, valid nll 1.387
  [diag] log10|dL/dh_t| hist bins=60 range=(-12.00,-2.48) mean=-11.88 p50=-12.00 p05=-12.00 p95=-12.00
  [diag] sat-dist hist bins=60 sat<0.05=0.0% mean=0.984 p10=0.983 p90=0.985
Iter 0001720: train nll 1.386, valid error 075.600%, best valid error 073.100%, avg grad norm   0.181, avg grad norm (post clip)   0.170, rho_Whh  0.95, Omega  0.00, alpha  0.000, steps in the past 0.000, valid nll 1.387
  [diag] log10|dL/dh_t| hist bins=60 range=(-12.00,-2.48) mean=-11.88 p50=-12.00 p05=-12.00 p95=-12.00
  [diag] sat-dist hist bins=60 sat<0.05=0.0% mean=0.984 p10=0.983 p90=0.985
Iter 0001740: train nll 1.387, valid error 075.600%, best valid error 073.100%, avg grad norm   0.164, avg grad norm (post clip)   0.168, rho_Whh  0.95, Omega  0.00, alpha  0.000, steps in the past 0.000, valid nll 1.387
  [diag] log10|dL/dh_t| hist bins=60 range=(-12.00,-2.48) mean=-11.88 p50=-12.00 p05=-12.00 p95=-12.00
  [diag] sat-dist hist bins=60 sat<0.05=0.0% mean=0.984 p10=0.983 p90=0.985
Iter 0001760: train nll 1.387, valid error 075.600%, best valid error 073.100%, avg grad norm   0.197, avg grad norm (post clip)   0.174, rho_Whh  0.95, Omega  0.00, alpha  0.000, steps in the past 0.000, valid nll 1.387
  [diag] log10|dL/dh_t| hist bins=60 range=(-12.00,-2.48) mean=-11.88 p50=-12.00 p05=-12.00 p95=-12.00
  [diag] sat-dist hist bins=60 sat<0.05=0.0% mean=0.981 p10=0.980 p90=0.983
Iter 0001780: train nll 1.385, valid error 075.600%, best valid error 073.100%, avg grad norm   0.194, avg grad norm (post clip)   0.178, rho_Whh  0.95, Omega  0.00, alpha  0.000, steps in the past 0.000, valid nll 1.387
  [diag] log10|dL/dh_t| hist bins=60 range=(-12.00,-2.48) mean=-11.88 p50=-12.00 p05=-12.00 p95=-12.00
  [diag] sat-dist hist bins=60 sat<0.05=0.0% mean=0.984 p10=0.983 p90=0.985
Iter 0001800: train nll 1.387, valid error 075.600%, best valid error 073.100%, avg grad norm   0.198, avg grad norm (post clip)   0.171, rho_Whh  0.95, Omega  0.00, alpha  0.000, steps in the past 0.000, valid nll 1.386
  [diag] log10|dL/dh_t| hist bins=60 range=(-12.00,-2.48) mean=-11.88 p50=-12.00 p05=-12.00 p95=-12.00
  [diag] sat-dist hist bins=60 sat<0.05=0.0% mean=0.985 p10=0.984 p90=0.985
Iter 0001820: train nll 1.385, valid error 075.600%, best valid error 073.100%, avg grad norm   0.213, avg grad norm (post clip)   0.175, rho_Whh  0.95, Omega  0.00, alpha  0.000, steps in the past 0.000, valid nll 1.386
  [diag] log10|dL/dh_t| hist bins=60 range=(-12.00,-2.48) mean=-11.88 p50=-12.00 p05=-12.00 p95=-12.00
  [diag] sat-dist hist bins=60 sat<0.05=0.0% mean=0.985 p10=0.984 p90=0.986
Iter 0001840: train nll 1.386, valid error 075.600%, best valid error 073.100%, avg grad norm   0.190, avg grad norm (post clip)   0.179, rho_Whh  0.95, Omega  0.00, alpha  0.000, steps in the past 0.000, valid nll 1.386
  [diag] log10|dL/dh_t| hist bins=60 range=(-12.00,-2.48) mean=-11.88 p50=-12.00 p05=-12.00 p95=-12.00
  [diag] sat-dist hist bins=60 sat<0.05=0.0% mean=0.985 p10=0.985 p90=0.986
Iter 0001860: train nll 1.384, valid error 075.600%, best valid error 073.100%, avg grad norm   0.220, avg grad norm (post clip)   0.189, rho_Whh  0.95, Omega  0.00, alpha  0.000, steps in the past 0.000, valid nll 1.386
  [diag] log10|dL/dh_t| hist bins=60 range=(-12.00,-2.48) mean=-11.88 p50=-12.00 p05=-12.00 p95=-12.00
  [diag] sat-dist hist bins=60 sat<0.05=0.0% mean=0.985 p10=0.984 p90=0.986
Iter 0001880: train nll 1.388, valid error 075.600%, best valid error 073.100%, avg grad norm   0.199, avg grad norm (post clip)   0.182, rho_Whh  0.95, Omega  0.00, alpha  0.000, steps in the past 0.000, valid nll 1.386
  [diag] log10|dL/dh_t| hist bins=60 range=(-12.00,-2.48) mean=-11.88 p50=-12.00 p05=-12.00 p95=-12.00
  [diag] sat-dist hist bins=60 sat<0.05=0.0% mean=0.985 p10=0.984 p90=0.986
Iter 0001900: train nll 1.386, valid error 075.600%, best valid error 073.100%, avg grad norm   0.208, avg grad norm (post clip)   0.181, rho_Whh  0.95, Omega  0.00, alpha  0.000, steps in the past 0.000, valid nll 1.386
  [diag] log10|dL/dh_t| hist bins=60 range=(-12.00,-2.48) mean=-11.88 p50=-12.00 p05=-12.00 p95=-12.00
  [diag] sat-dist hist bins=60 sat<0.05=0.0% mean=0.980 p10=0.978 p90=0.984
Iter 0001920: train nll 1.387, valid error 072.550%, best valid error 073.100%, avg grad norm   0.262, avg grad norm (post clip)   0.199, rho_Whh  0.95, Omega  0.00, alpha  0.000, steps in the past 0.000, valid nll 1.386
  [diag] log10|dL/dh_t| hist bins=60 range=(-12.00,-2.48) mean=-11.88 p50=-12.00 p05=-12.00 p95=-12.00
  [diag] sat-dist hist bins=60 sat<0.05=0.0% mean=0.979 p10=0.976 p90=0.983
Iter 0001940: train nll 1.386, valid error 073.150%, best valid error 072.550%, avg grad norm   0.188, avg grad norm (post clip)   0.161, rho_Whh  0.95, Omega  0.00, alpha  0.000, steps in the past 0.000, valid nll 1.386
  [diag] log10|dL/dh_t| hist bins=60 range=(-12.00,-2.48) mean=-11.88 p50=-12.00 p05=-12.00 p95=-12.00
  [diag] sat-dist hist bins=60 sat<0.05=0.0% mean=0.975 p10=0.972 p90=0.982
Iter 0001960: train nll 1.387, valid error 073.500%, best valid error 072.550%, avg grad norm   0.202, avg grad norm (post clip)   0.178, rho_Whh  0.95, Omega  0.00, alpha  0.000, steps in the past 0.000, valid nll 1.386
  [diag] log10|dL/dh_t| hist bins=60 range=(-12.00,-2.47) mean=-11.88 p50=-12.00 p05=-12.00 p95=-12.00
  [diag] sat-dist hist bins=60 sat<0.05=0.0% mean=0.968 p10=0.965 p90=0.978
Iter 0001980: train nll 1.385, valid error 073.500%, best valid error 072.550%, avg grad norm   0.196, avg grad norm (post clip)   0.172, rho_Whh  0.95, Omega  0.00, alpha  0.000, steps in the past 0.000, valid nll 1.386
  [diag] log10|dL/dh_t| hist bins=60 range=(-12.00,-2.47) mean=-11.88 p50=-12.00 p05=-12.00 p95=-12.00
  [diag] sat-dist hist bins=60 sat<0.05=0.0% mean=0.966 p10=0.962 p90=0.976
Iter 0002000: train nll 1.385, valid error 073.500%, best valid error 072.550%, avg grad norm   0.218, avg grad norm (post clip)   0.176, rho_Whh  0.95, Omega  0.00, alpha  0.000, steps in the past 0.000, valid nll 1.386
  [diag] log10|dL/dh_t| hist bins=60 range=(-12.00,-2.47) mean=-11.88 p50=-12.00 p05=-12.00 p95=-12.00
  [diag] sat-dist hist bins=60 sat<0.05=0.0% mean=0.957 p10=0.952 p90=0.972
Iter 0002020: train nll 1.385, valid error 073.500%, best valid error 072.550%, avg grad norm   0.201, avg grad norm (post clip)   0.181, rho_Whh  0.95, Omega  0.00, alpha  0.000, steps in the past 0.000, valid nll 1.386
  [diag] log10|dL/dh_t| hist bins=60 range=(-12.00,-2.47) mean=-11.88 p50=-12.00 p05=-12.00 p95=-12.00
  [diag] sat-dist hist bins=60 sat<0.05=0.0% mean=0.966 p10=0.962 p90=0.977
Iter 0002040: train nll 1.387, valid error 073.500%, best valid error 072.550%, avg grad norm   0.208, avg grad norm (post clip)   0.173, rho_Whh  0.95, Omega  0.00, alpha  0.000, steps in the past 0.000, valid nll 1.386
  [diag] log10|dL/dh_t| hist bins=60 range=(-12.00,-2.47) mean=-11.88 p50=-12.00 p05=-12.00 p95=-12.00
  [diag] sat-dist hist bins=60 sat<0.05=0.0% mean=0.969 p10=0.966 p90=0.979
Iter 0002060: train nll 1.388, valid error 073.500%, best valid error 072.550%, avg grad norm   0.216, avg grad norm (post clip)   0.177, rho_Whh  0.95, Omega  0.00, alpha  0.000, steps in the past 0.000, valid nll 1.386
  [diag] log10|dL/dh_t| hist bins=60 range=(-12.00,-2.47) mean=-11.88 p50=-12.00 p05=-12.00 p95=-12.00
  [diag] sat-dist hist bins=60 sat<0.05=0.0% mean=0.971 p10=0.968 p90=0.980
Iter 0002080: train nll 1.386, valid error 073.500%, best valid error 072.550%, avg grad norm   0.178, avg grad norm (post clip)   0.166, rho_Whh  0.95, Omega  0.00, alpha  0.000, steps in the past 0.000, valid nll 1.386
  [diag] log10|dL/dh_t| hist bins=60 range=(-12.00,-2.47) mean=-11.88 p50=-12.00 p05=-12.00 p95=-12.00
  [diag] sat-dist hist bins=60 sat<0.05=0.0% mean=0.971 p10=0.967 p90=0.980
Iter 0002100: train nll 1.386, valid error 073.500%, best valid error 072.550%, avg grad norm   0.210, avg grad norm (post clip)   0.187, rho_Whh  0.95, Omega  0.00, alpha  0.000, steps in the past 0.000, valid nll 1.386
  [diag] log10|dL/dh_t| hist bins=60 range=(-12.00,-2.47) mean=-11.88 p50=-12.00 p05=-12.00 p95=-12.00
  [diag] sat-dist hist bins=60 sat<0.05=0.0% mean=0.977 p10=0.975 p90=0.983
Iter 0002120: train nll 1.387, valid error 073.350%, best valid error 072.550%, avg grad norm   0.234, avg grad norm (post clip)   0.195, rho_Whh  0.95, Omega  0.00, alpha  0.000, steps in the past 0.000, valid nll 1.386
  [diag] log10|dL/dh_t| hist bins=60 range=(-12.00,-2.47) mean=-11.88 p50=-12.00 p05=-12.00 p95=-12.00
  [diag] sat-dist hist bins=60 sat<0.05=0.0% mean=0.977 p10=0.974 p90=0.983
Iter 0002140: train nll 1.385, valid error 072.300%, best valid error 072.550%, avg grad norm   0.214, avg grad norm (post clip)   0.185, rho_Whh  0.95, Omega  0.00, alpha  0.000, steps in the past 0.000, valid nll 1.386
  [diag] log10|dL/dh_t| hist bins=60 range=(-12.00,-2.47) mean=-11.88 p50=-12.00 p05=-12.00 p95=-12.00
  [diag] sat-dist hist bins=60 sat<0.05=0.0% mean=0.985 p10=0.984 p90=0.986
Iter 0002160: train nll 1.387, valid error 075.600%, best valid error 072.300%, avg grad norm   0.222, avg grad norm (post clip)   0.186, rho_Whh  0.95, Omega  0.00, alpha  0.000, steps in the past 0.000, valid nll 1.386
  [diag] log10|dL/dh_t| hist bins=60 range=(-12.00,-2.47) mean=-11.88 p50=-12.00 p05=-12.00 p95=-12.00
  [diag] sat-dist hist bins=60 sat<0.05=0.0% mean=0.985 p10=0.984 p90=0.986
Iter 0002180: train nll 1.387, valid error 075.600%, best valid error 072.300%, avg grad norm   0.198, avg grad norm (post clip)   0.182, rho_Whh  0.95, Omega  0.00, alpha  0.000, steps in the past 0.000, valid nll 1.386
  [diag] log10|dL/dh_t| hist bins=60 range=(-12.00,-2.47) mean=-11.88 p50=-12.00 p05=-12.00 p95=-12.00
  [diag] sat-dist hist bins=60 sat<0.05=0.0% mean=0.985 p10=0.984 p90=0.986
Iter 0002200: train nll 1.386, valid error 075.600%, best valid error 072.300%, avg grad norm   0.179, avg grad norm (post clip)   0.171, rho_Whh  0.95, Omega  0.00, alpha  0.000, steps in the past 0.000, valid nll 1.386
  [diag] log10|dL/dh_t| hist bins=60 range=(-12.00,-2.47) mean=-11.88 p50=-12.00 p05=-12.00 p95=-12.00
  [diag] sat-dist hist bins=60 sat<0.05=0.0% mean=0.983 p10=0.982 p90=0.985
Iter 0002220: train nll 1.386, valid error 075.600%, best valid error 072.300%, avg grad norm   0.196, avg grad norm (post clip)   0.172, rho_Whh  0.95, Omega  0.00, alpha  0.000, steps in the past 0.000, valid nll 1.386
  [diag] log10|dL/dh_t| hist bins=60 range=(-12.00,-2.47) mean=-11.88 p50=-12.00 p05=-12.00 p95=-12.00
  [diag] sat-dist hist bins=60 sat<0.05=0.0% mean=0.984 p10=0.982 p90=0.986
Iter 0002240: train nll 1.386, valid error 075.600%, best valid error 072.300%, avg grad norm   0.193, avg grad norm (post clip)   0.171, rho_Whh  0.95, Omega  0.00, alpha  0.000, steps in the past 0.000, valid nll 1.386
  [diag] log10|dL/dh_t| hist bins=60 range=(-12.00,-2.47) mean=-11.88 p50=-12.00 p05=-12.00 p95=-12.00
  [diag] sat-dist hist bins=60 sat<0.05=0.0% mean=0.984 p10=0.983 p90=0.986
Iter 0002260: train nll 1.387, valid error 075.600%, best valid error 072.300%, avg grad norm   0.217, avg grad norm (post clip)   0.182, rho_Whh  0.95, Omega  0.00, alpha  0.000, steps in the past 0.000, valid nll 1.386
  [diag] log10|dL/dh_t| hist bins=60 range=(-12.00,-2.47) mean=-11.88 p50=-12.00 p05=-12.00 p95=-12.00
  [diag] sat-dist hist bins=60 sat<0.05=0.0% mean=0.967 p10=0.962 p90=0.980
Iter 0002280: train nll 1.386, valid error 073.750%, best valid error 072.300%, avg grad norm   0.195, avg grad norm (post clip)   0.171, rho_Whh  0.95, Omega  0.00, alpha  0.000, steps in the past 0.000, valid nll 1.386
  [diag] log10|dL/dh_t| hist bins=60 range=(-12.00,-2.46) mean=-11.88 p50=-12.00 p05=-12.00 p95=-12.00
  [diag] sat-dist hist bins=60 sat<0.05=0.0% mean=0.961 p10=0.954 p90=0.977
Iter 0002300: train nll 1.386, valid error 075.150%, best valid error 072.300%, avg grad norm   0.262, avg grad norm (post clip)   0.195, rho_Whh  0.95, Omega  0.00, alpha  0.000, steps in the past 0.000, valid nll 1.386
  [diag] log10|dL/dh_t| hist bins=60 range=(-12.00,-2.46) mean=-11.88 p50=-12.00 p05=-12.00 p95=-12.00
  [diag] sat-dist hist bins=60 sat<0.05=0.0% mean=0.951 p10=0.943 p90=0.973
Iter 0002320: train nll 1.385, valid error 073.500%, best valid error 072.300%, avg grad norm   0.272, avg grad norm (post clip)   0.197, rho_Whh  0.95, Omega  0.00, alpha  0.000, steps in the past 0.000, valid nll 1.386
  [diag] log10|dL/dh_t| hist bins=60 range=(-12.00,-2.46) mean=-11.88 p50=-12.00 p05=-12.00 p95=-12.00
  [diag] sat-dist hist bins=60 sat<0.05=0.0% mean=0.943 p10=0.933 p90=0.970
Iter 0002340: train nll 1.385, valid error 074.650%, best valid error 072.300%, avg grad norm   0.253, avg grad norm (post clip)   0.193, rho_Whh  0.95, Omega  0.00, alpha  0.000, steps in the past 0.000, valid nll 1.386
  [diag] log10|dL/dh_t| hist bins=60 range=(-12.00,-2.46) mean=-11.88 p50=-12.00 p05=-12.00 p95=-12.00
  [diag] sat-dist hist bins=60 sat<0.05=0.0% mean=0.970 p10=0.965 p90=0.982
Iter 0002360: train nll 1.387, valid error 073.350%, best valid error 072.300%, avg grad norm   0.270, avg grad norm (post clip)   0.201, rho_Whh  0.95, Omega  0.00, alpha  0.000, steps in the past 0.000, valid nll 1.386
  [diag] log10|dL/dh_t| hist bins=60 range=(-12.00,-2.46) mean=-11.88 p50=-12.00 p05=-12.00 p95=-12.00
  [diag] sat-dist hist bins=60 sat<0.05=0.0% mean=0.985 p10=0.984 p90=0.986
Iter 0002380: train nll 1.387, valid error 072.100%, best valid error 072.300%, avg grad norm   0.230, avg grad norm (post clip)   0.180, rho_Whh  0.95, Omega  0.00, alpha  0.000, steps in the past 0.000, valid nll 1.386
  [diag] log10|dL/dh_t| hist bins=60 range=(-12.00,-2.46) mean=-11.88 p50=-12.00 p05=-12.00 p95=-12.00
  [diag] sat-dist hist bins=60 sat<0.05=0.0% mean=0.978 p10=0.975 p90=0.984
Iter 0002400: train nll 1.386, valid error 074.500%, best valid error 072.100%, avg grad norm   0.284, avg grad norm (post clip)   0.199, rho_Whh  0.95, Omega  0.00, alpha  0.000, steps in the past 0.000, valid nll 1.386
  [diag] log10|dL/dh_t| hist bins=60 range=(-12.00,-2.46) mean=-11.88 p50=-12.00 p05=-12.00 p95=-12.00
  [diag] sat-dist hist bins=60 sat<0.05=0.0% mean=0.962 p10=0.953 p90=0.979
Iter 0002420: train nll 1.385, valid error 075.600%, best valid error 072.100%, avg grad norm   0.234, avg grad norm (post clip)   0.183, rho_Whh  0.96, Omega  0.00, alpha  0.000, steps in the past 0.000, valid nll 1.386
  [diag] log10|dL/dh_t| hist bins=60 range=(-12.00,-2.46) mean=-11.88 p50=-12.00 p05=-12.00 p95=-12.00
  [diag] sat-dist hist bins=60 sat<0.05=0.0% mean=0.979 p10=0.976 p90=0.985
Iter 0002440: train nll 1.385, valid error 075.600%, best valid error 072.100%, avg grad norm   0.337, avg grad norm (post clip)   0.204, rho_Whh  0.96, Omega  0.00, alpha  0.000, steps in the past 0.000, valid nll 1.385
  [diag] log10|dL/dh_t| hist bins=60 range=(-12.00,-2.45) mean=-11.88 p50=-12.00 p05=-12.00 p95=-12.00
  [diag] sat-dist hist bins=60 sat<0.05=0.0% mean=0.979 p10=0.975 p90=0.986
Iter 0002460: train nll 1.384, valid error 070.700%, best valid error 072.100%, avg grad norm   0.354, avg grad norm (post clip)   0.204, rho_Whh  0.97, Omega  0.00, alpha  0.000, steps in the past 0.000, valid nll 1.385
  [diag] log10|dL/dh_t| hist bins=60 range=(-12.00,-2.45) mean=-11.88 p50=-12.00 p05=-12.00 p95=-12.00
  [diag] sat-dist hist bins=60 sat<0.05=0.0% mean=0.944 p10=0.922 p90=0.979
Iter 0002480: train nll 1.384, valid error 073.450%, best valid error 070.700%, avg grad norm   0.398, avg grad norm (post clip)   0.205, rho_Whh  0.98, Omega  0.00, alpha  0.000, steps in the past 0.000, valid nll 1.384
  [diag] log10|dL/dh_t| hist bins=60 range=(-12.00,-2.45) mean=-11.88 p50=-12.00 p05=-12.00 p95=-12.00
  [diag] sat-dist hist bins=60 sat<0.05=0.0% mean=0.956 p10=0.935 p90=0.982
Iter 0002500: train nll 1.387, valid error 075.550%, best valid error 070.700%, avg grad norm   0.564, avg grad norm (post clip)   0.210, rho_Whh  0.99, Omega  0.00, alpha  0.000, steps in the past 0.000, valid nll 1.385
  [diag] log10|dL/dh_t| hist bins=60 range=(-12.00,-2.45) mean=-11.88 p50=-12.00 p05=-12.00 p95=-12.00
  [diag] sat-dist hist bins=60 sat<0.05=0.0% mean=0.978 p10=0.971 p90=0.986
Iter 0002520: train nll 1.384, valid error 062.100%, best valid error 070.700%, avg grad norm   0.627, avg grad norm (post clip)   0.208, rho_Whh  1.01, Omega  0.00, alpha  0.000, steps in the past 0.000, valid nll 1.382
  [diag] log10|dL/dh_t| hist bins=60 range=(-12.00,-2.44) mean=-11.88 p50=-12.00 p05=-12.00 p95=-12.00
  [diag] sat-dist hist bins=60 sat<0.05=0.0% mean=0.953 p10=0.911 p90=0.986
Iter 0002540: train nll 1.381, valid error 055.600%, best valid error 062.100%, avg grad norm   0.926, avg grad norm (post clip)   0.210, rho_Whh  1.03, Omega  0.00, alpha  0.000, steps in the past 0.000, valid nll 1.379
  [diag] log10|dL/dh_t| hist bins=60 range=(-12.00,-2.44) mean=-11.88 p50=-12.00 p05=-12.00 p95=-12.00
  [diag] sat-dist hist bins=60 sat<0.05=0.0% mean=0.947 p10=0.897 p90=0.985
Iter 0002560: train nll 1.378, valid error 073.100%, best valid error 055.600%, avg grad norm   1.597, avg grad norm (post clip)   0.211, rho_Whh  1.04, Omega  0.00, alpha  0.000, steps in the past 0.000, valid nll 1.376
  [diag] log10|dL/dh_t| hist bins=60 range=(-12.00,-2.44) mean=-11.88 p50=-12.00 p05=-12.00 p95=-12.00
  [diag] sat-dist hist bins=60 sat<0.05=0.0% mean=0.917 p10=0.837 p90=0.984
Iter 0002580: train nll 1.376, valid error 073.700%, best valid error 055.600%, avg grad norm   2.029, avg grad norm (post clip)   0.211, rho_Whh  1.05, Omega  0.00, alpha  0.000, steps in the past 0.000, valid nll 1.375
  [diag] log10|dL/dh_t| hist bins=60 range=(-12.00,-2.43) mean=-11.88 p50=-12.00 p05=-12.00 p95=-12.00
  [diag] sat-dist hist bins=60 sat<0.05=0.0% mean=0.901 p10=0.807 p90=0.986
Iter 0002600: train nll 1.366, valid error 059.500%, best valid error 055.600%, avg grad norm   3.217, avg grad norm (post clip)   0.211, rho_Whh  1.07, Omega  0.00, alpha  0.000, steps in the past 0.000, valid nll 1.370
  [diag] log10|dL/dh_t| hist bins=60 range=(-12.00,-2.43) mean=-11.88 p50=-12.00 p05=-12.00 p95=-12.00
  [diag] sat-dist hist bins=60 sat<0.05=0.0% mean=0.895 p10=0.787 p90=0.986
Iter 0002620: train nll 1.346, valid error 050.000%, best valid error 055.600%, avg grad norm   5.818, avg grad norm (post clip)   0.211, rho_Whh  1.08, Omega  0.00, alpha  0.000, steps in the past 0.000, valid nll 1.352
  [diag] log10|dL/dh_t| hist bins=60 range=(-12.00,-2.43) mean=-11.88 p50=-12.00 p05=-12.00 p95=-12.00
  [diag] sat-dist hist bins=60 sat<0.05=0.0% mean=0.888 p10=0.781 p90=0.985
Iter 0002640: train nll 1.349, valid error 053.950%, best valid error 050.000%, avg grad norm   5.336, avg grad norm (post clip)   0.211, rho_Whh  1.09, Omega  0.00, alpha  0.000, steps in the past 0.000, valid nll 1.340
  [diag] log10|dL/dh_t| hist bins=60 range=(-12.00,-2.43) mean=-11.88 p50=-12.00 p05=-12.00 p95=-12.00
  [diag] sat-dist hist bins=60 sat<0.05=0.0% mean=0.879 p10=0.761 p90=0.987
Iter 0002660: train nll 1.334, valid error 050.550%, best valid error 050.000%, avg grad norm   8.261, avg grad norm (post clip)   0.211, rho_Whh  1.11, Omega  0.00, alpha  0.000, steps in the past 0.000, valid nll 1.317
  [diag] log10|dL/dh_t| hist bins=60 range=(-12.00,-2.43) mean=-11.88 p50=-12.00 p05=-12.00 p95=-12.00
  [diag] sat-dist hist bins=60 sat<0.05=0.0% mean=0.851 p10=0.724 p90=0.987
Iter 0002680: train nll 1.323, valid error 050.450%, best valid error 050.000%, avg grad norm  11.773, avg grad norm (post clip)   0.211, rho_Whh  1.12, Omega  0.00, alpha  0.000, steps in the past 0.000, valid nll 1.293
  [diag] log10|dL/dh_t| hist bins=60 range=(-12.00,-2.42) mean=-11.88 p50=-12.00 p05=-12.00 p95=-12.00
  [diag] sat-dist hist bins=60 sat<0.05=0.0% mean=0.822 p10=0.693 p90=0.987
Iter 0002700: train nll 1.276, valid error 050.450%, best valid error 050.000%, avg grad norm   3.874, avg grad norm (post clip)   0.211, rho_Whh  1.14, Omega  0.00, alpha  0.000, steps in the past 0.000, valid nll 1.258
  [diag] log10|dL/dh_t| hist bins=60 range=(-12.00,-2.41) mean=-11.88 p50=-12.00 p05=-12.00 p95=-12.00
  [diag] sat-dist hist bins=60 sat<0.05=0.0% mean=0.796 p10=0.667 p90=0.987
Iter 0002720: train nll 1.266, valid error 050.450%, best valid error 050.000%, avg grad norm   1.948, avg grad norm (post clip)   0.211, rho_Whh  1.17, Omega  0.00, alpha  0.000, steps in the past 0.000, valid nll 1.219
  [diag] log10|dL/dh_t| hist bins=60 range=(-12.00,-2.39) mean=-11.88 p50=-12.00 p05=-12.00 p95=-12.00
  [diag] sat-dist hist bins=60 sat<0.05=0.0% mean=0.776 p10=0.643 p90=0.987
Iter 0002740: train nll 1.206, valid error 050.450%, best valid error 050.000%, avg grad norm   1.709, avg grad norm (post clip)   0.211, rho_Whh  1.19, Omega  0.00, alpha  0.000, steps in the past 0.000, valid nll 1.177
  [diag] log10|dL/dh_t| hist bins=60 range=(-12.00,-2.36) mean=-11.88 p50=-12.00 p05=-12.00 p95=-12.00
  [diag] sat-dist hist bins=60 sat<0.05=0.0% mean=0.756 p10=0.621 p90=0.987
Iter 0002760: train nll 1.160, valid error 050.500%, best valid error 050.000%, avg grad norm   1.464, avg grad norm (post clip)   0.211, rho_Whh  1.21, Omega  0.00, alpha  0.000, steps in the past 0.000, valid nll 1.131
  [diag] log10|dL/dh_t| hist bins=60 range=(-12.00,-2.29) mean=-11.88 p50=-12.00 p05=-12.00 p95=-12.00
  [diag] sat-dist hist bins=60 sat<0.05=0.0% mean=0.739 p10=0.602 p90=0.986
Iter 0002780: train nll 1.113, valid error 052.000%, best valid error 050.000%, avg grad norm   1.359, avg grad norm (post clip)   0.211, rho_Whh  1.23, Omega  0.00, alpha  0.000, steps in the past 0.000, valid nll 1.105
  [diag] log10|dL/dh_t| hist bins=60 range=(-12.00,-2.26) mean=-11.88 p50=-12.00 p05=-12.00 p95=-12.00
  [diag] sat-dist hist bins=60 sat<0.05=0.0% mean=0.722 p10=0.584 p90=0.986
Iter 0002800: train nll 1.067, valid error 052.000%, best valid error 050.000%, avg grad norm   1.377, avg grad norm (post clip)   0.211, rho_Whh  1.24, Omega  0.00, alpha  0.000, steps in the past 0.000, valid nll 1.066
  [diag] log10|dL/dh_t| hist bins=60 range=(-12.00,-2.18) mean=-11.88 p50=-12.00 p05=-12.00 p95=-12.00
  [diag] sat-dist hist bins=60 sat<0.05=0.0% mean=0.705 p10=0.568 p90=0.986
Iter 0002820: train nll 1.070, valid error 053.400%, best valid error 050.000%, avg grad norm 138.800, avg grad norm (post clip)   0.211, rho_Whh  1.26, Omega  0.00, alpha  0.000, steps in the past 0.000, valid nll 1.066
  [diag] log10|dL/dh_t| hist bins=60 range=(-12.00,-2.22) mean=-11.88 p50=-12.00 p05=-12.00 p95=-12.00
  [diag] sat-dist hist bins=60 sat<0.05=0.0% mean=0.697 p10=0.552 p90=0.986
Iter 0002840: train nll 1.022, valid error 051.000%, best valid error 050.000%, avg grad norm   1.189, avg grad norm (post clip)   0.211, rho_Whh  1.28, Omega  0.00, alpha  0.000, steps in the past 0.000, valid nll 0.988
  [diag] log10|dL/dh_t| hist bins=60 range=(-12.00,-2.31) mean=-11.88 p50=-12.00 p05=-12.00 p95=-12.00
  [diag] sat-dist hist bins=60 sat<0.05=0.0% mean=0.684 p10=0.538 p90=0.987
Iter 0002860: train nll 1.019, valid error 050.500%, best valid error 050.000%, avg grad norm   1.244, avg grad norm (post clip)   0.211, rho_Whh  1.29, Omega  0.00, alpha  0.000, steps in the past 0.000, valid nll 0.949
  [diag] log10|dL/dh_t| hist bins=60 range=(-12.00,-2.36) mean=-11.88 p50=-12.00 p05=-12.00 p95=-12.00
  [diag] sat-dist hist bins=60 sat<0.05=0.0% mean=0.674 p10=0.523 p90=0.987
Iter 0002880: train nll 0.944, valid error 050.500%, best valid error 050.000%, avg grad norm   1.127, avg grad norm (post clip)   0.211, rho_Whh  1.31, Omega  0.00, alpha  0.000, steps in the past 0.000, valid nll 0.919
  [diag] log10|dL/dh_t| hist bins=60 range=(-12.00,-2.08) mean=-11.88 p50=-12.00 p05=-12.00 p95=-12.00
  [diag] sat-dist hist bins=60 sat<0.05=0.0% mean=0.653 p10=0.514 p90=0.986
Iter 0002900: train nll 0.990, valid error 053.550%, best valid error 050.000%, avg grad norm   1.114, avg grad norm (post clip)   0.211, rho_Whh  1.32, Omega  0.00, alpha  0.000, steps in the past 0.000, valid nll 0.984
  [diag] log10|dL/dh_t| hist bins=60 range=(-12.00,-2.21) mean=-11.88 p50=-12.00 p05=-12.00 p95=-12.00
  [diag] sat-dist hist bins=60 sat<0.05=0.0% mean=0.653 p10=0.502 p90=0.987
Iter 0002920: train nll 0.931, valid error 050.850%, best valid error 050.000%, avg grad norm   1.037, avg grad norm (post clip)   0.211, rho_Whh  1.33, Omega  0.00, alpha  0.000, steps in the past 0.000, valid nll 0.892
  [diag] log10|dL/dh_t| hist bins=60 range=(-12.00,-1.98) mean=-11.87 p50=-12.00 p05=-12.00 p95=-12.00
  [diag] sat-dist hist bins=60 sat<0.05=0.0% mean=0.627 p10=0.493 p90=0.985
Iter 0002940: train nll 0.946, valid error 055.300%, best valid error 050.000%, avg grad norm   1.020, avg grad norm (post clip)   0.211, rho_Whh  1.34, Omega  0.00, alpha  0.000, steps in the past 0.000, valid nll 1.029
  [diag] log10|dL/dh_t| hist bins=60 range=(-12.00,-1.99) mean=-11.87 p50=-12.00 p05=-12.00 p95=-12.00
  [diag] sat-dist hist bins=60 sat<0.05=0.0% mean=0.627 p10=0.485 p90=0.986
Iter 0002960: train nll 0.990, valid error 050.950%, best valid error 050.000%, avg grad norm   0.908, avg grad norm (post clip)   0.211, rho_Whh  1.35, Omega  0.00, alpha  0.000, steps in the past 0.000, valid nll 0.934
  [diag] log10|dL/dh_t| hist bins=60 range=(-12.00,-2.01) mean=-11.88 p50=-12.00 p05=-12.00 p95=-12.00
  [diag] sat-dist hist bins=60 sat<0.05=0.0% mean=0.621 p10=0.478 p90=0.986
Iter 0002980: train nll 0.920, valid error 051.550%, best valid error 050.000%, avg grad norm   0.961, avg grad norm (post clip)   0.211, rho_Whh  1.36, Omega  0.00, alpha  0.000, steps in the past 0.000, valid nll 0.941
Done. solved=0 steps=2999 best_valid_error=50.0000%
