Starting to train (PyTorch).
  [diag] log10|dL/dh_t| hist bins=60 range=(-12.00,-2.48) mean=-11.88 p50=-12.00 p05=-12.00 p95=-12.00
  [diag] sat-dist hist bins=60 sat<0.05=0.0% mean=0.983 p10=0.982 p90=0.984
Iter 0000020: train nll 1.456, valid error 074.000%, best valid error 100.000%, avg grad norm   0.195, avg grad norm (post clip)   0.195, rho_Whh  0.95, Omega  0.00, alpha  0.000, steps in the past 0.000, valid nll 1.386
  [diag] log10|dL/dh_t| hist bins=60 range=(-12.00,-2.48) mean=-11.88 p50=-12.00 p05=-12.00 p95=-12.00
  [diag] sat-dist hist bins=60 sat<0.05=0.0% mean=0.984 p10=0.983 p90=0.985
Iter 0000040: train nll 1.386, valid error 073.500%, best valid error 074.000%, avg grad norm   0.181, avg grad norm (post clip)   0.191, rho_Whh  0.95, Omega  0.00, alpha  0.000, steps in the past 0.000, valid nll 1.386
  [diag] log10|dL/dh_t| hist bins=60 range=(-12.00,-2.48) mean=-11.88 p50=-12.00 p05=-12.00 p95=-12.00
  [diag] sat-dist hist bins=60 sat<0.05=0.0% mean=0.983 p10=0.982 p90=0.984
Iter 0000060: train nll 1.386, valid error 073.500%, best valid error 073.500%, avg grad norm   0.158, avg grad norm (post clip)   0.168, rho_Whh  0.95, Omega  0.00, alpha  0.000, steps in the past 0.000, valid nll 1.386
  [diag] log10|dL/dh_t| hist bins=60 range=(-12.00,-2.48) mean=-11.88 p50=-12.00 p05=-12.00 p95=-12.00
  [diag] sat-dist hist bins=60 sat<0.05=0.0% mean=0.982 p10=0.980 p90=0.983
Iter 0000080: train nll 1.386, valid error 073.500%, best valid error 073.500%, avg grad norm   0.194, avg grad norm (post clip)   0.203, rho_Whh  0.95, Omega  0.00, alpha  0.000, steps in the past 0.000, valid nll 1.386
  [diag] log10|dL/dh_t| hist bins=60 range=(-12.00,-2.49) mean=-11.88 p50=-12.00 p05=-12.00 p95=-12.00
  [diag] sat-dist hist bins=60 sat<0.05=0.0% mean=0.981 p10=0.980 p90=0.983
Iter 0000100: train nll 1.387, valid error 073.500%, best valid error 073.500%, avg grad norm   0.168, avg grad norm (post clip)   0.178, rho_Whh  0.95, Omega  0.00, alpha  0.000, steps in the past 0.000, valid nll 1.386
  [diag] log10|dL/dh_t| hist bins=60 range=(-12.00,-2.49) mean=-11.88 p50=-12.00 p05=-12.00 p95=-12.00
  [diag] sat-dist hist bins=60 sat<0.05=0.0% mean=0.982 p10=0.981 p90=0.983
Iter 0000120: train nll 1.387, valid error 073.500%, best valid error 073.500%, avg grad norm   0.181, avg grad norm (post clip)   0.190, rho_Whh  0.95, Omega  0.00, alpha  0.000, steps in the past 0.000, valid nll 1.386
  [diag] log10|dL/dh_t| hist bins=60 range=(-12.00,-2.49) mean=-11.88 p50=-12.00 p05=-12.00 p95=-12.00
  [diag] sat-dist hist bins=60 sat<0.05=0.0% mean=0.982 p10=0.981 p90=0.984
Iter 0000140: train nll 1.387, valid error 073.650%, best valid error 073.500%, avg grad norm   0.192, avg grad norm (post clip)   0.201, rho_Whh  0.95, Omega  0.00, alpha  0.000, steps in the past 0.000, valid nll 1.386
  [diag] log10|dL/dh_t| hist bins=60 range=(-12.00,-2.49) mean=-11.88 p50=-12.00 p05=-12.00 p95=-12.00
  [diag] sat-dist hist bins=60 sat<0.05=0.0% mean=0.982 p10=0.981 p90=0.984
Iter 0000160: train nll 1.386, valid error 073.500%, best valid error 073.500%, avg grad norm   0.183, avg grad norm (post clip)   0.193, rho_Whh  0.95, Omega  0.00, alpha  0.000, steps in the past 0.000, valid nll 1.386
  [diag] log10|dL/dh_t| hist bins=60 range=(-12.00,-2.49) mean=-11.88 p50=-12.00 p05=-12.00 p95=-12.00
  [diag] sat-dist hist bins=60 sat<0.05=0.0% mean=0.981 p10=0.980 p90=0.983
Iter 0000180: train nll 1.386, valid error 073.500%, best valid error 073.500%, avg grad norm   0.208, avg grad norm (post clip)   0.218, rho_Whh  0.95, Omega  0.00, alpha  0.000, steps in the past 0.000, valid nll 1.386
  [diag] log10|dL/dh_t| hist bins=60 range=(-12.00,-2.49) mean=-11.88 p50=-12.00 p05=-12.00 p95=-12.00
  [diag] sat-dist hist bins=60 sat<0.05=0.0% mean=0.979 p10=0.977 p90=0.981
Iter 0000200: train nll 1.385, valid error 073.500%, best valid error 073.500%, avg grad norm   0.170, avg grad norm (post clip)   0.181, rho_Whh  0.95, Omega  0.00, alpha  0.000, steps in the past 0.000, valid nll 1.386
  [diag] log10|dL/dh_t| hist bins=60 range=(-12.00,-2.48) mean=-11.88 p50=-12.00 p05=-12.00 p95=-12.00
  [diag] sat-dist hist bins=60 sat<0.05=0.0% mean=0.978 p10=0.977 p90=0.981
Iter 0000220: train nll 1.387, valid error 073.500%, best valid error 073.500%, avg grad norm   0.196, avg grad norm (post clip)   0.205, rho_Whh  0.95, Omega  0.00, alpha  0.000, steps in the past 0.000, valid nll 1.386
  [diag] log10|dL/dh_t| hist bins=60 range=(-12.00,-2.48) mean=-11.88 p50=-12.00 p05=-12.00 p95=-12.00
  [diag] sat-dist hist bins=60 sat<0.05=0.0% mean=0.978 p10=0.977 p90=0.981
Iter 0000240: train nll 1.387, valid error 073.500%, best valid error 073.500%, avg grad norm   0.183, avg grad norm (post clip)   0.193, rho_Whh  0.95, Omega  0.00, alpha  0.000, steps in the past 0.000, valid nll 1.386
  [diag] log10|dL/dh_t| hist bins=60 range=(-12.00,-2.48) mean=-11.88 p50=-12.00 p05=-12.00 p95=-12.00
  [diag] sat-dist hist bins=60 sat<0.05=0.0% mean=0.979 p10=0.977 p90=0.981
Iter 0000260: train nll 1.387, valid error 073.500%, best valid error 073.500%, avg grad norm   0.184, avg grad norm (post clip)   0.194, rho_Whh  0.95, Omega  0.00, alpha  0.000, steps in the past 0.000, valid nll 1.386
  [diag] log10|dL/dh_t| hist bins=60 range=(-12.00,-2.48) mean=-11.88 p50=-12.00 p05=-12.00 p95=-12.00
  [diag] sat-dist hist bins=60 sat<0.05=0.0% mean=0.981 p10=0.980 p90=0.983
Iter 0000280: train nll 1.387, valid error 073.550%, best valid error 073.500%, avg grad norm   0.165, avg grad norm (post clip)   0.175, rho_Whh  0.95, Omega  0.00, alpha  0.000, steps in the past 0.000, valid nll 1.386
  [diag] log10|dL/dh_t| hist bins=60 range=(-12.00,-2.49) mean=-11.88 p50=-12.00 p05=-12.00 p95=-12.00
  [diag] sat-dist hist bins=60 sat<0.05=0.0% mean=0.982 p10=0.981 p90=0.984
Iter 0000300: train nll 1.387, valid error 073.500%, best valid error 073.500%, avg grad norm   0.210, avg grad norm (post clip)   0.218, rho_Whh  0.95, Omega  0.00, alpha  0.000, steps in the past 0.000, valid nll 1.386
  [diag] log10|dL/dh_t| hist bins=60 range=(-12.00,-2.49) mean=-11.88 p50=-12.00 p05=-12.00 p95=-12.00
  [diag] sat-dist hist bins=60 sat<0.05=0.0% mean=0.981 p10=0.979 p90=0.983
Iter 0000320: train nll 1.386, valid error 073.500%, best valid error 073.500%, avg grad norm   0.178, avg grad norm (post clip)   0.189, rho_Whh  0.95, Omega  0.00, alpha  0.000, steps in the past 0.000, valid nll 1.386
  [diag] log10|dL/dh_t| hist bins=60 range=(-12.00,-2.49) mean=-11.88 p50=-12.00 p05=-12.00 p95=-12.00
  [diag] sat-dist hist bins=60 sat<0.05=0.0% mean=0.981 p10=0.980 p90=0.983
Iter 0000340: train nll 1.387, valid error 073.500%, best valid error 073.500%, avg grad norm   0.175, avg grad norm (post clip)   0.185, rho_Whh  0.95, Omega  0.00, alpha  0.000, steps in the past 0.000, valid nll 1.386
  [diag] log10|dL/dh_t| hist bins=60 range=(-12.00,-2.49) mean=-11.88 p50=-12.00 p05=-12.00 p95=-12.00
  [diag] sat-dist hist bins=60 sat<0.05=0.0% mean=0.982 p10=0.980 p90=0.983
Iter 0000360: train nll 1.386, valid error 073.500%, best valid error 073.500%, avg grad norm   0.182, avg grad norm (post clip)   0.191, rho_Whh  0.95, Omega  0.00, alpha  0.000, steps in the past 0.000, valid nll 1.386
  [diag] log10|dL/dh_t| hist bins=60 range=(-12.00,-2.49) mean=-11.88 p50=-12.00 p05=-12.00 p95=-12.00
  [diag] sat-dist hist bins=60 sat<0.05=0.0% mean=0.983 p10=0.982 p90=0.984
Iter 0000380: train nll 1.387, valid error 073.500%, best valid error 073.500%, avg grad norm   0.175, avg grad norm (post clip)   0.184, rho_Whh  0.95, Omega  0.00, alpha  0.000, steps in the past 0.000, valid nll 1.386
  [diag] log10|dL/dh_t| hist bins=60 range=(-12.00,-2.49) mean=-11.88 p50=-12.00 p05=-12.00 p95=-12.00
  [diag] sat-dist hist bins=60 sat<0.05=0.0% mean=0.984 p10=0.983 p90=0.985
Iter 0000400: train nll 1.386, valid error 074.900%, best valid error 073.500%, avg grad norm   0.185, avg grad norm (post clip)   0.194, rho_Whh  0.95, Omega  0.00, alpha  0.000, steps in the past 0.000, valid nll 1.386
  [diag] log10|dL/dh_t| hist bins=60 range=(-12.00,-2.48) mean=-11.88 p50=-12.00 p05=-12.00 p95=-12.00
  [diag] sat-dist hist bins=60 sat<0.05=0.0% mean=0.985 p10=0.984 p90=0.986
Iter 0000420: train nll 1.387, valid error 075.600%, best valid error 073.500%, avg grad norm   0.190, avg grad norm (post clip)   0.200, rho_Whh  0.95, Omega  0.00, alpha  0.000, steps in the past 0.000, valid nll 1.386
  [diag] log10|dL/dh_t| hist bins=60 range=(-12.00,-2.49) mean=-11.88 p50=-12.00 p05=-12.00 p95=-12.00
  [diag] sat-dist hist bins=60 sat<0.05=0.0% mean=0.985 p10=0.984 p90=0.986
Iter 0000440: train nll 1.386, valid error 075.600%, best valid error 073.500%, avg grad norm   0.179, avg grad norm (post clip)   0.189, rho_Whh  0.95, Omega  0.00, alpha  0.000, steps in the past 0.000, valid nll 1.386
  [diag] log10|dL/dh_t| hist bins=60 range=(-12.00,-2.49) mean=-11.88 p50=-12.00 p05=-12.00 p95=-12.00
  [diag] sat-dist hist bins=60 sat<0.05=0.0% mean=0.985 p10=0.984 p90=0.986
Iter 0000460: train nll 1.386, valid error 075.600%, best valid error 073.500%, avg grad norm   0.172, avg grad norm (post clip)   0.181, rho_Whh  0.95, Omega  0.00, alpha  0.000, steps in the past 0.000, valid nll 1.386
  [diag] log10|dL/dh_t| hist bins=60 range=(-12.00,-2.49) mean=-11.88 p50=-12.00 p05=-12.00 p95=-12.00
  [diag] sat-dist hist bins=60 sat<0.05=0.0% mean=0.985 p10=0.984 p90=0.986
Iter 0000480: train nll 1.387, valid error 075.600%, best valid error 073.500%, avg grad norm   0.178, avg grad norm (post clip)   0.187, rho_Whh  0.95, Omega  0.00, alpha  0.000, steps in the past 0.000, valid nll 1.386
  [diag] log10|dL/dh_t| hist bins=60 range=(-12.00,-2.49) mean=-11.88 p50=-12.00 p05=-12.00 p95=-12.00
  [diag] sat-dist hist bins=60 sat<0.05=0.0% mean=0.986 p10=0.985 p90=0.986
Iter 0000500: train nll 1.386, valid error 076.700%, best valid error 073.500%, avg grad norm   0.181, avg grad norm (post clip)   0.191, rho_Whh  0.95, Omega  0.00, alpha  0.000, steps in the past 0.000, valid nll 1.386
  [diag] log10|dL/dh_t| hist bins=60 range=(-12.00,-2.49) mean=-11.88 p50=-12.00 p05=-12.00 p95=-12.00
  [diag] sat-dist hist bins=60 sat<0.05=0.0% mean=0.985 p10=0.984 p90=0.986
Iter 0000520: train nll 1.387, valid error 074.900%, best valid error 073.500%, avg grad norm   0.196, avg grad norm (post clip)   0.206, rho_Whh  0.95, Omega  0.00, alpha  0.000, steps in the past 0.000, valid nll 1.386
  [diag] log10|dL/dh_t| hist bins=60 range=(-12.00,-2.49) mean=-11.88 p50=-12.00 p05=-12.00 p95=-12.00
  [diag] sat-dist hist bins=60 sat<0.05=0.0% mean=0.984 p10=0.984 p90=0.985
Iter 0000540: train nll 1.386, valid error 075.350%, best valid error 073.500%, avg grad norm   0.192, avg grad norm (post clip)   0.202, rho_Whh  0.95, Omega  0.00, alpha  0.000, steps in the past 0.000, valid nll 1.386
  [diag] log10|dL/dh_t| hist bins=60 range=(-12.00,-2.49) mean=-11.88 p50=-12.00 p05=-12.00 p95=-12.00
  [diag] sat-dist hist bins=60 sat<0.05=0.0% mean=0.984 p10=0.983 p90=0.985
Iter 0000560: train nll 1.387, valid error 076.050%, best valid error 073.500%, avg grad norm   0.201, avg grad norm (post clip)   0.212, rho_Whh  0.95, Omega  0.00, alpha  0.000, steps in the past 0.000, valid nll 1.386
  [diag] log10|dL/dh_t| hist bins=60 range=(-12.00,-2.49) mean=-11.88 p50=-12.00 p05=-12.00 p95=-12.00
  [diag] sat-dist hist bins=60 sat<0.05=0.0% mean=0.985 p10=0.984 p90=0.986
Iter 0000580: train nll 1.387, valid error 074.850%, best valid error 073.500%, avg grad norm   0.204, avg grad norm (post clip)   0.214, rho_Whh  0.95, Omega  0.00, alpha  0.000, steps in the past 0.000, valid nll 1.386
  [diag] log10|dL/dh_t| hist bins=60 range=(-12.00,-2.49) mean=-11.88 p50=-12.00 p05=-12.00 p95=-12.00
  [diag] sat-dist hist bins=60 sat<0.05=0.0% mean=0.984 p10=0.984 p90=0.985
Iter 0000600: train nll 1.386, valid error 073.500%, best valid error 073.500%, avg grad norm   0.171, avg grad norm (post clip)   0.181, rho_Whh  0.95, Omega  0.00, alpha  0.000, steps in the past 0.000, valid nll 1.386
  [diag] log10|dL/dh_t| hist bins=60 range=(-12.00,-2.49) mean=-11.88 p50=-12.00 p05=-12.00 p95=-12.00
  [diag] sat-dist hist bins=60 sat<0.05=0.0% mean=0.983 p10=0.982 p90=0.984
Iter 0000620: train nll 1.386, valid error 076.250%, best valid error 073.500%, avg grad norm   0.180, avg grad norm (post clip)   0.189, rho_Whh  0.95, Omega  0.00, alpha  0.000, steps in the past 0.000, valid nll 1.386
  [diag] log10|dL/dh_t| hist bins=60 range=(-12.00,-2.49) mean=-11.88 p50=-12.00 p05=-12.00 p95=-12.00
  [diag] sat-dist hist bins=60 sat<0.05=0.0% mean=0.983 p10=0.982 p90=0.985
Iter 0000640: train nll 1.386, valid error 074.950%, best valid error 073.500%, avg grad norm   0.180, avg grad norm (post clip)   0.189, rho_Whh  0.95, Omega  0.00, alpha  0.000, steps in the past 0.000, valid nll 1.386
  [diag] log10|dL/dh_t| hist bins=60 range=(-12.00,-2.49) mean=-11.88 p50=-12.00 p05=-12.00 p95=-12.00
  [diag] sat-dist hist bins=60 sat<0.05=0.0% mean=0.983 p10=0.982 p90=0.984
Iter 0000660: train nll 1.386, valid error 076.050%, best valid error 073.500%, avg grad norm   0.195, avg grad norm (post clip)   0.205, rho_Whh  0.95, Omega  0.00, alpha  0.000, steps in the past 0.000, valid nll 1.387
  [diag] log10|dL/dh_t| hist bins=60 range=(-12.00,-2.48) mean=-11.88 p50=-12.00 p05=-12.00 p95=-12.00
  [diag] sat-dist hist bins=60 sat<0.05=0.0% mean=0.983 p10=0.982 p90=0.984
Iter 0000680: train nll 1.386, valid error 076.050%, best valid error 073.500%, avg grad norm   0.176, avg grad norm (post clip)   0.186, rho_Whh  0.95, Omega  0.00, alpha  0.000, steps in the past 0.000, valid nll 1.387
  [diag] log10|dL/dh_t| hist bins=60 range=(-12.00,-2.49) mean=-11.88 p50=-12.00 p05=-12.00 p95=-12.00
  [diag] sat-dist hist bins=60 sat<0.05=0.0% mean=0.983 p10=0.982 p90=0.984
Iter 0000700: train nll 1.386, valid error 075.800%, best valid error 073.500%, avg grad norm   0.195, avg grad norm (post clip)   0.204, rho_Whh  0.95, Omega  0.00, alpha  0.000, steps in the past 0.000, valid nll 1.387
  [diag] log10|dL/dh_t| hist bins=60 range=(-12.00,-2.49) mean=-11.88 p50=-12.00 p05=-12.00 p95=-12.00
  [diag] sat-dist hist bins=60 sat<0.05=0.0% mean=0.981 p10=0.979 p90=0.983
Iter 0000720: train nll 1.386, valid error 076.050%, best valid error 073.500%, avg grad norm   0.180, avg grad norm (post clip)   0.191, rho_Whh  0.95, Omega  0.00, alpha  0.000, steps in the past 0.000, valid nll 1.387
  [diag] log10|dL/dh_t| hist bins=60 range=(-12.00,-2.48) mean=-11.88 p50=-12.00 p05=-12.00 p95=-12.00
  [diag] sat-dist hist bins=60 sat<0.05=0.0% mean=0.981 p10=0.980 p90=0.983
Iter 0000740: train nll 1.386, valid error 076.050%, best valid error 073.500%, avg grad norm   0.173, avg grad norm (post clip)   0.183, rho_Whh  0.95, Omega  0.00, alpha  0.000, steps in the past 0.000, valid nll 1.387
  [diag] log10|dL/dh_t| hist bins=60 range=(-12.00,-2.49) mean=-11.88 p50=-12.00 p05=-12.00 p95=-12.00
  [diag] sat-dist hist bins=60 sat<0.05=0.0% mean=0.983 p10=0.982 p90=0.984
Iter 0000760: train nll 1.387, valid error 076.200%, best valid error 073.500%, avg grad norm   0.180, avg grad norm (post clip)   0.190, rho_Whh  0.95, Omega  0.00, alpha  0.000, steps in the past 0.000, valid nll 1.387
  [diag] log10|dL/dh_t| hist bins=60 range=(-12.00,-2.49) mean=-11.88 p50=-12.00 p05=-12.00 p95=-12.00
  [diag] sat-dist hist bins=60 sat<0.05=0.0% mean=0.982 p10=0.981 p90=0.984
Iter 0000780: train nll 1.386, valid error 075.600%, best valid error 073.500%, avg grad norm   0.186, avg grad norm (post clip)   0.195, rho_Whh  0.95, Omega  0.00, alpha  0.000, steps in the past 0.000, valid nll 1.387
  [diag] log10|dL/dh_t| hist bins=60 range=(-12.00,-2.49) mean=-11.88 p50=-12.00 p05=-12.00 p95=-12.00
  [diag] sat-dist hist bins=60 sat<0.05=0.0% mean=0.983 p10=0.982 p90=0.984
Iter 0000800: train nll 1.386, valid error 075.600%, best valid error 073.500%, avg grad norm   0.207, avg grad norm (post clip)   0.217, rho_Whh  0.95, Omega  0.00, alpha  0.000, steps in the past 0.000, valid nll 1.387
  [diag] log10|dL/dh_t| hist bins=60 range=(-12.00,-2.49) mean=-11.88 p50=-12.00 p05=-12.00 p95=-12.00
  [diag] sat-dist hist bins=60 sat<0.05=0.0% mean=0.984 p10=0.983 p90=0.985
Iter 0000820: train nll 1.387, valid error 075.600%, best valid error 073.500%, avg grad norm   0.140, avg grad norm (post clip)   0.151, rho_Whh  0.95, Omega  0.00, alpha  0.000, steps in the past 0.000, valid nll 1.386
  [diag] log10|dL/dh_t| hist bins=60 range=(-12.00,-2.49) mean=-11.88 p50=-12.00 p05=-12.00 p95=-12.00
  [diag] sat-dist hist bins=60 sat<0.05=0.0% mean=0.984 p10=0.983 p90=0.985
Iter 0000840: train nll 1.386, valid error 075.600%, best valid error 073.500%, avg grad norm   0.216, avg grad norm (post clip)   0.224, rho_Whh  0.95, Omega  0.00, alpha  0.000, steps in the past 0.000, valid nll 1.387
  [diag] log10|dL/dh_t| hist bins=60 range=(-12.00,-2.49) mean=-11.88 p50=-12.00 p05=-12.00 p95=-12.00
  [diag] sat-dist hist bins=60 sat<0.05=0.0% mean=0.984 p10=0.983 p90=0.985
Iter 0000860: train nll 1.387, valid error 075.600%, best valid error 073.500%, avg grad norm   0.186, avg grad norm (post clip)   0.198, rho_Whh  0.95, Omega  0.00, alpha  0.000, steps in the past 0.000, valid nll 1.387
  [diag] log10|dL/dh_t| hist bins=60 range=(-12.00,-2.48) mean=-11.88 p50=-12.00 p05=-12.00 p95=-12.00
  [diag] sat-dist hist bins=60 sat<0.05=0.0% mean=0.985 p10=0.984 p90=0.986
Iter 0000880: train nll 1.386, valid error 075.600%, best valid error 073.500%, avg grad norm   0.176, avg grad norm (post clip)   0.186, rho_Whh  0.95, Omega  0.00, alpha  0.000, steps in the past 0.000, valid nll 1.387
  [diag] log10|dL/dh_t| hist bins=60 range=(-12.00,-2.48) mean=-11.88 p50=-12.00 p05=-12.00 p95=-12.00
  [diag] sat-dist hist bins=60 sat<0.05=0.0% mean=0.985 p10=0.985 p90=0.986
Iter 0000900: train nll 1.387, valid error 075.600%, best valid error 073.500%, avg grad norm   0.188, avg grad norm (post clip)   0.197, rho_Whh  0.95, Omega  0.00, alpha  0.000, steps in the past 0.000, valid nll 1.387
  [diag] log10|dL/dh_t| hist bins=60 range=(-12.00,-2.48) mean=-11.88 p50=-12.00 p05=-12.00 p95=-12.00
  [diag] sat-dist hist bins=60 sat<0.05=0.0% mean=0.985 p10=0.984 p90=0.986
Iter 0000920: train nll 1.387, valid error 075.600%, best valid error 073.500%, avg grad norm   0.192, avg grad norm (post clip)   0.201, rho_Whh  0.95, Omega  0.00, alpha  0.000, steps in the past 0.000, valid nll 1.386
  [diag] log10|dL/dh_t| hist bins=60 range=(-12.00,-2.48) mean=-11.88 p50=-12.00 p05=-12.00 p95=-12.00
  [diag] sat-dist hist bins=60 sat<0.05=0.0% mean=0.985 p10=0.984 p90=0.986
Iter 0000940: train nll 1.385, valid error 075.600%, best valid error 073.500%, avg grad norm   0.193, avg grad norm (post clip)   0.203, rho_Whh  0.95, Omega  0.00, alpha  0.000, steps in the past 0.000, valid nll 1.386
  [diag] log10|dL/dh_t| hist bins=60 range=(-12.00,-2.48) mean=-11.88 p50=-12.00 p05=-12.00 p95=-12.00
  [diag] sat-dist hist bins=60 sat<0.05=0.0% mean=0.985 p10=0.984 p90=0.986
Iter 0000960: train nll 1.386, valid error 075.600%, best valid error 073.500%, avg grad norm   0.162, avg grad norm (post clip)   0.172, rho_Whh  0.95, Omega  0.00, alpha  0.000, steps in the past 0.000, valid nll 1.386
  [diag] log10|dL/dh_t| hist bins=60 range=(-12.00,-2.48) mean=-11.88 p50=-12.00 p05=-12.00 p95=-12.00
  [diag] sat-dist hist bins=60 sat<0.05=0.0% mean=0.985 p10=0.984 p90=0.985
Iter 0000980: train nll 1.385, valid error 075.600%, best valid error 073.500%, avg grad norm   0.199, avg grad norm (post clip)   0.208, rho_Whh  0.95, Omega  0.00, alpha  0.000, steps in the past 0.000, valid nll 1.387
  [diag] log10|dL/dh_t| hist bins=60 range=(-12.00,-2.48) mean=-11.88 p50=-12.00 p05=-12.00 p95=-12.00
  [diag] sat-dist hist bins=60 sat<0.05=0.0% mean=0.985 p10=0.984 p90=0.986
Iter 0001000: train nll 1.386, valid error 075.600%, best valid error 073.500%, avg grad norm   0.159, avg grad norm (post clip)   0.169, rho_Whh  0.95, Omega  0.00, alpha  0.000, steps in the past 0.000, valid nll 1.387
  [diag] log10|dL/dh_t| hist bins=60 range=(-12.00,-2.48) mean=-11.88 p50=-12.00 p05=-12.00 p95=-12.00
  [diag] sat-dist hist bins=60 sat<0.05=0.0% mean=0.983 p10=0.982 p90=0.984
Iter 0001020: train nll 1.388, valid error 075.600%, best valid error 073.500%, avg grad norm   0.195, avg grad norm (post clip)   0.204, rho_Whh  0.95, Omega  0.00, alpha  0.000, steps in the past 0.000, valid nll 1.387
  [diag] log10|dL/dh_t| hist bins=60 range=(-12.00,-2.48) mean=-11.88 p50=-12.00 p05=-12.00 p95=-12.00
  [diag] sat-dist hist bins=60 sat<0.05=0.0% mean=0.983 p10=0.982 p90=0.984
Iter 0001040: train nll 1.385, valid error 075.600%, best valid error 073.500%, avg grad norm   0.160, avg grad norm (post clip)   0.171, rho_Whh  0.95, Omega  0.00, alpha  0.000, steps in the past 0.000, valid nll 1.387
  [diag] log10|dL/dh_t| hist bins=60 range=(-12.00,-2.48) mean=-11.88 p50=-12.00 p05=-12.00 p95=-12.00
  [diag] sat-dist hist bins=60 sat<0.05=0.0% mean=0.982 p10=0.981 p90=0.983
Iter 0001060: train nll 1.385, valid error 075.600%, best valid error 073.500%, avg grad norm   0.185, avg grad norm (post clip)   0.194, rho_Whh  0.95, Omega  0.00, alpha  0.000, steps in the past 0.000, valid nll 1.387
  [diag] log10|dL/dh_t| hist bins=60 range=(-12.00,-2.48) mean=-11.88 p50=-12.00 p05=-12.00 p95=-12.00
  [diag] sat-dist hist bins=60 sat<0.05=0.0% mean=0.981 p10=0.980 p90=0.983
Iter 0001080: train nll 1.385, valid error 075.600%, best valid error 073.500%, avg grad norm   0.195, avg grad norm (post clip)   0.204, rho_Whh  0.95, Omega  0.00, alpha  0.000, steps in the past 0.000, valid nll 1.387
  [diag] log10|dL/dh_t| hist bins=60 range=(-12.00,-2.48) mean=-11.88 p50=-12.00 p05=-12.00 p95=-12.00
  [diag] sat-dist hist bins=60 sat<0.05=0.0% mean=0.979 p10=0.978 p90=0.982
Iter 0001100: train nll 1.386, valid error 075.600%, best valid error 073.500%, avg grad norm   0.173, avg grad norm (post clip)   0.183, rho_Whh  0.95, Omega  0.00, alpha  0.000, steps in the past 0.000, valid nll 1.387
  [diag] log10|dL/dh_t| hist bins=60 range=(-12.00,-2.48) mean=-11.88 p50=-12.00 p05=-12.00 p95=-12.00
  [diag] sat-dist hist bins=60 sat<0.05=0.0% mean=0.980 p10=0.979 p90=0.982
Iter 0001120: train nll 1.387, valid error 075.600%, best valid error 073.500%, avg grad norm   0.176, avg grad norm (post clip)   0.186, rho_Whh  0.95, Omega  0.00, alpha  0.000, steps in the past 0.000, valid nll 1.387
  [diag] log10|dL/dh_t| hist bins=60 range=(-12.00,-2.48) mean=-11.88 p50=-12.00 p05=-12.00 p95=-12.00
  [diag] sat-dist hist bins=60 sat<0.05=0.0% mean=0.980 p10=0.979 p90=0.983
Iter 0001140: train nll 1.387, valid error 075.600%, best valid error 073.500%, avg grad norm   0.180, avg grad norm (post clip)   0.189, rho_Whh  0.95, Omega  0.00, alpha  0.000, steps in the past 0.000, valid nll 1.387
  [diag] log10|dL/dh_t| hist bins=60 range=(-12.00,-2.48) mean=-11.88 p50=-12.00 p05=-12.00 p95=-12.00
  [diag] sat-dist hist bins=60 sat<0.05=0.0% mean=0.976 p10=0.975 p90=0.980
Iter 0001160: train nll 1.383, valid error 075.600%, best valid error 073.500%, avg grad norm   0.195, avg grad norm (post clip)   0.205, rho_Whh  0.95, Omega  0.00, alpha  0.000, steps in the past 0.000, valid nll 1.387
  [diag] log10|dL/dh_t| hist bins=60 range=(-12.00,-2.48) mean=-11.88 p50=-12.00 p05=-12.00 p95=-12.00
  [diag] sat-dist hist bins=60 sat<0.05=0.0% mean=0.978 p10=0.976 p90=0.981
Iter 0001180: train nll 1.387, valid error 075.600%, best valid error 073.500%, avg grad norm   0.176, avg grad norm (post clip)   0.187, rho_Whh  0.95, Omega  0.00, alpha  0.000, steps in the past 0.000, valid nll 1.387
  [diag] log10|dL/dh_t| hist bins=60 range=(-12.00,-2.48) mean=-11.88 p50=-12.00 p05=-12.00 p95=-12.00
  [diag] sat-dist hist bins=60 sat<0.05=0.0% mean=0.980 p10=0.978 p90=0.982
Iter 0001200: train nll 1.387, valid error 075.600%, best valid error 073.500%, avg grad norm   0.186, avg grad norm (post clip)   0.196, rho_Whh  0.95, Omega  0.00, alpha  0.000, steps in the past 0.000, valid nll 1.387
  [diag] log10|dL/dh_t| hist bins=60 range=(-12.00,-2.48) mean=-11.88 p50=-12.00 p05=-12.00 p95=-12.00
  [diag] sat-dist hist bins=60 sat<0.05=0.0% mean=0.978 p10=0.977 p90=0.981
Iter 0001220: train nll 1.384, valid error 075.600%, best valid error 073.500%, avg grad norm   0.175, avg grad norm (post clip)   0.185, rho_Whh  0.95, Omega  0.00, alpha  0.000, steps in the past 0.000, valid nll 1.387
  [diag] log10|dL/dh_t| hist bins=60 range=(-12.00,-2.48) mean=-11.88 p50=-12.00 p05=-12.00 p95=-12.00
  [diag] sat-dist hist bins=60 sat<0.05=0.0% mean=0.981 p10=0.980 p90=0.983
Iter 0001240: train nll 1.389, valid error 075.600%, best valid error 073.500%, avg grad norm   0.157, avg grad norm (post clip)   0.167, rho_Whh  0.95, Omega  0.00, alpha  0.000, steps in the past 0.000, valid nll 1.387
  [diag] log10|dL/dh_t| hist bins=60 range=(-12.00,-2.48) mean=-11.88 p50=-12.00 p05=-12.00 p95=-12.00
  [diag] sat-dist hist bins=60 sat<0.05=0.0% mean=0.979 p10=0.977 p90=0.981
Iter 0001260: train nll 1.386, valid error 075.600%, best valid error 073.500%, avg grad norm   0.197, avg grad norm (post clip)   0.206, rho_Whh  0.95, Omega  0.00, alpha  0.000, steps in the past 0.000, valid nll 1.387
  [diag] log10|dL/dh_t| hist bins=60 range=(-12.00,-2.48) mean=-11.88 p50=-12.00 p05=-12.00 p95=-12.00
  [diag] sat-dist hist bins=60 sat<0.05=0.0% mean=0.983 p10=0.982 p90=0.985
Iter 0001280: train nll 1.388, valid error 075.600%, best valid error 073.500%, avg grad norm   0.195, avg grad norm (post clip)   0.205, rho_Whh  0.95, Omega  0.00, alpha  0.000, steps in the past 0.000, valid nll 1.387
  [diag] log10|dL/dh_t| hist bins=60 range=(-12.00,-2.48) mean=-11.88 p50=-12.00 p05=-12.00 p95=-12.00
  [diag] sat-dist hist bins=60 sat<0.05=0.0% mean=0.983 p10=0.982 p90=0.984
Iter 0001300: train nll 1.387, valid error 075.600%, best valid error 073.500%, avg grad norm   0.184, avg grad norm (post clip)   0.195, rho_Whh  0.95, Omega  0.00, alpha  0.000, steps in the past 0.000, valid nll 1.387
  [diag] log10|dL/dh_t| hist bins=60 range=(-12.00,-2.48) mean=-11.88 p50=-12.00 p05=-12.00 p95=-12.00
  [diag] sat-dist hist bins=60 sat<0.05=0.0% mean=0.983 p10=0.982 p90=0.984
Iter 0001320: train nll 1.386, valid error 075.600%, best valid error 073.500%, avg grad norm   0.200, avg grad norm (post clip)   0.210, rho_Whh  0.95, Omega  0.00, alpha  0.000, steps in the past 0.000, valid nll 1.387
  [diag] log10|dL/dh_t| hist bins=60 range=(-12.00,-2.48) mean=-11.88 p50=-12.00 p05=-12.00 p95=-12.00
  [diag] sat-dist hist bins=60 sat<0.05=0.0% mean=0.981 p10=0.980 p90=0.983
Iter 0001340: train nll 1.385, valid error 075.600%, best valid error 073.500%, avg grad norm   0.202, avg grad norm (post clip)   0.212, rho_Whh  0.95, Omega  0.00, alpha  0.000, steps in the past 0.000, valid nll 1.387
  [diag] log10|dL/dh_t| hist bins=60 range=(-12.00,-2.48) mean=-11.88 p50=-12.00 p05=-12.00 p95=-12.00
  [diag] sat-dist hist bins=60 sat<0.05=0.0% mean=0.980 p10=0.978 p90=0.982
Iter 0001360: train nll 1.385, valid error 075.600%, best valid error 073.500%, avg grad norm   0.215, avg grad norm (post clip)   0.225, rho_Whh  0.95, Omega  0.00, alpha  0.000, steps in the past 0.000, valid nll 1.387
  [diag] log10|dL/dh_t| hist bins=60 range=(-12.00,-2.48) mean=-11.88 p50=-12.00 p05=-12.00 p95=-12.00
  [diag] sat-dist hist bins=60 sat<0.05=0.0% mean=0.982 p10=0.981 p90=0.984
Iter 0001380: train nll 1.387, valid error 075.600%, best valid error 073.500%, avg grad norm   0.192, avg grad norm (post clip)   0.203, rho_Whh  0.95, Omega  0.00, alpha  0.000, steps in the past 0.000, valid nll 1.387
  [diag] log10|dL/dh_t| hist bins=60 range=(-12.00,-2.48) mean=-11.88 p50=-12.00 p05=-12.00 p95=-12.00
  [diag] sat-dist hist bins=60 sat<0.05=0.0% mean=0.983 p10=0.982 p90=0.985
Iter 0001400: train nll 1.387, valid error 075.600%, best valid error 073.500%, avg grad norm   0.194, avg grad norm (post clip)   0.204, rho_Whh  0.95, Omega  0.00, alpha  0.000, steps in the past 0.000, valid nll 1.387
  [diag] log10|dL/dh_t| hist bins=60 range=(-12.00,-2.48) mean=-11.88 p50=-12.00 p05=-12.00 p95=-12.00
  [diag] sat-dist hist bins=60 sat<0.05=0.0% mean=0.983 p10=0.982 p90=0.984
Iter 0001420: train nll 1.386, valid error 075.600%, best valid error 073.500%, avg grad norm   0.211, avg grad norm (post clip)   0.221, rho_Whh  0.95, Omega  0.00, alpha  0.000, steps in the past 0.000, valid nll 1.387
  [diag] log10|dL/dh_t| hist bins=60 range=(-12.00,-2.48) mean=-11.88 p50=-12.00 p05=-12.00 p95=-12.00
  [diag] sat-dist hist bins=60 sat<0.05=0.0% mean=0.984 p10=0.983 p90=0.985
Iter 0001440: train nll 1.387, valid error 075.600%, best valid error 073.500%, avg grad norm   0.182, avg grad norm (post clip)   0.193, rho_Whh  0.95, Omega  0.00, alpha  0.000, steps in the past 0.000, valid nll 1.387
  [diag] log10|dL/dh_t| hist bins=60 range=(-12.00,-2.48) mean=-11.88 p50=-12.00 p05=-12.00 p95=-12.00
  [diag] sat-dist hist bins=60 sat<0.05=0.0% mean=0.983 p10=0.982 p90=0.984
Iter 0001460: train nll 1.386, valid error 075.600%, best valid error 073.500%, avg grad norm   0.193, avg grad norm (post clip)   0.203, rho_Whh  0.95, Omega  0.00, alpha  0.000, steps in the past 0.000, valid nll 1.387
  [diag] log10|dL/dh_t| hist bins=60 range=(-12.00,-2.48) mean=-11.88 p50=-12.00 p05=-12.00 p95=-12.00
  [diag] sat-dist hist bins=60 sat<0.05=0.0% mean=0.983 p10=0.981 p90=0.984
Iter 0001480: train nll 1.387, valid error 075.600%, best valid error 073.500%, avg grad norm   0.176, avg grad norm (post clip)   0.186, rho_Whh  0.95, Omega  0.00, alpha  0.000, steps in the past 0.000, valid nll 1.387
  [diag] log10|dL/dh_t| hist bins=60 range=(-12.00,-2.48) mean=-11.88 p50=-12.00 p05=-12.00 p95=-12.00
  [diag] sat-dist hist bins=60 sat<0.05=0.0% mean=0.982 p10=0.980 p90=0.984
Iter 0001500: train nll 1.385, valid error 075.600%, best valid error 073.500%, avg grad norm   0.200, avg grad norm (post clip)   0.210, rho_Whh  0.95, Omega  0.00, alpha  0.000, steps in the past 0.000, valid nll 1.387
  [diag] log10|dL/dh_t| hist bins=60 range=(-12.00,-2.48) mean=-11.88 p50=-12.00 p05=-12.00 p95=-12.00
  [diag] sat-dist hist bins=60 sat<0.05=0.0% mean=0.983 p10=0.982 p90=0.985
Iter 0001520: train nll 1.387, valid error 075.600%, best valid error 073.500%, avg grad norm   0.203, avg grad norm (post clip)   0.213, rho_Whh  0.95, Omega  0.00, alpha  0.000, steps in the past 0.000, valid nll 1.387
  [diag] log10|dL/dh_t| hist bins=60 range=(-12.00,-2.48) mean=-11.88 p50=-12.00 p05=-12.00 p95=-12.00
  [diag] sat-dist hist bins=60 sat<0.05=0.0% mean=0.984 p10=0.983 p90=0.985
Iter 0001540: train nll 1.386, valid error 075.600%, best valid error 073.500%, avg grad norm   0.183, avg grad norm (post clip)   0.194, rho_Whh  0.95, Omega  0.00, alpha  0.000, steps in the past 0.000, valid nll 1.387
  [diag] log10|dL/dh_t| hist bins=60 range=(-12.00,-2.48) mean=-11.88 p50=-12.00 p05=-12.00 p95=-12.00
  [diag] sat-dist hist bins=60 sat<0.05=0.0% mean=0.985 p10=0.984 p90=0.986
Iter 0001560: train nll 1.386, valid error 075.600%, best valid error 073.500%, avg grad norm   0.182, avg grad norm (post clip)   0.191, rho_Whh  0.95, Omega  0.00, alpha  0.000, steps in the past 0.000, valid nll 1.387
  [diag] log10|dL/dh_t| hist bins=60 range=(-12.00,-2.48) mean=-11.88 p50=-12.00 p05=-12.00 p95=-12.00
  [diag] sat-dist hist bins=60 sat<0.05=0.0% mean=0.985 p10=0.984 p90=0.986
Iter 0001580: train nll 1.387, valid error 075.600%, best valid error 073.500%, avg grad norm   0.196, avg grad norm (post clip)   0.206, rho_Whh  0.95, Omega  0.00, alpha  0.000, steps in the past 0.000, valid nll 1.387
  [diag] log10|dL/dh_t| hist bins=60 range=(-12.00,-2.48) mean=-11.88 p50=-12.00 p05=-12.00 p95=-12.00
  [diag] sat-dist hist bins=60 sat<0.05=0.0% mean=0.984 p10=0.983 p90=0.986
Iter 0001600: train nll 1.386, valid error 075.600%, best valid error 073.500%, avg grad norm   0.201, avg grad norm (post clip)   0.211, rho_Whh  0.95, Omega  0.00, alpha  0.000, steps in the past 0.000, valid nll 1.387
  [diag] log10|dL/dh_t| hist bins=60 range=(-12.00,-2.48) mean=-11.88 p50=-12.00 p05=-12.00 p95=-12.00
  [diag] sat-dist hist bins=60 sat<0.05=0.0% mean=0.981 p10=0.979 p90=0.984
Iter 0001620: train nll 1.389, valid error 075.600%, best valid error 073.500%, avg grad norm   0.202, avg grad norm (post clip)   0.212, rho_Whh  0.95, Omega  0.00, alpha  0.000, steps in the past 0.000, valid nll 1.386
  [diag] log10|dL/dh_t| hist bins=60 range=(-12.00,-2.48) mean=-11.88 p50=-12.00 p05=-12.00 p95=-12.00
  [diag] sat-dist hist bins=60 sat<0.05=0.0% mean=0.980 p10=0.978 p90=0.984
Iter 0001640: train nll 1.388, valid error 075.600%, best valid error 073.500%, avg grad norm   0.225, avg grad norm (post clip)   0.235, rho_Whh  0.95, Omega  0.00, alpha  0.000, steps in the past 0.000, valid nll 1.386
  [diag] log10|dL/dh_t| hist bins=60 range=(-12.00,-2.48) mean=-11.88 p50=-12.00 p05=-12.00 p95=-12.00
  [diag] sat-dist hist bins=60 sat<0.05=0.0% mean=0.985 p10=0.984 p90=0.986
Iter 0001660: train nll 1.386, valid error 075.600%, best valid error 073.500%, avg grad norm   0.185, avg grad norm (post clip)   0.197, rho_Whh  0.95, Omega  0.00, alpha  0.000, steps in the past 0.000, valid nll 1.386
  [diag] log10|dL/dh_t| hist bins=60 range=(-12.00,-2.48) mean=-11.88 p50=-12.00 p05=-12.00 p95=-12.00
  [diag] sat-dist hist bins=60 sat<0.05=0.0% mean=0.985 p10=0.984 p90=0.986
Iter 0001680: train nll 1.385, valid error 075.600%, best valid error 073.500%, avg grad norm   0.169, avg grad norm (post clip)   0.179, rho_Whh  0.95, Omega  0.00, alpha  0.000, steps in the past 0.000, valid nll 1.386
  [diag] log10|dL/dh_t| hist bins=60 range=(-12.00,-2.48) mean=-11.88 p50=-12.00 p05=-12.00 p95=-12.00
  [diag] sat-dist hist bins=60 sat<0.05=0.0% mean=0.985 p10=0.984 p90=0.986
Iter 0001700: train nll 1.387, valid error 075.600%, best valid error 073.500%, avg grad norm   0.201, avg grad norm (post clip)   0.210, rho_Whh  0.95, Omega  0.00, alpha  0.000, steps in the past 0.000, valid nll 1.387
  [diag] log10|dL/dh_t| hist bins=60 range=(-12.00,-2.48) mean=-11.88 p50=-12.00 p05=-12.00 p95=-12.00
  [diag] sat-dist hist bins=60 sat<0.05=0.0% mean=0.985 p10=0.984 p90=0.986
Iter 0001720: train nll 1.386, valid error 075.600%, best valid error 073.500%, avg grad norm   0.182, avg grad norm (post clip)   0.192, rho_Whh  0.95, Omega  0.00, alpha  0.000, steps in the past 0.000, valid nll 1.387
  [diag] log10|dL/dh_t| hist bins=60 range=(-12.00,-2.48) mean=-11.88 p50=-12.00 p05=-12.00 p95=-12.00
  [diag] sat-dist hist bins=60 sat<0.05=0.0% mean=0.985 p10=0.984 p90=0.986
Iter 0001740: train nll 1.387, valid error 075.600%, best valid error 073.500%, avg grad norm   0.166, avg grad norm (post clip)   0.175, rho_Whh  0.95, Omega  0.00, alpha  0.000, steps in the past 0.000, valid nll 1.387
  [diag] log10|dL/dh_t| hist bins=60 range=(-12.00,-2.48) mean=-11.88 p50=-12.00 p05=-12.00 p95=-12.00
  [diag] sat-dist hist bins=60 sat<0.05=0.0% mean=0.985 p10=0.984 p90=0.986
Iter 0001760: train nll 1.387, valid error 075.600%, best valid error 073.500%, avg grad norm   0.198, avg grad norm (post clip)   0.207, rho_Whh  0.95, Omega  0.00, alpha  0.000, steps in the past 0.000, valid nll 1.387
  [diag] log10|dL/dh_t| hist bins=60 range=(-12.00,-2.48) mean=-11.88 p50=-12.00 p05=-12.00 p95=-12.00
  [diag] sat-dist hist bins=60 sat<0.05=0.0% mean=0.983 p10=0.982 p90=0.984
Iter 0001780: train nll 1.385, valid error 075.600%, best valid error 073.500%, avg grad norm   0.196, avg grad norm (post clip)   0.206, rho_Whh  0.95, Omega  0.00, alpha  0.000, steps in the past 0.000, valid nll 1.387
  [diag] log10|dL/dh_t| hist bins=60 range=(-12.00,-2.48) mean=-11.88 p50=-12.00 p05=-12.00 p95=-12.00
  [diag] sat-dist hist bins=60 sat<0.05=0.0% mean=0.985 p10=0.984 p90=0.986
Iter 0001800: train nll 1.387, valid error 075.600%, best valid error 073.500%, avg grad norm   0.199, avg grad norm (post clip)   0.209, rho_Whh  0.95, Omega  0.00, alpha  0.000, steps in the past 0.000, valid nll 1.386
  [diag] log10|dL/dh_t| hist bins=60 range=(-12.00,-2.48) mean=-11.88 p50=-12.00 p05=-12.00 p95=-12.00
  [diag] sat-dist hist bins=60 sat<0.05=0.0% mean=0.985 p10=0.984 p90=0.986
Iter 0001820: train nll 1.385, valid error 075.600%, best valid error 073.500%, avg grad norm   0.216, avg grad norm (post clip)   0.226, rho_Whh  0.95, Omega  0.00, alpha  0.000, steps in the past 0.000, valid nll 1.386
  [diag] log10|dL/dh_t| hist bins=60 range=(-12.00,-2.48) mean=-11.88 p50=-12.00 p05=-12.00 p95=-12.00
  [diag] sat-dist hist bins=60 sat<0.05=0.0% mean=0.985 p10=0.984 p90=0.986
Iter 0001840: train nll 1.386, valid error 075.600%, best valid error 073.500%, avg grad norm   0.192, avg grad norm (post clip)   0.203, rho_Whh  0.95, Omega  0.00, alpha  0.000, steps in the past 0.000, valid nll 1.386
  [diag] log10|dL/dh_t| hist bins=60 range=(-12.00,-2.48) mean=-11.88 p50=-12.00 p05=-12.00 p95=-12.00
  [diag] sat-dist hist bins=60 sat<0.05=0.0% mean=0.984 p10=0.983 p90=0.986
Iter 0001860: train nll 1.384, valid error 075.600%, best valid error 073.500%, avg grad norm   0.223, avg grad norm (post clip)   0.233, rho_Whh  0.95, Omega  0.00, alpha  0.000, steps in the past 0.000, valid nll 1.386
  [diag] log10|dL/dh_t| hist bins=60 range=(-12.00,-2.48) mean=-11.88 p50=-12.00 p05=-12.00 p95=-12.00
  [diag] sat-dist hist bins=60 sat<0.05=0.0% mean=0.979 p10=0.976 p90=0.984
Iter 0001880: train nll 1.388, valid error 075.600%, best valid error 073.500%, avg grad norm   0.204, avg grad norm (post clip)   0.216, rho_Whh  0.95, Omega  0.00, alpha  0.000, steps in the past 0.000, valid nll 1.386
  [diag] log10|dL/dh_t| hist bins=60 range=(-12.00,-2.47) mean=-11.88 p50=-12.00 p05=-12.00 p95=-12.00
  [diag] sat-dist hist bins=60 sat<0.05=0.0% mean=0.981 p10=0.980 p90=0.985
Iter 0001900: train nll 1.386, valid error 075.600%, best valid error 073.500%, avg grad norm   0.213, avg grad norm (post clip)   0.224, rho_Whh  0.95, Omega  0.00, alpha  0.000, steps in the past 0.000, valid nll 1.386
  [diag] log10|dL/dh_t| hist bins=60 range=(-12.00,-2.47) mean=-11.88 p50=-12.00 p05=-12.00 p95=-12.00
  [diag] sat-dist hist bins=60 sat<0.05=0.0% mean=0.961 p10=0.956 p90=0.974
Iter 0001920: train nll 1.386, valid error 073.500%, best valid error 073.500%, avg grad norm   0.275, avg grad norm (post clip)   0.283, rho_Whh  0.95, Omega  0.00, alpha  0.000, steps in the past 0.000, valid nll 1.386
  [diag] log10|dL/dh_t| hist bins=60 range=(-12.00,-2.47) mean=-11.88 p50=-12.00 p05=-12.00 p95=-12.00
  [diag] sat-dist hist bins=60 sat<0.05=0.0% mean=0.958 p10=0.952 p90=0.972
Iter 0001940: train nll 1.386, valid error 073.500%, best valid error 073.500%, avg grad norm   0.203, avg grad norm (post clip)   0.217, rho_Whh  0.95, Omega  0.00, alpha  0.000, steps in the past 0.000, valid nll 1.386
  [diag] log10|dL/dh_t| hist bins=60 range=(-12.00,-2.47) mean=-11.88 p50=-12.00 p05=-12.00 p95=-12.00
  [diag] sat-dist hist bins=60 sat<0.05=0.0% mean=0.954 p10=0.948 p90=0.970
Iter 0001960: train nll 1.386, valid error 073.500%, best valid error 073.500%, avg grad norm   0.224, avg grad norm (post clip)   0.235, rho_Whh  0.95, Omega  0.00, alpha  0.000, steps in the past 0.000, valid nll 1.386
  [diag] log10|dL/dh_t| hist bins=60 range=(-12.00,-2.46) mean=-11.88 p50=-12.00 p05=-12.00 p95=-12.00
  [diag] sat-dist hist bins=60 sat<0.05=0.0% mean=0.945 p10=0.937 p90=0.965
Iter 0001980: train nll 1.385, valid error 073.500%, best valid error 073.500%, avg grad norm   0.218, avg grad norm (post clip)   0.229, rho_Whh  0.95, Omega  0.00, alpha  0.000, steps in the past 0.000, valid nll 1.386
  [diag] log10|dL/dh_t| hist bins=60 range=(-12.00,-2.46) mean=-11.88 p50=-12.00 p05=-12.00 p95=-12.00
  [diag] sat-dist hist bins=60 sat<0.05=0.0% mean=0.943 p10=0.935 p90=0.965
Iter 0002000: train nll 1.385, valid error 073.500%, best valid error 073.500%, avg grad norm   0.250, avg grad norm (post clip)   0.258, rho_Whh  0.95, Omega  0.00, alpha  0.000, steps in the past 0.000, valid nll 1.386
  [diag] log10|dL/dh_t| hist bins=60 range=(-12.00,-2.46) mean=-11.88 p50=-12.00 p05=-12.00 p95=-12.00
  [diag] sat-dist hist bins=60 sat<0.05=0.0% mean=0.927 p10=0.916 p90=0.956
Iter 0002020: train nll 1.384, valid error 073.750%, best valid error 073.500%, avg grad norm   0.233, avg grad norm (post clip)   0.245, rho_Whh  0.95, Omega  0.00, alpha  0.000, steps in the past 0.000, valid nll 1.386
  [diag] log10|dL/dh_t| hist bins=60 range=(-12.00,-2.46) mean=-11.88 p50=-12.00 p05=-12.00 p95=-12.00
  [diag] sat-dist hist bins=60 sat<0.05=0.0% mean=0.952 p10=0.945 p90=0.970
Iter 0002040: train nll 1.388, valid error 073.500%, best valid error 073.500%, avg grad norm   0.251, avg grad norm (post clip)   0.261, rho_Whh  0.95, Omega  0.00, alpha  0.000, steps in the past 0.000, valid nll 1.386
  [diag] log10|dL/dh_t| hist bins=60 range=(-12.00,-2.47) mean=-11.88 p50=-12.00 p05=-12.00 p95=-12.00
  [diag] sat-dist hist bins=60 sat<0.05=0.0% mean=0.964 p10=0.959 p90=0.977
Iter 0002060: train nll 1.388, valid error 073.500%, best valid error 073.500%, avg grad norm   0.237, avg grad norm (post clip)   0.249, rho_Whh  0.95, Omega  0.00, alpha  0.000, steps in the past 0.000, valid nll 1.386
  [diag] log10|dL/dh_t| hist bins=60 range=(-12.00,-2.47) mean=-11.88 p50=-12.00 p05=-12.00 p95=-12.00
  [diag] sat-dist hist bins=60 sat<0.05=0.0% mean=0.969 p10=0.965 p90=0.980
Iter 0002080: train nll 1.386, valid error 073.500%, best valid error 073.500%, avg grad norm   0.194, avg grad norm (post clip)   0.206, rho_Whh  0.95, Omega  0.00, alpha  0.000, steps in the past 0.000, valid nll 1.386
  [diag] log10|dL/dh_t| hist bins=60 range=(-12.00,-2.47) mean=-11.88 p50=-12.00 p05=-12.00 p95=-12.00
  [diag] sat-dist hist bins=60 sat<0.05=0.0% mean=0.970 p10=0.965 p90=0.980
Iter 0002100: train nll 1.386, valid error 073.500%, best valid error 073.500%, avg grad norm   0.231, avg grad norm (post clip)   0.241, rho_Whh  0.95, Omega  0.00, alpha  0.000, steps in the past 0.000, valid nll 1.386
  [diag] log10|dL/dh_t| hist bins=60 range=(-12.00,-2.46) mean=-11.88 p50=-12.00 p05=-12.00 p95=-12.00
  [diag] sat-dist hist bins=60 sat<0.05=0.0% mean=0.984 p10=0.983 p90=0.986
Iter 0002120: train nll 1.387, valid error 073.400%, best valid error 073.500%, avg grad norm   0.257, avg grad norm (post clip)   0.269, rho_Whh  0.95, Omega  0.00, alpha  0.000, steps in the past 0.000, valid nll 1.386
  [diag] log10|dL/dh_t| hist bins=60 range=(-12.00,-2.46) mean=-11.88 p50=-12.00 p05=-12.00 p95=-12.00
  [diag] sat-dist hist bins=60 sat<0.05=0.0% mean=0.985 p10=0.984 p90=0.986
Iter 0002140: train nll 1.385, valid error 075.050%, best valid error 073.400%, avg grad norm   0.240, avg grad norm (post clip)   0.253, rho_Whh  0.95, Omega  0.00, alpha  0.000, steps in the past 0.000, valid nll 1.386
  [diag] log10|dL/dh_t| hist bins=60 range=(-12.00,-2.46) mean=-11.88 p50=-12.00 p05=-12.00 p95=-12.00
  [diag] sat-dist hist bins=60 sat<0.05=0.0% mean=0.966 p10=0.960 p90=0.978
Iter 0002160: train nll 1.386, valid error 075.600%, best valid error 073.400%, avg grad norm   0.251, avg grad norm (post clip)   0.264, rho_Whh  0.95, Omega  0.00, alpha  0.000, steps in the past 0.000, valid nll 1.386
  [diag] log10|dL/dh_t| hist bins=60 range=(-12.00,-2.46) mean=-11.88 p50=-12.00 p05=-12.00 p95=-12.00
  [diag] sat-dist hist bins=60 sat<0.05=0.0% mean=0.975 p10=0.971 p90=0.982
Iter 0002180: train nll 1.387, valid error 075.600%, best valid error 073.400%, avg grad norm   0.233, avg grad norm (post clip)   0.246, rho_Whh  0.95, Omega  0.00, alpha  0.000, steps in the past 0.000, valid nll 1.386
  [diag] log10|dL/dh_t| hist bins=60 range=(-12.00,-2.46) mean=-11.88 p50=-12.00 p05=-12.00 p95=-12.00
  [diag] sat-dist hist bins=60 sat<0.05=0.0% mean=0.976 p10=0.972 p90=0.983
Iter 0002200: train nll 1.386, valid error 075.600%, best valid error 073.400%, avg grad norm   0.211, avg grad norm (post clip)   0.224, rho_Whh  0.95, Omega  0.00, alpha  0.000, steps in the past 0.000, valid nll 1.386
  [diag] log10|dL/dh_t| hist bins=60 range=(-12.00,-2.46) mean=-11.88 p50=-12.00 p05=-12.00 p95=-12.00
  [diag] sat-dist hist bins=60 sat<0.05=0.0% mean=0.960 p10=0.950 p90=0.978
Iter 0002220: train nll 1.386, valid error 075.600%, best valid error 073.400%, avg grad norm   0.259, avg grad norm (post clip)   0.270, rho_Whh  0.95, Omega  0.00, alpha  0.000, steps in the past 0.000, valid nll 1.386
  [diag] log10|dL/dh_t| hist bins=60 range=(-12.00,-2.45) mean=-11.88 p50=-12.00 p05=-12.00 p95=-12.00
  [diag] sat-dist hist bins=60 sat<0.05=0.0% mean=0.979 p10=0.977 p90=0.985
Iter 0002240: train nll 1.385, valid error 073.350%, best valid error 073.400%, avg grad norm   0.270, avg grad norm (post clip)   0.279, rho_Whh  0.96, Omega  0.00, alpha  0.000, steps in the past 0.000, valid nll 1.385
  [diag] log10|dL/dh_t| hist bins=60 range=(-12.00,-2.45) mean=-11.88 p50=-12.00 p05=-12.00 p95=-12.00
  [diag] sat-dist hist bins=60 sat<0.05=0.0% mean=0.977 p10=0.972 p90=0.985
Iter 0002260: train nll 1.386, valid error 075.600%, best valid error 073.350%, avg grad norm   0.333, avg grad norm (post clip)   0.322, rho_Whh  0.97, Omega  0.00, alpha  0.000, steps in the past 0.000, valid nll 1.385
  [diag] log10|dL/dh_t| hist bins=60 range=(-12.00,-2.44) mean=-11.88 p50=-12.00 p05=-12.00 p95=-12.00
  [diag] sat-dist hist bins=60 sat<0.05=0.0% mean=0.912 p10=0.880 p90=0.970
Iter 0002280: train nll 1.384, valid error 074.850%, best valid error 073.350%, avg grad norm   0.299, avg grad norm (post clip)   0.311, rho_Whh  0.99, Omega  0.00, alpha  0.000, steps in the past 0.000, valid nll 1.385
  [diag] log10|dL/dh_t| hist bins=60 range=(-12.00,-2.44) mean=-11.88 p50=-12.00 p05=-12.00 p95=-12.00
  [diag] sat-dist hist bins=60 sat<0.05=0.0% mean=0.933 p10=0.898 p90=0.980
Iter 0002300: train nll 1.384, valid error 074.850%, best valid error 073.350%, avg grad norm   0.533, avg grad norm (post clip)   0.428, rho_Whh  1.00, Omega  0.00, alpha  0.000, steps in the past 0.000, valid nll 1.384
  [diag] log10|dL/dh_t| hist bins=60 range=(-12.00,-2.43) mean=-11.88 p50=-12.00 p05=-12.00 p95=-12.00
  [diag] sat-dist hist bins=60 sat<0.05=0.0% mean=0.953 p10=0.918 p90=0.985
Iter 0002320: train nll 1.383, valid error 065.350%, best valid error 073.350%, avg grad norm   0.761, avg grad norm (post clip)   0.445, rho_Whh  1.02, Omega  0.00, alpha  0.000, steps in the past 0.000, valid nll 1.380
  [diag] log10|dL/dh_t| hist bins=60 range=(-12.00,-2.43) mean=-11.88 p50=-12.00 p05=-12.00 p95=-12.00
  [diag] sat-dist hist bins=60 sat<0.05=0.0% mean=0.960 p10=0.923 p90=0.986
Iter 0002340: train nll 1.379, valid error 039.450%, best valid error 065.350%, avg grad norm   1.918, avg grad norm (post clip)   0.493, rho_Whh  1.04, Omega  0.00, alpha  0.000, steps in the past 0.000, valid nll 1.369
  [diag] log10|dL/dh_t| hist bins=60 range=(-12.00,-2.42) mean=-11.88 p50=-12.00 p05=-12.00 p95=-12.00
  [diag] sat-dist hist bins=60 sat<0.05=0.0% mean=0.920 p10=0.833 p90=0.986
Iter 0002360: train nll 1.375, valid error 051.800%, best valid error 039.450%, avg grad norm   2.118, avg grad norm (post clip)   0.525, rho_Whh  1.07, Omega  0.00, alpha  0.000, steps in the past 0.000, valid nll 1.352
  [diag] log10|dL/dh_t| hist bins=60 range=(-12.00,-2.42) mean=-11.88 p50=-12.00 p05=-12.00 p95=-12.00
  [diag] sat-dist hist bins=60 sat<0.05=0.0% mean=0.870 p10=0.769 p90=0.983
Iter 0002380: train nll 1.365, valid error 066.500%, best valid error 039.450%, avg grad norm   4.808, avg grad norm (post clip)   0.526, rho_Whh  1.08, Omega  0.00, alpha  0.000, steps in the past 0.000, valid nll 1.367
  [diag] log10|dL/dh_t| hist bins=60 range=(-12.00,-2.41) mean=-11.88 p50=-12.00 p05=-12.00 p95=-12.00
  [diag] sat-dist hist bins=60 sat<0.05=0.0% mean=0.850 p10=0.742 p90=0.984
Iter 0002400: train nll 1.348, valid error 059.950%, best valid error 039.450%, avg grad norm   6.762, avg grad norm (post clip)   0.513, rho_Whh  1.11, Omega  0.00, alpha  0.000, steps in the past 0.000, valid nll 1.343
  [diag] log10|dL/dh_t| hist bins=60 range=(-12.00,-2.41) mean=-11.88 p50=-12.00 p05=-12.00 p95=-12.00
  [diag] sat-dist hist bins=60 sat<0.05=0.0% mean=0.832 p10=0.700 p90=0.987
Iter 0002420: train nll 1.306, valid error 050.800%, best valid error 039.450%, avg grad norm  27.556, avg grad norm (post clip)   0.526, rho_Whh  1.14, Omega  0.00, alpha  0.000, steps in the past 0.000, valid nll 1.272
  [diag] log10|dL/dh_t| hist bins=60 range=(-12.00,-2.38) mean=-11.88 p50=-12.00 p05=-12.00 p95=-12.00
  [diag] sat-dist hist bins=60 sat<0.05=0.0% mean=0.782 p10=0.653 p90=0.987
Iter 0002440: train nll 1.237, valid error 050.450%, best valid error 039.450%, avg grad norm   3.443, avg grad norm (post clip)   0.523, rho_Whh  1.18, Omega  0.00, alpha  0.000, steps in the past 0.000, valid nll 1.193
  [diag] log10|dL/dh_t| hist bins=60 range=(-12.00,-2.37) mean=-11.88 p50=-12.00 p05=-12.00 p95=-12.00
  [diag] sat-dist hist bins=60 sat<0.05=0.0% mean=0.751 p10=0.622 p90=0.987
Iter 0002460: train nll 1.219, valid error 050.450%, best valid error 039.450%, avg grad norm   6.469, avg grad norm (post clip)   0.526, rho_Whh  1.20, Omega  0.00, alpha  0.000, steps in the past 0.000, valid nll 1.124
  [diag] log10|dL/dh_t| hist bins=60 range=(-12.00,-2.25) mean=-11.88 p50=-12.00 p05=-12.00 p95=-12.00
  [diag] sat-dist hist bins=60 sat<0.05=0.0% mean=0.719 p10=0.576 p90=0.987
Iter 0002480: train nll 1.109, valid error 051.450%, best valid error 039.450%, avg grad norm   2.080, avg grad norm (post clip)   0.526, rho_Whh  1.25, Omega  0.00, alpha  0.000, steps in the past 0.000, valid nll 1.051
  [diag] log10|dL/dh_t| hist bins=60 range=(-12.00,-2.30) mean=-11.88 p50=-12.00 p05=-12.00 p95=-12.00
  [diag] sat-dist hist bins=60 sat<0.05=0.0% mean=0.680 p10=0.543 p90=0.987
Iter 0002500: train nll 1.028, valid error 050.450%, best valid error 039.450%, avg grad norm   1.442, avg grad norm (post clip)   0.526, rho_Whh  1.28, Omega  0.00, alpha  0.000, steps in the past 0.000, valid nll 0.958
  [diag] log10|dL/dh_t| hist bins=60 range=(-12.00,-2.25) mean=-11.88 p50=-12.00 p05=-12.00 p95=-12.00
  [diag] sat-dist hist bins=60 sat<0.05=0.0% mean=0.656 p10=0.509 p90=0.987
Iter 0002520: train nll 0.941, valid error 050.550%, best valid error 039.450%, avg grad norm   1.006, avg grad norm (post clip)   0.517, rho_Whh  1.32, Omega  0.00, alpha  0.000, steps in the past 0.000, valid nll 0.890
  [diag] log10|dL/dh_t| hist bins=60 range=(-12.00,-2.18) mean=-11.88 p50=-12.00 p05=-12.00 p95=-12.00
  [diag] sat-dist hist bins=60 sat<0.05=0.0% mean=0.632 p10=0.479 p90=0.986
Iter 0002540: train nll 0.888, valid error 051.550%, best valid error 039.450%, avg grad norm   0.875, avg grad norm (post clip)   0.525, rho_Whh  1.36, Omega  0.00, alpha  0.000, steps in the past 0.000, valid nll 0.868
  [diag] log10|dL/dh_t| hist bins=60 range=(-12.00,-1.97) mean=-11.87 p50=-12.00 p05=-12.00 p95=-12.00
  [diag] sat-dist hist bins=60 sat<0.05=0.0% mean=0.596 p10=0.458 p90=0.985
Iter 0002560: train nll 0.842, valid error 052.150%, best valid error 039.450%, avg grad norm   0.938, avg grad norm (post clip)   0.526, rho_Whh  1.38, Omega  0.00, alpha  0.000, steps in the past 0.000, valid nll 0.962
  [diag] log10|dL/dh_t| hist bins=60 range=(-12.00,-2.16) mean=-11.88 p50=-12.00 p05=-12.00 p95=-12.00
  [diag] sat-dist hist bins=60 sat<0.05=0.0% mean=0.594 p10=0.443 p90=0.987
Iter 0002580: train nll 0.862, valid error 049.500%, best valid error 039.450%, avg grad norm   0.898, avg grad norm (post clip)   0.526, rho_Whh  1.40, Omega  0.00, alpha  0.000, steps in the past 0.000, valid nll 0.829
  [diag] log10|dL/dh_t| hist bins=60 range=(-12.00,-1.97) mean=-11.87 p50=-12.00 p05=-12.00 p95=-12.00
  [diag] sat-dist hist bins=60 sat<0.05=0.0% mean=0.582 p10=0.429 p90=0.986
Iter 0002600: train nll 0.829, valid error 050.350%, best valid error 039.450%, avg grad norm   0.673, avg grad norm (post clip)   0.496, rho_Whh  1.42, Omega  0.00, alpha  0.000, steps in the past 0.000, valid nll 0.854
  [diag] log10|dL/dh_t| hist bins=60 range=(-12.00,-1.92) mean=-11.87 p50=-12.00 p05=-12.00 p95=-12.00
  [diag] sat-dist hist bins=60 sat<0.05=0.0% mean=0.577 p10=0.425 p90=0.986
Iter 0002620: train nll 0.896, valid error 050.450%, best valid error 039.450%, avg grad norm   0.855, avg grad norm (post clip)   0.498, rho_Whh  1.42, Omega  0.00, alpha  0.000, steps in the past 0.000, valid nll 0.854
  [diag] log10|dL/dh_t| hist bins=60 range=(-12.00,-2.14) mean=-11.88 p50=-12.00 p05=-12.00 p95=-12.00
  [diag] sat-dist hist bins=60 sat<0.05=0.0% mean=0.574 p10=0.419 p90=0.986
Iter 0002640: train nll 0.902, valid error 049.850%, best valid error 039.450%, avg grad norm   0.850, avg grad norm (post clip)   0.499, rho_Whh  1.43, Omega  0.00, alpha  0.000, steps in the past 0.000, valid nll 0.826
  [diag] log10|dL/dh_t| hist bins=60 range=(-12.00,-2.00) mean=-11.88 p50=-12.00 p05=-12.00 p95=-12.00
  [diag] sat-dist hist bins=60 sat<0.05=0.0% mean=0.567 p10=0.413 p90=0.986
Iter 0002660: train nll 0.860, valid error 052.550%, best valid error 039.450%, avg grad norm   0.734, avg grad norm (post clip)   0.503, rho_Whh  1.44, Omega  0.00, alpha  0.000, steps in the past 0.000, valid nll 0.857
  [diag] log10|dL/dh_t| hist bins=60 range=(-12.00,-1.93) mean=-11.87 p50=-12.00 p05=-12.00 p95=-12.00
  [diag] sat-dist hist bins=60 sat<0.05=0.0% mean=0.558 p10=0.408 p90=0.986
Iter 0002680: train nll 0.857, valid error 051.200%, best valid error 039.450%, avg grad norm   0.877, avg grad norm (post clip)   0.508, rho_Whh  1.44, Omega  0.00, alpha  0.000, steps in the past 0.000, valid nll 0.860
  [diag] log10|dL/dh_t| hist bins=60 range=(-12.00,-1.93) mean=-11.87 p50=-12.00 p05=-12.00 p95=-12.00
  [diag] sat-dist hist bins=60 sat<0.05=0.0% mean=0.557 p10=0.406 p90=0.986
Iter 0002700: train nll 0.886, valid error 050.600%, best valid error 039.450%, avg grad norm   0.867, avg grad norm (post clip)   0.515, rho_Whh  1.45, Omega  0.00, alpha  0.000, steps in the past 0.000, valid nll 0.861
  [diag] log10|dL/dh_t| hist bins=60 range=(-12.00,-1.83) mean=-11.87 p50=-12.00 p05=-12.00 p95=-12.00
  [diag] sat-dist hist bins=60 sat<0.05=0.0% mean=0.551 p10=0.402 p90=0.986
Iter 0002720: train nll 0.863, valid error 050.950%, best valid error 039.450%, avg grad norm   0.792, avg grad norm (post clip)   0.493, rho_Whh  1.45, Omega  0.00, alpha  0.000, steps in the past 0.000, valid nll 0.884
  [diag] log10|dL/dh_t| hist bins=60 range=(-12.00,-1.79) mean=-11.87 p50=-12.00 p05=-12.00 p95=-12.00
  [diag] sat-dist hist bins=60 sat<0.05=0.0% mean=0.530 p10=0.403 p90=0.982
Iter 0002740: train nll 0.963, valid error 058.800%, best valid error 039.450%, avg grad norm   0.840, avg grad norm (post clip)   0.494, rho_Whh  1.45, Omega  0.00, alpha  0.000, steps in the past 0.000, valid nll 1.325
  [diag] log10|dL/dh_t| hist bins=60 range=(-12.00,-1.93) mean=-11.87 p50=-12.00 p05=-12.00 p95=-12.00
  [diag] sat-dist hist bins=60 sat<0.05=0.0% mean=0.559 p10=0.401 p90=0.986
Iter 0002760: train nll 0.916, valid error 050.150%, best valid error 039.450%, avg grad norm   0.807, avg grad norm (post clip)   0.508, rho_Whh  1.45, Omega  0.00, alpha  0.000, steps in the past 0.000, valid nll 0.844
  [diag] log10|dL/dh_t| hist bins=60 range=(-12.00,-1.87) mean=-11.87 p50=-12.00 p05=-12.00 p95=-12.00
  [diag] sat-dist hist bins=60 sat<0.05=0.0% mean=0.549 p10=0.399 p90=0.986
Iter 0002780: train nll 0.847, valid error 052.000%, best valid error 039.450%, avg grad norm   0.829, avg grad norm (post clip)   0.510, rho_Whh  1.46, Omega  0.00, alpha  0.000, steps in the past 0.000, valid nll 0.900
  [diag] log10|dL/dh_t| hist bins=60 range=(-12.00,-1.86) mean=-11.87 p50=-12.00 p05=-12.00 p95=-12.00
  [diag] sat-dist hist bins=60 sat<0.05=0.0% mean=0.548 p10=0.393 p90=0.986
Iter 0002800: train nll 0.810, valid error 051.400%, best valid error 039.450%, avg grad norm   0.748, avg grad norm (post clip)   0.485, rho_Whh  1.46, Omega  0.00, alpha  0.000, steps in the past 0.000, valid nll 0.861
  [diag] log10|dL/dh_t| hist bins=60 range=(-12.00,-1.81) mean=-11.87 p50=-12.00 p05=-12.00 p95=-12.00
  [diag] sat-dist hist bins=60 sat<0.05=0.0% mean=0.539 p10=0.391 p90=0.985
Iter 0002820: train nll 0.879, valid error 053.350%, best valid error 039.450%, avg grad norm   0.813, avg grad norm (post clip)   0.466, rho_Whh  1.47, Omega  0.00, alpha  0.000, steps in the past 0.000, valid nll 0.998
  [diag] log10|dL/dh_t| hist bins=60 range=(-12.00,-1.97) mean=-11.87 p50=-12.00 p05=-12.00 p95=-12.00
  [diag] sat-dist hist bins=60 sat<0.05=0.0% mean=0.539 p10=0.390 p90=0.986
Iter 0002840: train nll 0.911, valid error 051.850%, best valid error 039.450%, avg grad norm   0.810, avg grad norm (post clip)   0.498, rho_Whh  1.47, Omega  0.00, alpha  0.000, steps in the past 0.000, valid nll 0.890
  [diag] log10|dL/dh_t| hist bins=60 range=(-12.00,-1.96) mean=-11.87 p50=-12.00 p05=-12.00 p95=-12.00
  [diag] sat-dist hist bins=60 sat<0.05=0.0% mean=0.538 p10=0.389 p90=0.986
Iter 0002860: train nll 0.868, valid error 050.850%, best valid error 039.450%, avg grad norm   0.746, avg grad norm (post clip)   0.482, rho_Whh  1.47, Omega  0.00, alpha  0.000, steps in the past 0.000, valid nll 0.887
  [diag] log10|dL/dh_t| hist bins=60 range=(-12.00,-1.85) mean=-11.87 p50=-12.00 p05=-12.00 p95=-12.00
  [diag] sat-dist hist bins=60 sat<0.05=0.0% mean=0.537 p10=0.384 p90=0.986
Iter 0002880: train nll 0.782, valid error 051.750%, best valid error 039.450%, avg grad norm   0.771, avg grad norm (post clip)   0.477, rho_Whh  1.48, Omega  0.00, alpha  0.000, steps in the past 0.000, valid nll 0.893
  [diag] log10|dL/dh_t| hist bins=60 range=(-12.00,-1.84) mean=-11.87 p50=-12.00 p05=-12.00 p95=-12.00
  [diag] sat-dist hist bins=60 sat<0.05=0.0% mean=0.534 p10=0.383 p90=0.986
Iter 0002900: train nll 0.870, valid error 051.950%, best valid error 039.450%, avg grad norm   0.861, avg grad norm (post clip)   0.485, rho_Whh  1.48, Omega  0.00, alpha  0.000, steps in the past 0.000, valid nll 0.900
  [diag] log10|dL/dh_t| hist bins=60 range=(-12.00,-1.89) mean=-11.87 p50=-12.00 p05=-12.00 p95=-12.00
  [diag] sat-dist hist bins=60 sat<0.05=0.0% mean=0.543 p10=0.382 p90=0.986
Iter 0002920: train nll 0.921, valid error 051.900%, best valid error 039.450%, avg grad norm   0.808, avg grad norm (post clip)   0.471, rho_Whh  1.48, Omega  0.00, alpha  0.000, steps in the past 0.000, valid nll 0.908
  [diag] log10|dL/dh_t| hist bins=60 range=(-12.00,-1.89) mean=-11.87 p50=-12.00 p05=-12.00 p95=-12.00
  [diag] sat-dist hist bins=60 sat<0.05=0.0% mean=0.534 p10=0.382 p90=0.985
Iter 0002940: train nll 0.895, valid error 052.600%, best valid error 039.450%, avg grad norm   0.730, avg grad norm (post clip)   0.458, rho_Whh  1.48, Omega  0.00, alpha  0.000, steps in the past 0.000, valid nll 0.951
  [diag] log10|dL/dh_t| hist bins=60 range=(-12.00,-1.96) mean=-11.87 p50=-12.00 p05=-12.00 p95=-12.00
  [diag] sat-dist hist bins=60 sat<0.05=0.0% mean=0.538 p10=0.386 p90=0.986
Iter 0002960: train nll 0.948, valid error 054.050%, best valid error 039.450%, avg grad norm   0.780, avg grad norm (post clip)   0.480, rho_Whh  1.48, Omega  0.00, alpha  0.000, steps in the past 0.000, valid nll 0.916
  [diag] log10|dL/dh_t| hist bins=60 range=(-12.00,-1.96) mean=-11.87 p50=-12.00 p05=-12.00 p95=-12.00
  [diag] sat-dist hist bins=60 sat<0.05=0.0% mean=0.537 p10=0.384 p90=0.986
Iter 0002980: train nll 0.829, valid error 053.300%, best valid error 039.450%, avg grad norm   0.859, avg grad norm (post clip)   0.514, rho_Whh  1.48, Omega  0.00, alpha  0.000, steps in the past 0.000, valid nll 0.910
Done. solved=0 steps=2999 best_valid_error=39.4500%
