Starting to train (PyTorch).
  [diag] log10|dL/dh_t| hist bins=60 range=(-12.00,-2.48) mean=-11.95 p50=-12.00 p05=-12.00 p95=-12.00
  [diag] sat-dist hist bins=60 sat<0.05=0.0% mean=0.982 p10=0.982 p90=0.983
Iter 0000020: train nll 1.456, valid error 075.020%, best valid error 100.000%, avg grad norm   1.180, avg grad norm (post clip)   0.052, rho_Whh  0.95, Omega  0.09, alpha  2.000, steps in the past 0.011, valid nll 1.386
  [diag] log10|dL/dh_t| hist bins=60 range=(-12.00,-2.48) mean=-11.95 p50=-12.00 p05=-12.00 p95=-12.00
  [diag] sat-dist hist bins=60 sat<0.05=0.0% mean=0.982 p10=0.982 p90=0.983
Iter 0000040: train nll 1.386, valid error 074.910%, best valid error 075.020%, avg grad norm   1.046, avg grad norm (post clip)   0.053, rho_Whh  0.95, Omega  0.08, alpha  2.000, steps in the past 0.009, valid nll 1.386
  [diag] log10|dL/dh_t| hist bins=60 range=(-12.00,-2.48) mean=-11.95 p50=-12.00 p05=-12.00 p95=-12.00
  [diag] sat-dist hist bins=60 sat<0.05=0.0% mean=0.982 p10=0.982 p90=0.983
Iter 0000060: train nll 1.386, valid error 074.700%, best valid error 074.910%, avg grad norm   1.053, avg grad norm (post clip)   0.053, rho_Whh  0.95, Omega  0.07, alpha  2.000, steps in the past 0.008, valid nll 1.386
  [diag] log10|dL/dh_t| hist bins=60 range=(-12.00,-2.48) mean=-11.95 p50=-12.00 p05=-12.00 p95=-12.00
  [diag] sat-dist hist bins=60 sat<0.05=0.0% mean=0.982 p10=0.982 p90=0.983
Iter 0000080: train nll 1.386, valid error 074.690%, best valid error 074.700%, avg grad norm   1.046, avg grad norm (post clip)   0.053, rho_Whh  0.95, Omega  0.07, alpha  2.000, steps in the past 0.009, valid nll 1.386
  [diag] log10|dL/dh_t| hist bins=60 range=(-12.00,-2.48) mean=-11.95 p50=-12.00 p05=-12.00 p95=-12.00
  [diag] sat-dist hist bins=60 sat<0.05=0.0% mean=0.982 p10=0.982 p90=0.983
Iter 0000100: train nll 1.386, valid error 074.840%, best valid error 074.690%, avg grad norm   1.055, avg grad norm (post clip)   0.053, rho_Whh  0.95, Omega  0.07, alpha  2.000, steps in the past 0.008, valid nll 1.386
  [diag] log10|dL/dh_t| hist bins=60 range=(-12.00,-2.48) mean=-11.95 p50=-12.00 p05=-12.00 p95=-12.00
  [diag] sat-dist hist bins=60 sat<0.05=0.0% mean=0.982 p10=0.982 p90=0.983
Iter 0000120: train nll 1.386, valid error 074.800%, best valid error 074.690%, avg grad norm   0.993, avg grad norm (post clip)   0.053, rho_Whh  0.95, Omega  0.06, alpha  2.000, steps in the past 0.009, valid nll 1.386
  [diag] log10|dL/dh_t| hist bins=60 range=(-12.00,-2.48) mean=-11.95 p50=-12.00 p05=-12.00 p95=-12.00
  [diag] sat-dist hist bins=60 sat<0.05=0.0% mean=0.982 p10=0.981 p90=0.983
Iter 0000140: train nll 1.386, valid error 074.730%, best valid error 074.690%, avg grad norm   0.884, avg grad norm (post clip)   0.053, rho_Whh  0.95, Omega  0.05, alpha  2.000, steps in the past 0.009, valid nll 1.386
  [diag] log10|dL/dh_t| hist bins=60 range=(-12.00,-2.48) mean=-11.95 p50=-12.00 p05=-12.00 p95=-12.00
  [diag] sat-dist hist bins=60 sat<0.05=0.0% mean=0.982 p10=0.981 p90=0.982
Iter 0000160: train nll 1.386, valid error 074.890%, best valid error 074.690%, avg grad norm   0.906, avg grad norm (post clip)   0.053, rho_Whh  0.95, Omega  0.05, alpha  2.000, steps in the past 0.009, valid nll 1.386
  [diag] log10|dL/dh_t| hist bins=60 range=(-12.00,-2.48) mean=-11.95 p50=-12.00 p05=-12.00 p95=-12.00
  [diag] sat-dist hist bins=60 sat<0.05=0.0% mean=0.982 p10=0.981 p90=0.982
Iter 0000180: train nll 1.386, valid error 074.890%, best valid error 074.690%, avg grad norm   0.875, avg grad norm (post clip)   0.053, rho_Whh  0.95, Omega  0.05, alpha  2.000, steps in the past 0.010, valid nll 1.386
  [diag] log10|dL/dh_t| hist bins=60 range=(-12.00,-2.48) mean=-11.95 p50=-12.00 p05=-12.00 p95=-12.00
  [diag] sat-dist hist bins=60 sat<0.05=0.0% mean=0.982 p10=0.981 p90=0.982
Iter 0000200: train nll 1.386, valid error 074.850%, best valid error 074.690%, avg grad norm   0.867, avg grad norm (post clip)   0.053, rho_Whh  0.95, Omega  0.05, alpha  2.000, steps in the past 0.009, valid nll 1.386
  [diag] log10|dL/dh_t| hist bins=60 range=(-12.00,-2.48) mean=-11.95 p50=-12.00 p05=-12.00 p95=-12.00
  [diag] sat-dist hist bins=60 sat<0.05=0.0% mean=0.982 p10=0.981 p90=0.982
Iter 0000220: train nll 1.386, valid error 074.860%, best valid error 074.690%, avg grad norm   0.826, avg grad norm (post clip)   0.053, rho_Whh  0.95, Omega  0.04, alpha  2.000, steps in the past 0.010, valid nll 1.386
  [diag] log10|dL/dh_t| hist bins=60 range=(-12.00,-2.48) mean=-11.95 p50=-12.00 p05=-12.00 p95=-12.00
  [diag] sat-dist hist bins=60 sat<0.05=0.0% mean=0.982 p10=0.981 p90=0.982
Iter 0000240: train nll 1.386, valid error 075.000%, best valid error 074.690%, avg grad norm   0.801, avg grad norm (post clip)   0.053, rho_Whh  0.95, Omega  0.04, alpha  2.000, steps in the past 0.010, valid nll 1.386
  [diag] log10|dL/dh_t| hist bins=60 range=(-12.00,-2.48) mean=-11.95 p50=-12.00 p05=-12.00 p95=-12.00
  [diag] sat-dist hist bins=60 sat<0.05=0.0% mean=0.982 p10=0.981 p90=0.982
Iter 0000260: train nll 1.386, valid error 075.030%, best valid error 074.690%, avg grad norm   0.773, avg grad norm (post clip)   0.053, rho_Whh  0.95, Omega  0.03, alpha  2.000, steps in the past 0.011, valid nll 1.386
  [diag] log10|dL/dh_t| hist bins=60 range=(-12.00,-2.48) mean=-11.95 p50=-12.00 p05=-12.00 p95=-12.00
  [diag] sat-dist hist bins=60 sat<0.05=0.0% mean=0.982 p10=0.981 p90=0.982
Iter 0000280: train nll 1.386, valid error 075.020%, best valid error 074.690%, avg grad norm   0.780, avg grad norm (post clip)   0.053, rho_Whh  0.95, Omega  0.04, alpha  2.000, steps in the past 0.010, valid nll 1.386
  [diag] log10|dL/dh_t| hist bins=60 range=(-12.00,-2.48) mean=-11.95 p50=-12.00 p05=-12.00 p95=-12.00
  [diag] sat-dist hist bins=60 sat<0.05=0.0% mean=0.982 p10=0.981 p90=0.982
Iter 0000300: train nll 1.386, valid error 075.210%, best valid error 074.690%, avg grad norm   0.659, avg grad norm (post clip)   0.053, rho_Whh  0.95, Omega  0.03, alpha  2.000, steps in the past 0.009, valid nll 1.386
  [diag] log10|dL/dh_t| hist bins=60 range=(-12.00,-2.48) mean=-11.95 p50=-12.00 p05=-12.00 p95=-12.00
  [diag] sat-dist hist bins=60 sat<0.05=0.0% mean=0.982 p10=0.981 p90=0.982
Iter 0000320: train nll 1.387, valid error 075.210%, best valid error 074.690%, avg grad norm   0.705, avg grad norm (post clip)   0.053, rho_Whh  0.95, Omega  0.03, alpha  2.000, steps in the past 0.012, valid nll 1.386
  [diag] log10|dL/dh_t| hist bins=60 range=(-12.00,-2.48) mean=-11.95 p50=-12.00 p05=-12.00 p95=-12.00
  [diag] sat-dist hist bins=60 sat<0.05=0.0% mean=0.982 p10=0.981 p90=0.982
Iter 0000340: train nll 1.386, valid error 075.130%, best valid error 074.690%, avg grad norm   0.645, avg grad norm (post clip)   0.053, rho_Whh  0.95, Omega  0.02, alpha  2.000, steps in the past 0.009, valid nll 1.386
  [diag] log10|dL/dh_t| hist bins=60 range=(-12.00,-2.48) mean=-11.95 p50=-12.00 p05=-12.00 p95=-12.00
  [diag] sat-dist hist bins=60 sat<0.05=0.0% mean=0.982 p10=0.981 p90=0.982
Iter 0000360: train nll 1.386, valid error 075.190%, best valid error 074.690%, avg grad norm   0.609, avg grad norm (post clip)   0.053, rho_Whh  0.95, Omega  0.02, alpha  2.000, steps in the past 0.009, valid nll 1.386
  [diag] log10|dL/dh_t| hist bins=60 range=(-12.00,-2.48) mean=-11.95 p50=-12.00 p05=-12.00 p95=-12.00
  [diag] sat-dist hist bins=60 sat<0.05=0.0% mean=0.982 p10=0.981 p90=0.982
Iter 0000380: train nll 1.386, valid error 075.190%, best valid error 074.690%, avg grad norm   0.616, avg grad norm (post clip)   0.053, rho_Whh  0.95, Omega  0.02, alpha  2.000, steps in the past 0.009, valid nll 1.386
  [diag] log10|dL/dh_t| hist bins=60 range=(-12.00,-2.48) mean=-11.95 p50=-12.00 p05=-12.00 p95=-12.00
  [diag] sat-dist hist bins=60 sat<0.05=0.0% mean=0.982 p10=0.981 p90=0.982
Iter 0000400: train nll 1.386, valid error 075.200%, best valid error 074.690%, avg grad norm   0.533, avg grad norm (post clip)   0.053, rho_Whh  0.95, Omega  0.02, alpha  2.000, steps in the past 0.009, valid nll 1.386
  [diag] log10|dL/dh_t| hist bins=60 range=(-12.00,-2.48) mean=-11.95 p50=-12.00 p05=-12.00 p95=-12.00
  [diag] sat-dist hist bins=60 sat<0.05=0.0% mean=0.982 p10=0.981 p90=0.982
Iter 0000420: train nll 1.387, valid error 075.180%, best valid error 074.690%, avg grad norm   0.541, avg grad norm (post clip)   0.053, rho_Whh  0.95, Omega  0.02, alpha  2.000, steps in the past 0.009, valid nll 1.386
  [diag] log10|dL/dh_t| hist bins=60 range=(-12.00,-2.48) mean=-11.95 p50=-12.00 p05=-12.00 p95=-12.00
  [diag] sat-dist hist bins=60 sat<0.05=0.0% mean=0.981 p10=0.981 p90=0.982
Iter 0000440: train nll 1.386, valid error 075.170%, best valid error 074.690%, avg grad norm   0.484, avg grad norm (post clip)   0.053, rho_Whh  0.94, Omega  0.01, alpha  2.000, steps in the past 0.010, valid nll 1.386
  [diag] log10|dL/dh_t| hist bins=60 range=(-12.00,-2.48) mean=-11.95 p50=-12.00 p05=-12.00 p95=-12.00
  [diag] sat-dist hist bins=60 sat<0.05=0.0% mean=0.981 p10=0.981 p90=0.982
Iter 0000460: train nll 1.386, valid error 075.200%, best valid error 074.690%, avg grad norm   0.446, avg grad norm (post clip)   0.053, rho_Whh  0.94, Omega  0.01, alpha  2.000, steps in the past 0.011, valid nll 1.386
  [diag] log10|dL/dh_t| hist bins=60 range=(-12.00,-2.48) mean=-11.95 p50=-12.00 p05=-12.00 p95=-12.00
  [diag] sat-dist hist bins=60 sat<0.05=0.0% mean=0.981 p10=0.981 p90=0.982
Iter 0000480: train nll 1.387, valid error 075.180%, best valid error 074.690%, avg grad norm   0.457, avg grad norm (post clip)   0.053, rho_Whh  0.94, Omega  0.01, alpha  2.000, steps in the past 0.009, valid nll 1.386
  [diag] log10|dL/dh_t| hist bins=60 range=(-12.00,-2.48) mean=-11.95 p50=-12.00 p05=-12.00 p95=-12.00
  [diag] sat-dist hist bins=60 sat<0.05=0.0% mean=0.982 p10=0.981 p90=0.982
Iter 0000500: train nll 1.386, valid error 075.230%, best valid error 074.690%, avg grad norm   0.399, avg grad norm (post clip)   0.053, rho_Whh  0.94, Omega  0.01, alpha  2.000, steps in the past 0.009, valid nll 1.386
  [diag] log10|dL/dh_t| hist bins=60 range=(-12.00,-2.48) mean=-11.95 p50=-12.00 p05=-12.00 p95=-12.00
  [diag] sat-dist hist bins=60 sat<0.05=0.0% mean=0.982 p10=0.981 p90=0.982
Iter 0000520: train nll 1.387, valid error 075.260%, best valid error 074.690%, avg grad norm   0.394, avg grad norm (post clip)   0.053, rho_Whh  0.94, Omega  0.01, alpha  2.000, steps in the past 0.009, valid nll 1.386
  [diag] log10|dL/dh_t| hist bins=60 range=(-12.00,-2.48) mean=-11.95 p50=-12.00 p05=-12.00 p95=-12.00
  [diag] sat-dist hist bins=60 sat<0.05=0.0% mean=0.982 p10=0.981 p90=0.982
Iter 0000540: train nll 1.386, valid error 075.220%, best valid error 074.690%, avg grad norm   0.348, avg grad norm (post clip)   0.053, rho_Whh  0.94, Omega  0.01, alpha  2.000, steps in the past 0.010, valid nll 1.386
  [diag] log10|dL/dh_t| hist bins=60 range=(-12.00,-2.48) mean=-11.95 p50=-12.00 p05=-12.00 p95=-12.00
  [diag] sat-dist hist bins=60 sat<0.05=0.0% mean=0.982 p10=0.981 p90=0.982
Iter 0000560: train nll 1.386, valid error 075.220%, best valid error 074.690%, avg grad norm   0.351, avg grad norm (post clip)   0.053, rho_Whh  0.94, Omega  0.00, alpha  2.000, steps in the past 0.009, valid nll 1.386
  [diag] log10|dL/dh_t| hist bins=60 range=(-12.00,-2.48) mean=-11.95 p50=-12.00 p05=-12.00 p95=-12.00
  [diag] sat-dist hist bins=60 sat<0.05=0.0% mean=0.981 p10=0.980 p90=0.982
Iter 0000580: train nll 1.386, valid error 075.220%, best valid error 074.690%, avg grad norm   0.302, avg grad norm (post clip)   0.053, rho_Whh  0.94, Omega  0.00, alpha  2.000, steps in the past 0.008, valid nll 1.386
  [diag] log10|dL/dh_t| hist bins=60 range=(-12.00,-2.48) mean=-11.95 p50=-12.00 p05=-12.00 p95=-12.00
  [diag] sat-dist hist bins=60 sat<0.05=0.0% mean=0.982 p10=0.981 p90=0.982
Iter 0000600: train nll 1.387, valid error 075.220%, best valid error 074.690%, avg grad norm   0.270, avg grad norm (post clip)   0.053, rho_Whh  0.94, Omega  0.00, alpha  2.000, steps in the past 0.008, valid nll 1.386
  [diag] log10|dL/dh_t| hist bins=60 range=(-12.00,-2.48) mean=-11.95 p50=-12.00 p05=-12.00 p95=-12.00
  [diag] sat-dist hist bins=60 sat<0.05=0.0% mean=0.981 p10=0.981 p90=0.982
Iter 0000620: train nll 1.386, valid error 075.220%, best valid error 074.690%, avg grad norm   0.264, avg grad norm (post clip)   0.053, rho_Whh  0.94, Omega  0.00, alpha  2.000, steps in the past 0.009, valid nll 1.386
  [diag] log10|dL/dh_t| hist bins=60 range=(-12.00,-2.48) mean=-11.95 p50=-12.00 p05=-12.00 p95=-12.00
  [diag] sat-dist hist bins=60 sat<0.05=0.0% mean=0.981 p10=0.981 p90=0.982
Iter 0000640: train nll 1.386, valid error 075.220%, best valid error 074.690%, avg grad norm   0.249, avg grad norm (post clip)   0.053, rho_Whh  0.94, Omega  0.00, alpha  2.000, steps in the past 0.009, valid nll 1.386
  [diag] log10|dL/dh_t| hist bins=60 range=(-12.00,-2.48) mean=-11.95 p50=-12.00 p05=-12.00 p95=-12.00
  [diag] sat-dist hist bins=60 sat<0.05=0.0% mean=0.981 p10=0.980 p90=0.981
Iter 0000660: train nll 1.386, valid error 075.220%, best valid error 074.690%, avg grad norm   0.221, avg grad norm (post clip)   0.053, rho_Whh  0.94, Omega  0.00, alpha  2.000, steps in the past 0.010, valid nll 1.386
  [diag] log10|dL/dh_t| hist bins=60 range=(-12.00,-2.48) mean=-11.95 p50=-12.00 p05=-12.00 p95=-12.00
  [diag] sat-dist hist bins=60 sat<0.05=0.0% mean=0.981 p10=0.980 p90=0.981
Iter 0000680: train nll 1.386, valid error 075.220%, best valid error 074.690%, avg grad norm   0.201, avg grad norm (post clip)   0.053, rho_Whh  0.94, Omega  0.00, alpha  2.000, steps in the past 0.009, valid nll 1.386
  [diag] log10|dL/dh_t| hist bins=60 range=(-12.00,-2.48) mean=-11.95 p50=-12.00 p05=-12.00 p95=-12.00
  [diag] sat-dist hist bins=60 sat<0.05=0.0% mean=0.981 p10=0.980 p90=0.981
Iter 0000700: train nll 1.387, valid error 075.220%, best valid error 074.690%, avg grad norm   0.209, avg grad norm (post clip)   0.053, rho_Whh  0.94, Omega  0.00, alpha  2.000, steps in the past 0.009, valid nll 1.386
  [diag] log10|dL/dh_t| hist bins=60 range=(-12.00,-2.48) mean=-11.95 p50=-12.00 p05=-12.00 p95=-12.00
  [diag] sat-dist hist bins=60 sat<0.05=0.0% mean=0.981 p10=0.980 p90=0.982
Iter 0000720: train nll 1.387, valid error 075.220%, best valid error 074.690%, avg grad norm   0.258, avg grad norm (post clip)   0.053, rho_Whh  0.94, Omega  0.00, alpha  2.000, steps in the past 0.009, valid nll 1.386
  [diag] log10|dL/dh_t| hist bins=60 range=(-12.00,-2.48) mean=-11.95 p50=-12.00 p05=-12.00 p95=-12.00
  [diag] sat-dist hist bins=60 sat<0.05=0.0% mean=0.981 p10=0.980 p90=0.982
Iter 0000740: train nll 1.386, valid error 075.220%, best valid error 074.690%, avg grad norm   0.203, avg grad norm (post clip)   0.053, rho_Whh  0.94, Omega  0.00, alpha  2.000, steps in the past 0.009, valid nll 1.386
  [diag] log10|dL/dh_t| hist bins=60 range=(-12.00,-2.48) mean=-11.95 p50=-12.00 p05=-12.00 p95=-12.00
  [diag] sat-dist hist bins=60 sat<0.05=0.0% mean=0.981 p10=0.981 p90=0.982
Iter 0000760: train nll 1.386, valid error 075.220%, best valid error 074.690%, avg grad norm   0.184, avg grad norm (post clip)   0.053, rho_Whh  0.94, Omega  0.00, alpha  2.000, steps in the past 0.008, valid nll 1.386
  [diag] log10|dL/dh_t| hist bins=60 range=(-12.00,-2.48) mean=-11.95 p50=-12.00 p05=-12.00 p95=-12.00
  [diag] sat-dist hist bins=60 sat<0.05=0.0% mean=0.981 p10=0.981 p90=0.982
Iter 0000780: train nll 1.386, valid error 075.220%, best valid error 074.690%, avg grad norm   0.206, avg grad norm (post clip)   0.053, rho_Whh  0.94, Omega  0.00, alpha  2.000, steps in the past 0.010, valid nll 1.386
  [diag] log10|dL/dh_t| hist bins=60 range=(-12.00,-2.48) mean=-11.95 p50=-12.00 p05=-12.00 p95=-12.00
  [diag] sat-dist hist bins=60 sat<0.05=0.0% mean=0.982 p10=0.981 p90=0.982
Iter 0000800: train nll 1.386, valid error 075.220%, best valid error 074.690%, avg grad norm   0.205, avg grad norm (post clip)   0.053, rho_Whh  0.94, Omega  0.00, alpha  2.000, steps in the past 0.009, valid nll 1.386
  [diag] log10|dL/dh_t| hist bins=60 range=(-12.00,-2.48) mean=-11.95 p50=-12.00 p05=-12.00 p95=-12.00
  [diag] sat-dist hist bins=60 sat<0.05=0.0% mean=0.982 p10=0.981 p90=0.982
Iter 0000820: train nll 1.387, valid error 075.220%, best valid error 074.690%, avg grad norm   0.212, avg grad norm (post clip)   0.053, rho_Whh  0.94, Omega  0.00, alpha  2.000, steps in the past 0.009, valid nll 1.386
  [diag] log10|dL/dh_t| hist bins=60 range=(-12.00,-2.48) mean=-11.95 p50=-12.00 p05=-12.00 p95=-12.00
  [diag] sat-dist hist bins=60 sat<0.05=0.0% mean=0.982 p10=0.981 p90=0.982
Iter 0000840: train nll 1.386, valid error 075.290%, best valid error 074.690%, avg grad norm   0.149, avg grad norm (post clip)   0.053, rho_Whh  0.94, Omega  0.00, alpha  2.000, steps in the past 0.010, valid nll 1.386
  [diag] log10|dL/dh_t| hist bins=60 range=(-12.00,-2.48) mean=-11.95 p50=-12.00 p05=-12.00 p95=-12.00
  [diag] sat-dist hist bins=60 sat<0.05=0.0% mean=0.982 p10=0.982 p90=0.983
Iter 0000860: train nll 1.387, valid error 075.230%, best valid error 074.690%, avg grad norm   0.193, avg grad norm (post clip)   0.053, rho_Whh  0.94, Omega  0.00, alpha  2.000, steps in the past 0.009, valid nll 1.386
  [diag] log10|dL/dh_t| hist bins=60 range=(-12.00,-2.48) mean=-11.95 p50=-12.00 p05=-12.00 p95=-12.00
  [diag] sat-dist hist bins=60 sat<0.05=0.0% mean=0.982 p10=0.982 p90=0.983
Iter 0000880: train nll 1.386, valid error 075.270%, best valid error 074.690%, avg grad norm   0.160, avg grad norm (post clip)   0.052, rho_Whh  0.94, Omega  0.00, alpha  2.000, steps in the past 0.009, valid nll 1.386
  [diag] log10|dL/dh_t| hist bins=60 range=(-12.00,-2.48) mean=-11.95 p50=-12.00 p05=-12.00 p95=-12.00
  [diag] sat-dist hist bins=60 sat<0.05=0.0% mean=0.983 p10=0.982 p90=0.983
Iter 0000900: train nll 1.386, valid error 075.090%, best valid error 074.690%, avg grad norm   0.179, avg grad norm (post clip)   0.053, rho_Whh  0.94, Omega  0.00, alpha  2.000, steps in the past 0.009, valid nll 1.386
  [diag] log10|dL/dh_t| hist bins=60 range=(-12.00,-2.48) mean=-11.95 p50=-12.00 p05=-12.00 p95=-12.00
  [diag] sat-dist hist bins=60 sat<0.05=0.0% mean=0.982 p10=0.981 p90=0.982
Iter 0000920: train nll 1.386, valid error 075.220%, best valid error 074.690%, avg grad norm   0.172, avg grad norm (post clip)   0.053, rho_Whh  0.94, Omega  0.00, alpha  2.000, steps in the past 0.008, valid nll 1.386
  [diag] log10|dL/dh_t| hist bins=60 range=(-12.00,-2.48) mean=-11.95 p50=-12.00 p05=-12.00 p95=-12.00
  [diag] sat-dist hist bins=60 sat<0.05=0.0% mean=0.982 p10=0.981 p90=0.982
Iter 0000940: train nll 1.387, valid error 075.220%, best valid error 074.690%, avg grad norm   0.188, avg grad norm (post clip)   0.053, rho_Whh  0.94, Omega  0.00, alpha  2.000, steps in the past 0.008, valid nll 1.386
  [diag] log10|dL/dh_t| hist bins=60 range=(-12.00,-2.48) mean=-11.95 p50=-12.00 p05=-12.00 p95=-12.00
  [diag] sat-dist hist bins=60 sat<0.05=0.0% mean=0.982 p10=0.981 p90=0.982
Iter 0000960: train nll 1.386, valid error 075.270%, best valid error 074.690%, avg grad norm   0.177, avg grad norm (post clip)   0.053, rho_Whh  0.94, Omega  0.00, alpha  2.000, steps in the past 0.009, valid nll 1.386
  [diag] log10|dL/dh_t| hist bins=60 range=(-12.00,-2.48) mean=-11.95 p50=-12.00 p05=-12.00 p95=-12.00
  [diag] sat-dist hist bins=60 sat<0.05=0.0% mean=0.982 p10=0.981 p90=0.983
Iter 0000980: train nll 1.387, valid error 075.210%, best valid error 074.690%, avg grad norm   0.199, avg grad norm (post clip)   0.053, rho_Whh  0.94, Omega  0.00, alpha  2.000, steps in the past 0.010, valid nll 1.386
  [diag] log10|dL/dh_t| hist bins=60 range=(-12.00,-2.48) mean=-11.95 p50=-12.00 p05=-12.00 p95=-12.00
  [diag] sat-dist hist bins=60 sat<0.05=0.0% mean=0.982 p10=0.982 p90=0.983
Iter 0001000: train nll 1.386, valid error 074.790%, best valid error 074.690%, avg grad norm   0.172, avg grad norm (post clip)   0.053, rho_Whh  0.94, Omega  0.00, alpha  2.000, steps in the past 0.010, valid nll 1.386
  [diag] log10|dL/dh_t| hist bins=60 range=(-12.00,-2.48) mean=-11.95 p50=-12.00 p05=-12.00 p95=-12.00
  [diag] sat-dist hist bins=60 sat<0.05=0.0% mean=0.982 p10=0.981 p90=0.982
Iter 0001020: train nll 1.386, valid error 075.210%, best valid error 074.690%, avg grad norm   0.217, avg grad norm (post clip)   0.053, rho_Whh  0.94, Omega  0.00, alpha  2.000, steps in the past 0.009, valid nll 1.386
  [diag] log10|dL/dh_t| hist bins=60 range=(-12.00,-2.48) mean=-11.95 p50=-12.00 p05=-12.00 p95=-12.00
  [diag] sat-dist hist bins=60 sat<0.05=0.0% mean=0.982 p10=0.981 p90=0.982
Iter 0001040: train nll 1.386, valid error 075.260%, best valid error 074.690%, avg grad norm   0.179, avg grad norm (post clip)   0.053, rho_Whh  0.94, Omega  0.00, alpha  2.000, steps in the past 0.009, valid nll 1.386
  [diag] log10|dL/dh_t| hist bins=60 range=(-12.00,-2.48) mean=-11.95 p50=-12.00 p05=-12.00 p95=-12.00
  [diag] sat-dist hist bins=60 sat<0.05=0.0% mean=0.983 p10=0.982 p90=0.983
Iter 0001060: train nll 1.386, valid error 074.670%, best valid error 074.690%, avg grad norm   0.171, avg grad norm (post clip)   0.053, rho_Whh  0.94, Omega  0.00, alpha  2.000, steps in the past 0.010, valid nll 1.386
  [diag] log10|dL/dh_t| hist bins=60 range=(-12.00,-2.48) mean=-11.95 p50=-12.00 p05=-12.00 p95=-12.00
  [diag] sat-dist hist bins=60 sat<0.05=0.0% mean=0.983 p10=0.982 p90=0.984
Iter 0001080: train nll 1.387, valid error 074.520%, best valid error 074.670%, avg grad norm   0.199, avg grad norm (post clip)   0.053, rho_Whh  0.94, Omega  0.00, alpha  2.000, steps in the past 0.010, valid nll 1.386
  [diag] log10|dL/dh_t| hist bins=60 range=(-12.00,-2.48) mean=-11.95 p50=-12.00 p05=-12.00 p95=-12.00
  [diag] sat-dist hist bins=60 sat<0.05=0.0% mean=0.983 p10=0.982 p90=0.984
Iter 0001100: train nll 1.386, valid error 074.540%, best valid error 074.520%, avg grad norm   0.216, avg grad norm (post clip)   0.053, rho_Whh  0.94, Omega  0.00, alpha  2.000, steps in the past 0.010, valid nll 1.386
  [diag] log10|dL/dh_t| hist bins=60 range=(-12.00,-2.48) mean=-11.95 p50=-12.00 p05=-12.00 p95=-12.00
  [diag] sat-dist hist bins=60 sat<0.05=0.0% mean=0.983 p10=0.982 p90=0.983
Iter 0001120: train nll 1.386, valid error 074.530%, best valid error 074.520%, avg grad norm   0.184, avg grad norm (post clip)   0.053, rho_Whh  0.94, Omega  0.00, alpha  2.000, steps in the past 0.009, valid nll 1.386
  [diag] log10|dL/dh_t| hist bins=60 range=(-12.00,-2.48) mean=-11.95 p50=-12.00 p05=-12.00 p95=-12.00
  [diag] sat-dist hist bins=60 sat<0.05=0.0% mean=0.983 p10=0.982 p90=0.984
Iter 0001140: train nll 1.386, valid error 074.500%, best valid error 074.520%, avg grad norm   0.194, avg grad norm (post clip)   0.052, rho_Whh  0.94, Omega  0.00, alpha  2.000, steps in the past 0.011, valid nll 1.386
  [diag] log10|dL/dh_t| hist bins=60 range=(-12.00,-2.48) mean=-11.95 p50=-12.00 p05=-12.00 p95=-12.00
  [diag] sat-dist hist bins=60 sat<0.05=0.0% mean=0.983 p10=0.982 p90=0.983
Iter 0001160: train nll 1.386, valid error 074.400%, best valid error 074.500%, avg grad norm   0.194, avg grad norm (post clip)   0.053, rho_Whh  0.94, Omega  0.00, alpha  2.000, steps in the past 0.008, valid nll 1.386
  [diag] log10|dL/dh_t| hist bins=60 range=(-12.00,-2.48) mean=-11.95 p50=-12.00 p05=-12.00 p95=-12.00
  [diag] sat-dist hist bins=60 sat<0.05=0.0% mean=0.983 p10=0.982 p90=0.984
Iter 0001180: train nll 1.386, valid error 074.510%, best valid error 074.400%, avg grad norm   0.200, avg grad norm (post clip)   0.053, rho_Whh  0.94, Omega  0.00, alpha  2.000, steps in the past 0.009, valid nll 1.386
  [diag] log10|dL/dh_t| hist bins=60 range=(-12.00,-2.48) mean=-11.95 p50=-12.00 p05=-12.00 p95=-12.00
  [diag] sat-dist hist bins=60 sat<0.05=0.0% mean=0.983 p10=0.982 p90=0.983
Iter 0001200: train nll 1.386, valid error 074.330%, best valid error 074.400%, avg grad norm   0.162, avg grad norm (post clip)   0.053, rho_Whh  0.94, Omega  0.00, alpha  2.000, steps in the past 0.009, valid nll 1.386
  [diag] log10|dL/dh_t| hist bins=60 range=(-12.00,-2.48) mean=-11.95 p50=-12.00 p05=-12.00 p95=-12.00
  [diag] sat-dist hist bins=60 sat<0.05=0.0% mean=0.983 p10=0.982 p90=0.983
Iter 0001220: train nll 1.386, valid error 074.400%, best valid error 074.330%, avg grad norm   0.161, avg grad norm (post clip)   0.052, rho_Whh  0.94, Omega  0.00, alpha  2.000, steps in the past 0.008, valid nll 1.386
  [diag] log10|dL/dh_t| hist bins=60 range=(-12.00,-2.48) mean=-11.95 p50=-12.00 p05=-12.00 p95=-12.00
  [diag] sat-dist hist bins=60 sat<0.05=0.0% mean=0.983 p10=0.982 p90=0.983
Iter 0001240: train nll 1.386, valid error 074.280%, best valid error 074.330%, avg grad norm   0.208, avg grad norm (post clip)   0.053, rho_Whh  0.94, Omega  0.00, alpha  2.000, steps in the past 0.009, valid nll 1.386
  [diag] log10|dL/dh_t| hist bins=60 range=(-12.00,-2.48) mean=-11.95 p50=-12.00 p05=-12.00 p95=-12.00
  [diag] sat-dist hist bins=60 sat<0.05=0.0% mean=0.983 p10=0.982 p90=0.983
Iter 0001260: train nll 1.387, valid error 074.490%, best valid error 074.280%, avg grad norm   0.182, avg grad norm (post clip)   0.053, rho_Whh  0.94, Omega  0.00, alpha  2.000, steps in the past 0.009, valid nll 1.386
  [diag] log10|dL/dh_t| hist bins=60 range=(-12.00,-2.48) mean=-11.95 p50=-12.00 p05=-12.00 p95=-12.00
  [diag] sat-dist hist bins=60 sat<0.05=0.0% mean=0.983 p10=0.982 p90=0.983
Iter 0001280: train nll 1.386, valid error 074.410%, best valid error 074.280%, avg grad norm   0.199, avg grad norm (post clip)   0.053, rho_Whh  0.94, Omega  0.00, alpha  2.000, steps in the past 0.008, valid nll 1.386
  [diag] log10|dL/dh_t| hist bins=60 range=(-12.00,-2.48) mean=-11.95 p50=-12.00 p05=-12.00 p95=-12.00
  [diag] sat-dist hist bins=60 sat<0.05=0.0% mean=0.983 p10=0.982 p90=0.983
Iter 0001300: train nll 1.386, valid error 074.400%, best valid error 074.280%, avg grad norm   0.201, avg grad norm (post clip)   0.053, rho_Whh  0.94, Omega  0.00, alpha  2.000, steps in the past 0.010, valid nll 1.386
  [diag] log10|dL/dh_t| hist bins=60 range=(-12.00,-2.48) mean=-11.95 p50=-12.00 p05=-12.00 p95=-12.00
  [diag] sat-dist hist bins=60 sat<0.05=0.0% mean=0.983 p10=0.982 p90=0.983
Iter 0001320: train nll 1.386, valid error 074.380%, best valid error 074.280%, avg grad norm   0.181, avg grad norm (post clip)   0.052, rho_Whh  0.94, Omega  0.00, alpha  2.000, steps in the past 0.008, valid nll 1.386
  [diag] log10|dL/dh_t| hist bins=60 range=(-12.00,-2.48) mean=-11.95 p50=-12.00 p05=-12.00 p95=-12.00
  [diag] sat-dist hist bins=60 sat<0.05=0.0% mean=0.983 p10=0.982 p90=0.984
Iter 0001340: train nll 1.386, valid error 074.430%, best valid error 074.280%, avg grad norm   0.171, avg grad norm (post clip)   0.053, rho_Whh  0.94, Omega  0.00, alpha  2.000, steps in the past 0.010, valid nll 1.386
  [diag] log10|dL/dh_t| hist bins=60 range=(-12.00,-2.48) mean=-11.95 p50=-12.00 p05=-12.00 p95=-12.00
  [diag] sat-dist hist bins=60 sat<0.05=0.0% mean=0.984 p10=0.983 p90=0.984
Iter 0001360: train nll 1.386, valid error 074.340%, best valid error 074.280%, avg grad norm   0.183, avg grad norm (post clip)   0.053, rho_Whh  0.94, Omega  0.00, alpha  2.000, steps in the past 0.009, valid nll 1.386
  [diag] log10|dL/dh_t| hist bins=60 range=(-12.00,-2.48) mean=-11.95 p50=-12.00 p05=-12.00 p95=-12.00
  [diag] sat-dist hist bins=60 sat<0.05=0.0% mean=0.983 p10=0.983 p90=0.984
Iter 0001380: train nll 1.386, valid error 074.350%, best valid error 074.280%, avg grad norm   0.173, avg grad norm (post clip)   0.053, rho_Whh  0.94, Omega  0.00, alpha  2.000, steps in the past 0.010, valid nll 1.386
  [diag] log10|dL/dh_t| hist bins=60 range=(-12.00,-2.48) mean=-11.95 p50=-12.00 p05=-12.00 p95=-12.00
  [diag] sat-dist hist bins=60 sat<0.05=0.0% mean=0.983 p10=0.982 p90=0.984
Iter 0001400: train nll 1.386, valid error 074.340%, best valid error 074.280%, avg grad norm   0.182, avg grad norm (post clip)   0.053, rho_Whh  0.94, Omega  0.00, alpha  2.000, steps in the past 0.010, valid nll 1.386
  [diag] log10|dL/dh_t| hist bins=60 range=(-12.00,-2.48) mean=-11.95 p50=-12.00 p05=-12.00 p95=-12.00
  [diag] sat-dist hist bins=60 sat<0.05=0.0% mean=0.983 p10=0.982 p90=0.983
Iter 0001420: train nll 1.386, valid error 074.330%, best valid error 074.280%, avg grad norm   0.182, avg grad norm (post clip)   0.053, rho_Whh  0.94, Omega  0.00, alpha  2.000, steps in the past 0.009, valid nll 1.386
  [diag] log10|dL/dh_t| hist bins=60 range=(-12.00,-2.48) mean=-11.95 p50=-12.00 p05=-12.00 p95=-12.00
  [diag] sat-dist hist bins=60 sat<0.05=0.0% mean=0.983 p10=0.982 p90=0.984
Iter 0001440: train nll 1.387, valid error 074.350%, best valid error 074.280%, avg grad norm   0.174, avg grad norm (post clip)   0.053, rho_Whh  0.94, Omega  0.00, alpha  2.000, steps in the past 0.010, valid nll 1.386
  [diag] log10|dL/dh_t| hist bins=60 range=(-12.00,-2.48) mean=-11.95 p50=-12.00 p05=-12.00 p95=-12.00
  [diag] sat-dist hist bins=60 sat<0.05=0.0% mean=0.983 p10=0.982 p90=0.984
Iter 0001460: train nll 1.386, valid error 074.340%, best valid error 074.280%, avg grad norm   0.190, avg grad norm (post clip)   0.053, rho_Whh  0.94, Omega  0.00, alpha  2.000, steps in the past 0.010, valid nll 1.386
  [diag] log10|dL/dh_t| hist bins=60 range=(-12.00,-2.48) mean=-11.95 p50=-12.00 p05=-12.00 p95=-12.00
  [diag] sat-dist hist bins=60 sat<0.05=0.0% mean=0.983 p10=0.982 p90=0.984
Iter 0001480: train nll 1.386, valid error 074.340%, best valid error 074.280%, avg grad norm   0.223, avg grad norm (post clip)   0.053, rho_Whh  0.94, Omega  0.00, alpha  2.000, steps in the past 0.008, valid nll 1.386
  [diag] log10|dL/dh_t| hist bins=60 range=(-12.00,-2.48) mean=-11.95 p50=-12.00 p05=-12.00 p95=-12.00
  [diag] sat-dist hist bins=60 sat<0.05=0.0% mean=0.983 p10=0.982 p90=0.984
Iter 0001500: train nll 1.387, valid error 074.390%, best valid error 074.280%, avg grad norm   0.166, avg grad norm (post clip)   0.053, rho_Whh  0.94, Omega  0.00, alpha  2.000, steps in the past 0.010, valid nll 1.386
  [diag] log10|dL/dh_t| hist bins=60 range=(-12.00,-2.48) mean=-11.95 p50=-12.00 p05=-12.00 p95=-12.00
  [diag] sat-dist hist bins=60 sat<0.05=0.0% mean=0.983 p10=0.983 p90=0.984
Iter 0001520: train nll 1.386, valid error 074.330%, best valid error 074.280%, avg grad norm   0.179, avg grad norm (post clip)   0.052, rho_Whh  0.94, Omega  0.00, alpha  2.000, steps in the past 0.010, valid nll 1.386
  [diag] log10|dL/dh_t| hist bins=60 range=(-12.00,-2.48) mean=-11.95 p50=-12.00 p05=-12.00 p95=-12.00
  [diag] sat-dist hist bins=60 sat<0.05=0.0% mean=0.983 p10=0.982 p90=0.984
Iter 0001540: train nll 1.386, valid error 074.330%, best valid error 074.280%, avg grad norm   0.197, avg grad norm (post clip)   0.053, rho_Whh  0.94, Omega  0.00, alpha  2.000, steps in the past 0.009, valid nll 1.386
  [diag] log10|dL/dh_t| hist bins=60 range=(-12.00,-2.48) mean=-11.95 p50=-12.00 p05=-12.00 p95=-12.00
  [diag] sat-dist hist bins=60 sat<0.05=0.0% mean=0.983 p10=0.982 p90=0.984
Iter 0001560: train nll 1.387, valid error 074.340%, best valid error 074.280%, avg grad norm   0.227, avg grad norm (post clip)   0.053, rho_Whh  0.94, Omega  0.00, alpha  2.000, steps in the past 0.010, valid nll 1.386
  [diag] log10|dL/dh_t| hist bins=60 range=(-12.00,-2.48) mean=-11.95 p50=-12.00 p05=-12.00 p95=-12.00
  [diag] sat-dist hist bins=60 sat<0.05=0.0% mean=0.984 p10=0.983 p90=0.984
Iter 0001580: train nll 1.387, valid error 074.330%, best valid error 074.280%, avg grad norm   0.179, avg grad norm (post clip)   0.053, rho_Whh  0.94, Omega  0.00, alpha  2.000, steps in the past 0.010, valid nll 1.386
  [diag] log10|dL/dh_t| hist bins=60 range=(-12.00,-2.48) mean=-11.95 p50=-12.00 p05=-12.00 p95=-12.00
  [diag] sat-dist hist bins=60 sat<0.05=0.0% mean=0.984 p10=0.983 p90=0.984
Iter 0001600: train nll 1.386, valid error 074.320%, best valid error 074.280%, avg grad norm   0.204, avg grad norm (post clip)   0.053, rho_Whh  0.94, Omega  0.00, alpha  2.000, steps in the past 0.009, valid nll 1.386
  [diag] log10|dL/dh_t| hist bins=60 range=(-12.00,-2.48) mean=-11.95 p50=-12.00 p05=-12.00 p95=-12.00
  [diag] sat-dist hist bins=60 sat<0.05=0.0% mean=0.984 p10=0.983 p90=0.985
Iter 0001620: train nll 1.386, valid error 074.330%, best valid error 074.280%, avg grad norm   0.185, avg grad norm (post clip)   0.052, rho_Whh  0.94, Omega  0.00, alpha  2.000, steps in the past 0.008, valid nll 1.386
  [diag] log10|dL/dh_t| hist bins=60 range=(-12.00,-2.48) mean=-11.95 p50=-12.00 p05=-12.00 p95=-12.00
  [diag] sat-dist hist bins=60 sat<0.05=0.0% mean=0.984 p10=0.984 p90=0.985
Iter 0001640: train nll 1.386, valid error 074.330%, best valid error 074.280%, avg grad norm   0.183, avg grad norm (post clip)   0.053, rho_Whh  0.94, Omega  0.00, alpha  2.000, steps in the past 0.009, valid nll 1.386
  [diag] log10|dL/dh_t| hist bins=60 range=(-12.00,-2.48) mean=-11.95 p50=-12.00 p05=-12.00 p95=-12.00
  [diag] sat-dist hist bins=60 sat<0.05=0.0% mean=0.984 p10=0.983 p90=0.985
Iter 0001660: train nll 1.386, valid error 074.330%, best valid error 074.280%, avg grad norm   0.200, avg grad norm (post clip)   0.053, rho_Whh  0.94, Omega  0.00, alpha  2.000, steps in the past 0.009, valid nll 1.386
  [diag] log10|dL/dh_t| hist bins=60 range=(-12.00,-2.48) mean=-11.95 p50=-12.00 p05=-12.00 p95=-12.00
  [diag] sat-dist hist bins=60 sat<0.05=0.0% mean=0.984 p10=0.983 p90=0.985
Iter 0001680: train nll 1.386, valid error 074.330%, best valid error 074.280%, avg grad norm   0.174, avg grad norm (post clip)   0.053, rho_Whh  0.94, Omega  0.00, alpha  2.000, steps in the past 0.008, valid nll 1.386
  [diag] log10|dL/dh_t| hist bins=60 range=(-12.00,-2.48) mean=-11.95 p50=-12.00 p05=-12.00 p95=-12.00
  [diag] sat-dist hist bins=60 sat<0.05=0.0% mean=0.984 p10=0.983 p90=0.984
Iter 0001700: train nll 1.386, valid error 074.330%, best valid error 074.280%, avg grad norm   0.159, avg grad norm (post clip)   0.051, rho_Whh  0.94, Omega  0.00, alpha  2.000, steps in the past 0.007, valid nll 1.386
  [diag] log10|dL/dh_t| hist bins=60 range=(-12.00,-2.48) mean=-11.95 p50=-12.00 p05=-12.00 p95=-12.00
  [diag] sat-dist hist bins=60 sat<0.05=0.0% mean=0.984 p10=0.983 p90=0.984
Iter 0001720: train nll 1.386, valid error 074.330%, best valid error 074.280%, avg grad norm   0.201, avg grad norm (post clip)   0.053, rho_Whh  0.94, Omega  0.00, alpha  2.000, steps in the past 0.011, valid nll 1.386
  [diag] log10|dL/dh_t| hist bins=60 range=(-12.00,-2.48) mean=-11.95 p50=-12.00 p05=-12.00 p95=-12.00
  [diag] sat-dist hist bins=60 sat<0.05=0.0% mean=0.984 p10=0.983 p90=0.984
Iter 0001740: train nll 1.386, valid error 074.340%, best valid error 074.280%, avg grad norm   0.182, avg grad norm (post clip)   0.053, rho_Whh  0.94, Omega  0.00, alpha  2.000, steps in the past 0.009, valid nll 1.386
  [diag] log10|dL/dh_t| hist bins=60 range=(-12.00,-2.48) mean=-11.95 p50=-12.00 p05=-12.00 p95=-12.00
  [diag] sat-dist hist bins=60 sat<0.05=0.0% mean=0.983 p10=0.983 p90=0.984
Iter 0001760: train nll 1.386, valid error 074.410%, best valid error 074.280%, avg grad norm   0.187, avg grad norm (post clip)   0.053, rho_Whh  0.94, Omega  0.00, alpha  2.000, steps in the past 0.009, valid nll 1.386
  [diag] log10|dL/dh_t| hist bins=60 range=(-12.00,-2.48) mean=-11.95 p50=-12.00 p05=-12.00 p95=-12.00
  [diag] sat-dist hist bins=60 sat<0.05=0.0% mean=0.983 p10=0.983 p90=0.984
Iter 0001780: train nll 1.386, valid error 074.330%, best valid error 074.280%, avg grad norm   0.186, avg grad norm (post clip)   0.053, rho_Whh  0.94, Omega  0.00, alpha  2.000, steps in the past 0.009, valid nll 1.386
  [diag] log10|dL/dh_t| hist bins=60 range=(-12.00,-2.48) mean=-11.95 p50=-12.00 p05=-12.00 p95=-12.00
  [diag] sat-dist hist bins=60 sat<0.05=0.0% mean=0.983 p10=0.983 p90=0.984
Iter 0001800: train nll 1.386, valid error 074.340%, best valid error 074.280%, avg grad norm   0.153, avg grad norm (post clip)   0.051, rho_Whh  0.94, Omega  0.00, alpha  2.000, steps in the past 0.011, valid nll 1.386
  [diag] log10|dL/dh_t| hist bins=60 range=(-12.00,-2.48) mean=-11.95 p50=-12.00 p05=-12.00 p95=-12.00
  [diag] sat-dist hist bins=60 sat<0.05=0.0% mean=0.983 p10=0.982 p90=0.983
Iter 0001820: train nll 1.386, valid error 074.560%, best valid error 074.280%, avg grad norm   0.220, avg grad norm (post clip)   0.053, rho_Whh  0.94, Omega  0.00, alpha  2.000, steps in the past 0.009, valid nll 1.386
  [diag] log10|dL/dh_t| hist bins=60 range=(-12.00,-2.48) mean=-11.95 p50=-12.00 p05=-12.00 p95=-12.00
  [diag] sat-dist hist bins=60 sat<0.05=0.0% mean=0.983 p10=0.982 p90=0.983
Iter 0001840: train nll 1.386, valid error 074.790%, best valid error 074.280%, avg grad norm   0.179, avg grad norm (post clip)   0.053, rho_Whh  0.94, Omega  0.00, alpha  2.000, steps in the past 0.008, valid nll 1.386
  [diag] log10|dL/dh_t| hist bins=60 range=(-12.00,-2.48) mean=-11.95 p50=-12.00 p05=-12.00 p95=-12.00
  [diag] sat-dist hist bins=60 sat<0.05=0.0% mean=0.983 p10=0.982 p90=0.984
Iter 0001860: train nll 1.386, valid error 074.550%, best valid error 074.280%, avg grad norm   0.158, avg grad norm (post clip)   0.053, rho_Whh  0.94, Omega  0.00, alpha  2.000, steps in the past 0.008, valid nll 1.386
  [diag] log10|dL/dh_t| hist bins=60 range=(-12.00,-2.48) mean=-11.95 p50=-12.00 p05=-12.00 p95=-12.00
  [diag] sat-dist hist bins=60 sat<0.05=0.0% mean=0.983 p10=0.983 p90=0.984
Iter 0001880: train nll 1.386, valid error 074.500%, best valid error 074.280%, avg grad norm   0.173, avg grad norm (post clip)   0.053, rho_Whh  0.94, Omega  0.00, alpha  2.000, steps in the past 0.008, valid nll 1.386
  [diag] log10|dL/dh_t| hist bins=60 range=(-12.00,-2.48) mean=-11.95 p50=-12.00 p05=-12.00 p95=-12.00
  [diag] sat-dist hist bins=60 sat<0.05=0.0% mean=0.983 p10=0.982 p90=0.984
Iter 0001900: train nll 1.387, valid error 074.610%, best valid error 074.280%, avg grad norm   0.173, avg grad norm (post clip)   0.053, rho_Whh  0.94, Omega  0.00, alpha  2.000, steps in the past 0.009, valid nll 1.386
  [diag] log10|dL/dh_t| hist bins=60 range=(-12.00,-2.48) mean=-11.95 p50=-12.00 p05=-12.00 p95=-12.00
  [diag] sat-dist hist bins=60 sat<0.05=0.0% mean=0.983 p10=0.982 p90=0.984
Iter 0001920: train nll 1.386, valid error 075.320%, best valid error 074.280%, avg grad norm   0.183, avg grad norm (post clip)   0.053, rho_Whh  0.94, Omega  0.00, alpha  2.000, steps in the past 0.009, valid nll 1.386
  [diag] log10|dL/dh_t| hist bins=60 range=(-12.00,-2.48) mean=-11.95 p50=-12.00 p05=-12.00 p95=-12.00
  [diag] sat-dist hist bins=60 sat<0.05=0.0% mean=0.983 p10=0.982 p90=0.984
Iter 0001940: train nll 1.386, valid error 075.140%, best valid error 074.280%, avg grad norm   0.184, avg grad norm (post clip)   0.053, rho_Whh  0.94, Omega  0.00, alpha  2.000, steps in the past 0.009, valid nll 1.386
  [diag] log10|dL/dh_t| hist bins=60 range=(-12.00,-2.48) mean=-11.95 p50=-12.00 p05=-12.00 p95=-12.00
  [diag] sat-dist hist bins=60 sat<0.05=0.0% mean=0.983 p10=0.982 p90=0.984
Iter 0001960: train nll 1.386, valid error 075.170%, best valid error 074.280%, avg grad norm   0.187, avg grad norm (post clip)   0.053, rho_Whh  0.94, Omega  0.00, alpha  2.000, steps in the past 0.011, valid nll 1.386
  [diag] log10|dL/dh_t| hist bins=60 range=(-12.00,-2.48) mean=-11.95 p50=-12.00 p05=-12.00 p95=-12.00
  [diag] sat-dist hist bins=60 sat<0.05=0.0% mean=0.983 p10=0.982 p90=0.984
Iter 0001980: train nll 1.386, valid error 075.040%, best valid error 074.280%, avg grad norm   0.171, avg grad norm (post clip)   0.053, rho_Whh  0.94, Omega  0.00, alpha  2.000, steps in the past 0.009, valid nll 1.386
  [diag] log10|dL/dh_t| hist bins=60 range=(-12.00,-2.48) mean=-11.95 p50=-12.00 p05=-12.00 p95=-12.00
  [diag] sat-dist hist bins=60 sat<0.05=0.0% mean=0.983 p10=0.982 p90=0.984
Iter 0002000: train nll 1.386, valid error 075.110%, best valid error 074.280%, avg grad norm   0.184, avg grad norm (post clip)   0.053, rho_Whh  0.94, Omega  0.00, alpha  2.000, steps in the past 0.011, valid nll 1.386
  [diag] log10|dL/dh_t| hist bins=60 range=(-12.00,-2.48) mean=-11.95 p50=-12.00 p05=-12.00 p95=-12.00
  [diag] sat-dist hist bins=60 sat<0.05=0.0% mean=0.983 p10=0.982 p90=0.983
Iter 0002020: train nll 1.386, valid error 075.120%, best valid error 074.280%, avg grad norm   0.190, avg grad norm (post clip)   0.053, rho_Whh  0.94, Omega  0.00, alpha  2.000, steps in the past 0.011, valid nll 1.386
  [diag] log10|dL/dh_t| hist bins=60 range=(-12.00,-2.48) mean=-11.95 p50=-12.00 p05=-12.00 p95=-12.00
  [diag] sat-dist hist bins=60 sat<0.05=0.0% mean=0.983 p10=0.982 p90=0.983
Iter 0002040: train nll 1.386, valid error 075.120%, best valid error 074.280%, avg grad norm   0.202, avg grad norm (post clip)   0.053, rho_Whh  0.94, Omega  0.00, alpha  2.000, steps in the past 0.009, valid nll 1.386
  [diag] log10|dL/dh_t| hist bins=60 range=(-12.00,-2.48) mean=-11.95 p50=-12.00 p05=-12.00 p95=-12.00
  [diag] sat-dist hist bins=60 sat<0.05=0.0% mean=0.983 p10=0.982 p90=0.983
Iter 0002060: train nll 1.387, valid error 075.160%, best valid error 074.280%, avg grad norm   0.182, avg grad norm (post clip)   0.053, rho_Whh  0.94, Omega  0.00, alpha  2.000, steps in the past 0.010, valid nll 1.386
  [diag] log10|dL/dh_t| hist bins=60 range=(-12.00,-2.48) mean=-11.95 p50=-12.00 p05=-12.00 p95=-12.00
  [diag] sat-dist hist bins=60 sat<0.05=0.0% mean=0.983 p10=0.982 p90=0.983
Iter 0002080: train nll 1.386, valid error 075.120%, best valid error 074.280%, avg grad norm   0.171, avg grad norm (post clip)   0.053, rho_Whh  0.94, Omega  0.00, alpha  2.000, steps in the past 0.008, valid nll 1.386
  [diag] log10|dL/dh_t| hist bins=60 range=(-12.00,-2.48) mean=-11.95 p50=-12.00 p05=-12.00 p95=-12.00
  [diag] sat-dist hist bins=60 sat<0.05=0.0% mean=0.983 p10=0.982 p90=0.983
Iter 0002100: train nll 1.387, valid error 075.140%, best valid error 074.280%, avg grad norm   0.191, avg grad norm (post clip)   0.053, rho_Whh  0.94, Omega  0.00, alpha  2.000, steps in the past 0.009, valid nll 1.386
  [diag] log10|dL/dh_t| hist bins=60 range=(-12.00,-2.48) mean=-11.95 p50=-12.00 p05=-12.00 p95=-12.00
  [diag] sat-dist hist bins=60 sat<0.05=0.0% mean=0.983 p10=0.982 p90=0.983
Iter 0002120: train nll 1.386, valid error 075.250%, best valid error 074.280%, avg grad norm   0.179, avg grad norm (post clip)   0.053, rho_Whh  0.94, Omega  0.00, alpha  2.000, steps in the past 0.009, valid nll 1.386
  [diag] log10|dL/dh_t| hist bins=60 range=(-12.00,-2.48) mean=-11.95 p50=-12.00 p05=-12.00 p95=-12.00
  [diag] sat-dist hist bins=60 sat<0.05=0.0% mean=0.982 p10=0.981 p90=0.983
Iter 0002140: train nll 1.387, valid error 075.230%, best valid error 074.280%, avg grad norm   0.192, avg grad norm (post clip)   0.053, rho_Whh  0.94, Omega  0.00, alpha  2.000, steps in the past 0.010, valid nll 1.386
  [diag] log10|dL/dh_t| hist bins=60 range=(-12.00,-2.48) mean=-11.95 p50=-12.00 p05=-12.00 p95=-12.00
  [diag] sat-dist hist bins=60 sat<0.05=0.0% mean=0.982 p10=0.981 p90=0.982
Iter 0002160: train nll 1.387, valid error 075.220%, best valid error 074.280%, avg grad norm   0.201, avg grad norm (post clip)   0.053, rho_Whh  0.94, Omega  0.00, alpha  2.000, steps in the past 0.010, valid nll 1.386
  [diag] log10|dL/dh_t| hist bins=60 range=(-12.00,-2.48) mean=-11.95 p50=-12.00 p05=-12.00 p95=-12.00
  [diag] sat-dist hist bins=60 sat<0.05=0.0% mean=0.981 p10=0.980 p90=0.981
Iter 0002180: train nll 1.386, valid error 075.220%, best valid error 074.280%, avg grad norm   0.209, avg grad norm (post clip)   0.053, rho_Whh  0.94, Omega  0.00, alpha  2.000, steps in the past 0.009, valid nll 1.386
  [diag] log10|dL/dh_t| hist bins=60 range=(-12.00,-2.48) mean=-11.95 p50=-12.00 p05=-12.00 p95=-12.00
  [diag] sat-dist hist bins=60 sat<0.05=0.0% mean=0.981 p10=0.980 p90=0.981
Iter 0002200: train nll 1.386, valid error 075.220%, best valid error 074.280%, avg grad norm   0.199, avg grad norm (post clip)   0.053, rho_Whh  0.94, Omega  0.00, alpha  2.000, steps in the past 0.010, valid nll 1.386
  [diag] log10|dL/dh_t| hist bins=60 range=(-12.00,-2.48) mean=-11.95 p50=-12.00 p05=-12.00 p95=-12.00
  [diag] sat-dist hist bins=60 sat<0.05=0.0% mean=0.981 p10=0.981 p90=0.982
Iter 0002220: train nll 1.387, valid error 075.220%, best valid error 074.280%, avg grad norm   0.197, avg grad norm (post clip)   0.053, rho_Whh  0.94, Omega  0.00, alpha  2.000, steps in the past 0.009, valid nll 1.386
  [diag] log10|dL/dh_t| hist bins=60 range=(-12.00,-2.48) mean=-11.95 p50=-12.00 p05=-12.00 p95=-12.00
  [diag] sat-dist hist bins=60 sat<0.05=0.0% mean=0.981 p10=0.980 p90=0.982
Iter 0002240: train nll 1.386, valid error 075.220%, best valid error 074.280%, avg grad norm   0.196, avg grad norm (post clip)   0.053, rho_Whh  0.94, Omega  0.00, alpha  2.000, steps in the past 0.009, valid nll 1.386
  [diag] log10|dL/dh_t| hist bins=60 range=(-12.00,-2.48) mean=-11.95 p50=-12.00 p05=-12.00 p95=-12.00
  [diag] sat-dist hist bins=60 sat<0.05=0.0% mean=0.981 p10=0.980 p90=0.981
Iter 0002260: train nll 1.386, valid error 075.220%, best valid error 074.280%, avg grad norm   0.175, avg grad norm (post clip)   0.053, rho_Whh  0.94, Omega  0.00, alpha  2.000, steps in the past 0.008, valid nll 1.386
  [diag] log10|dL/dh_t| hist bins=60 range=(-12.00,-2.48) mean=-11.95 p50=-12.00 p05=-12.00 p95=-12.00
  [diag] sat-dist hist bins=60 sat<0.05=0.0% mean=0.981 p10=0.980 p90=0.982
Iter 0002280: train nll 1.387, valid error 075.220%, best valid error 074.280%, avg grad norm   0.198, avg grad norm (post clip)   0.053, rho_Whh  0.94, Omega  0.00, alpha  2.000, steps in the past 0.008, valid nll 1.386
  [diag] log10|dL/dh_t| hist bins=60 range=(-12.00,-2.48) mean=-11.95 p50=-12.00 p05=-12.00 p95=-12.00
  [diag] sat-dist hist bins=60 sat<0.05=0.0% mean=0.981 p10=0.980 p90=0.981
Iter 0002300: train nll 1.386, valid error 075.220%, best valid error 074.280%, avg grad norm   0.187, avg grad norm (post clip)   0.053, rho_Whh  0.94, Omega  0.00, alpha  2.000, steps in the past 0.009, valid nll 1.386
  [diag] log10|dL/dh_t| hist bins=60 range=(-12.00,-2.48) mean=-11.95 p50=-12.00 p05=-12.00 p95=-12.00
  [diag] sat-dist hist bins=60 sat<0.05=0.0% mean=0.981 p10=0.980 p90=0.982
Iter 0002320: train nll 1.387, valid error 075.220%, best valid error 074.280%, avg grad norm   0.198, avg grad norm (post clip)   0.053, rho_Whh  0.94, Omega  0.00, alpha  2.000, steps in the past 0.009, valid nll 1.386
  [diag] log10|dL/dh_t| hist bins=60 range=(-12.00,-2.48) mean=-11.95 p50=-12.00 p05=-12.00 p95=-12.00
  [diag] sat-dist hist bins=60 sat<0.05=0.0% mean=0.981 p10=0.980 p90=0.982
Iter 0002340: train nll 1.387, valid error 075.220%, best valid error 074.280%, avg grad norm   0.175, avg grad norm (post clip)   0.052, rho_Whh  0.94, Omega  0.00, alpha  2.000, steps in the past 0.010, valid nll 1.386
  [diag] log10|dL/dh_t| hist bins=60 range=(-12.00,-2.48) mean=-11.95 p50=-12.00 p05=-12.00 p95=-12.00
  [diag] sat-dist hist bins=60 sat<0.05=0.0% mean=0.981 p10=0.980 p90=0.981
Iter 0002360: train nll 1.386, valid error 075.220%, best valid error 074.280%, avg grad norm   0.222, avg grad norm (post clip)   0.053, rho_Whh  0.94, Omega  0.00, alpha  2.000, steps in the past 0.010, valid nll 1.386
  [diag] log10|dL/dh_t| hist bins=60 range=(-12.00,-2.48) mean=-11.95 p50=-12.00 p05=-12.00 p95=-12.00
  [diag] sat-dist hist bins=60 sat<0.05=0.0% mean=0.981 p10=0.980 p90=0.982
Iter 0002380: train nll 1.387, valid error 075.220%, best valid error 074.280%, avg grad norm   0.204, avg grad norm (post clip)   0.053, rho_Whh  0.94, Omega  0.00, alpha  2.000, steps in the past 0.010, valid nll 1.386
  [diag] log10|dL/dh_t| hist bins=60 range=(-12.00,-2.48) mean=-11.95 p50=-12.00 p05=-12.00 p95=-12.00
  [diag] sat-dist hist bins=60 sat<0.05=0.0% mean=0.982 p10=0.981 p90=0.982
Iter 0002400: train nll 1.386, valid error 075.220%, best valid error 074.280%, avg grad norm   0.177, avg grad norm (post clip)   0.052, rho_Whh  0.94, Omega  0.00, alpha  2.000, steps in the past 0.009, valid nll 1.386
  [diag] log10|dL/dh_t| hist bins=60 range=(-12.00,-2.48) mean=-11.95 p50=-12.00 p05=-12.00 p95=-12.00
  [diag] sat-dist hist bins=60 sat<0.05=0.0% mean=0.982 p10=0.981 p90=0.982
Iter 0002420: train nll 1.386, valid error 075.250%, best valid error 074.280%, avg grad norm   0.165, avg grad norm (post clip)   0.052, rho_Whh  0.94, Omega  0.00, alpha  2.000, steps in the past 0.010, valid nll 1.386
  [diag] log10|dL/dh_t| hist bins=60 range=(-12.00,-2.48) mean=-11.95 p50=-12.00 p05=-12.00 p95=-12.00
  [diag] sat-dist hist bins=60 sat<0.05=0.0% mean=0.982 p10=0.981 p90=0.982
Iter 0002440: train nll 1.386, valid error 075.180%, best valid error 074.280%, avg grad norm   0.202, avg grad norm (post clip)   0.053, rho_Whh  0.94, Omega  0.00, alpha  2.000, steps in the past 0.010, valid nll 1.386
  [diag] log10|dL/dh_t| hist bins=60 range=(-12.00,-2.48) mean=-11.95 p50=-12.00 p05=-12.00 p95=-12.00
  [diag] sat-dist hist bins=60 sat<0.05=0.0% mean=0.982 p10=0.981 p90=0.983
Iter 0002460: train nll 1.386, valid error 075.230%, best valid error 074.280%, avg grad norm   0.189, avg grad norm (post clip)   0.052, rho_Whh  0.94, Omega  0.00, alpha  2.000, steps in the past 0.009, valid nll 1.386
  [diag] log10|dL/dh_t| hist bins=60 range=(-12.00,-2.48) mean=-11.95 p50=-12.00 p05=-12.00 p95=-12.00
  [diag] sat-dist hist bins=60 sat<0.05=0.0% mean=0.982 p10=0.981 p90=0.982
Iter 0002480: train nll 1.386, valid error 075.240%, best valid error 074.280%, avg grad norm   0.171, avg grad norm (post clip)   0.053, rho_Whh  0.94, Omega  0.00, alpha  2.000, steps in the past 0.010, valid nll 1.386
  [diag] log10|dL/dh_t| hist bins=60 range=(-12.00,-2.48) mean=-11.95 p50=-12.00 p05=-12.00 p95=-12.00
  [diag] sat-dist hist bins=60 sat<0.05=0.0% mean=0.983 p10=0.982 p90=0.983
Iter 0002500: train nll 1.387, valid error 075.180%, best valid error 074.280%, avg grad norm   0.194, avg grad norm (post clip)   0.053, rho_Whh  0.94, Omega  0.00, alpha  2.000, steps in the past 0.009, valid nll 1.386
  [diag] log10|dL/dh_t| hist bins=60 range=(-12.00,-2.48) mean=-11.95 p50=-12.00 p05=-12.00 p95=-12.00
  [diag] sat-dist hist bins=60 sat<0.05=0.0% mean=0.983 p10=0.982 p90=0.983
Iter 0002520: train nll 1.387, valid error 075.110%, best valid error 074.280%, avg grad norm   0.166, avg grad norm (post clip)   0.052, rho_Whh  0.94, Omega  0.00, alpha  2.000, steps in the past 0.009, valid nll 1.386
  [diag] log10|dL/dh_t| hist bins=60 range=(-12.00,-2.48) mean=-11.95 p50=-12.00 p05=-12.00 p95=-12.00
  [diag] sat-dist hist bins=60 sat<0.05=0.0% mean=0.982 p10=0.981 p90=0.983
Iter 0002540: train nll 1.386, valid error 075.220%, best valid error 074.280%, avg grad norm   0.214, avg grad norm (post clip)   0.053, rho_Whh  0.94, Omega  0.00, alpha  2.000, steps in the past 0.009, valid nll 1.386
  [diag] log10|dL/dh_t| hist bins=60 range=(-12.00,-2.48) mean=-11.95 p50=-12.00 p05=-12.00 p95=-12.00
  [diag] sat-dist hist bins=60 sat<0.05=0.0% mean=0.983 p10=0.982 p90=0.983
Iter 0002560: train nll 1.387, valid error 075.290%, best valid error 074.280%, avg grad norm   0.199, avg grad norm (post clip)   0.053, rho_Whh  0.94, Omega  0.00, alpha  2.000, steps in the past 0.010, valid nll 1.386
  [diag] log10|dL/dh_t| hist bins=60 range=(-12.00,-2.48) mean=-11.95 p50=-12.00 p05=-12.00 p95=-12.00
  [diag] sat-dist hist bins=60 sat<0.05=0.0% mean=0.982 p10=0.981 p90=0.982
Iter 0002580: train nll 1.386, valid error 075.220%, best valid error 074.280%, avg grad norm   0.176, avg grad norm (post clip)   0.052, rho_Whh  0.94, Omega  0.00, alpha  2.000, steps in the past 0.010, valid nll 1.386
  [diag] log10|dL/dh_t| hist bins=60 range=(-12.00,-2.48) mean=-11.95 p50=-12.00 p05=-12.00 p95=-12.00
  [diag] sat-dist hist bins=60 sat<0.05=0.0% mean=0.982 p10=0.981 p90=0.982
Iter 0002600: train nll 1.386, valid error 075.220%, best valid error 074.280%, avg grad norm   0.177, avg grad norm (post clip)   0.053, rho_Whh  0.94, Omega  0.00, alpha  2.000, steps in the past 0.010, valid nll 1.386
  [diag] log10|dL/dh_t| hist bins=60 range=(-12.00,-2.48) mean=-11.95 p50=-12.00 p05=-12.00 p95=-12.00
  [diag] sat-dist hist bins=60 sat<0.05=0.0% mean=0.982 p10=0.981 p90=0.982
Iter 0002620: train nll 1.387, valid error 075.220%, best valid error 074.280%, avg grad norm   0.215, avg grad norm (post clip)   0.053, rho_Whh  0.94, Omega  0.00, alpha  2.000, steps in the past 0.009, valid nll 1.386
  [diag] log10|dL/dh_t| hist bins=60 range=(-12.00,-2.48) mean=-11.95 p50=-12.00 p05=-12.00 p95=-12.00
  [diag] sat-dist hist bins=60 sat<0.05=0.0% mean=0.982 p10=0.981 p90=0.982
Iter 0002640: train nll 1.386, valid error 075.220%, best valid error 074.280%, avg grad norm   0.192, avg grad norm (post clip)   0.053, rho_Whh  0.94, Omega  0.00, alpha  2.000, steps in the past 0.010, valid nll 1.386
  [diag] log10|dL/dh_t| hist bins=60 range=(-12.00,-2.48) mean=-11.95 p50=-12.00 p05=-12.00 p95=-12.00
  [diag] sat-dist hist bins=60 sat<0.05=0.0% mean=0.982 p10=0.981 p90=0.982
Iter 0002660: train nll 1.386, valid error 075.220%, best valid error 074.280%, avg grad norm   0.192, avg grad norm (post clip)   0.053, rho_Whh  0.94, Omega  0.00, alpha  2.000, steps in the past 0.010, valid nll 1.386
  [diag] log10|dL/dh_t| hist bins=60 range=(-12.00,-2.48) mean=-11.95 p50=-12.00 p05=-12.00 p95=-12.00
  [diag] sat-dist hist bins=60 sat<0.05=0.0% mean=0.982 p10=0.982 p90=0.983
Iter 0002680: train nll 1.386, valid error 075.220%, best valid error 074.280%, avg grad norm   0.170, avg grad norm (post clip)   0.053, rho_Whh  0.94, Omega  0.00, alpha  2.000, steps in the past 0.009, valid nll 1.386
  [diag] log10|dL/dh_t| hist bins=60 range=(-12.00,-2.48) mean=-11.95 p50=-12.00 p05=-12.00 p95=-12.00
  [diag] sat-dist hist bins=60 sat<0.05=0.0% mean=0.982 p10=0.982 p90=0.983
Iter 0002700: train nll 1.387, valid error 075.220%, best valid error 074.280%, avg grad norm   0.162, avg grad norm (post clip)   0.053, rho_Whh  0.94, Omega  0.00, alpha  2.000, steps in the past 0.009, valid nll 1.386
  [diag] log10|dL/dh_t| hist bins=60 range=(-12.00,-2.48) mean=-11.95 p50=-12.00 p05=-12.00 p95=-12.00
  [diag] sat-dist hist bins=60 sat<0.05=0.0% mean=0.983 p10=0.982 p90=0.984
Iter 0002720: train nll 1.386, valid error 075.300%, best valid error 074.280%, avg grad norm   0.178, avg grad norm (post clip)   0.053, rho_Whh  0.94, Omega  0.00, alpha  2.000, steps in the past 0.010, valid nll 1.386
  [diag] log10|dL/dh_t| hist bins=60 range=(-12.00,-2.48) mean=-11.95 p50=-12.00 p05=-12.00 p95=-12.00
  [diag] sat-dist hist bins=60 sat<0.05=0.0% mean=0.983 p10=0.982 p90=0.983
Iter 0002740: train nll 1.386, valid error 075.220%, best valid error 074.280%, avg grad norm   0.171, avg grad norm (post clip)   0.053, rho_Whh  0.94, Omega  0.00, alpha  2.000, steps in the past 0.009, valid nll 1.386
  [diag] log10|dL/dh_t| hist bins=60 range=(-12.00,-2.48) mean=-11.95 p50=-12.00 p05=-12.00 p95=-12.00
  [diag] sat-dist hist bins=60 sat<0.05=0.0% mean=0.983 p10=0.982 p90=0.983
Iter 0002760: train nll 1.386, valid error 075.220%, best valid error 074.280%, avg grad norm   0.187, avg grad norm (post clip)   0.053, rho_Whh  0.94, Omega  0.00, alpha  2.000, steps in the past 0.009, valid nll 1.386
  [diag] log10|dL/dh_t| hist bins=60 range=(-12.00,-2.48) mean=-11.95 p50=-12.00 p05=-12.00 p95=-12.00
  [diag] sat-dist hist bins=60 sat<0.05=0.0% mean=0.983 p10=0.982 p90=0.983
Iter 0002780: train nll 1.386, valid error 075.220%, best valid error 074.280%, avg grad norm   0.176, avg grad norm (post clip)   0.053, rho_Whh  0.94, Omega  0.00, alpha  2.000, steps in the past 0.012, valid nll 1.386
  [diag] log10|dL/dh_t| hist bins=60 range=(-12.00,-2.48) mean=-11.95 p50=-12.00 p05=-12.00 p95=-12.00
  [diag] sat-dist hist bins=60 sat<0.05=0.0% mean=0.983 p10=0.982 p90=0.983
Iter 0002800: train nll 1.386, valid error 075.220%, best valid error 074.280%, avg grad norm   0.182, avg grad norm (post clip)   0.052, rho_Whh  0.94, Omega  0.00, alpha  2.000, steps in the past 0.009, valid nll 1.386
  [diag] log10|dL/dh_t| hist bins=60 range=(-12.00,-2.48) mean=-11.95 p50=-12.00 p05=-12.00 p95=-12.00
  [diag] sat-dist hist bins=60 sat<0.05=0.0% mean=0.982 p10=0.982 p90=0.983
Iter 0002820: train nll 1.387, valid error 075.220%, best valid error 074.280%, avg grad norm   0.173, avg grad norm (post clip)   0.053, rho_Whh  0.94, Omega  0.00, alpha  2.000, steps in the past 0.010, valid nll 1.386
  [diag] log10|dL/dh_t| hist bins=60 range=(-12.00,-2.48) mean=-11.95 p50=-12.00 p05=-12.00 p95=-12.00
  [diag] sat-dist hist bins=60 sat<0.05=0.0% mean=0.983 p10=0.982 p90=0.983
Iter 0002840: train nll 1.386, valid error 075.220%, best valid error 074.280%, avg grad norm   0.164, avg grad norm (post clip)   0.053, rho_Whh  0.94, Omega  0.00, alpha  2.000, steps in the past 0.010, valid nll 1.386
  [diag] log10|dL/dh_t| hist bins=60 range=(-12.00,-2.48) mean=-11.95 p50=-12.00 p05=-12.00 p95=-12.00
  [diag] sat-dist hist bins=60 sat<0.05=0.0% mean=0.983 p10=0.982 p90=0.984
Iter 0002860: train nll 1.385, valid error 075.240%, best valid error 074.280%, avg grad norm   0.182, avg grad norm (post clip)   0.053, rho_Whh  0.94, Omega  0.00, alpha  2.000, steps in the past 0.008, valid nll 1.386
  [diag] log10|dL/dh_t| hist bins=60 range=(-12.00,-2.48) mean=-11.95 p50=-12.00 p05=-12.00 p95=-12.00
  [diag] sat-dist hist bins=60 sat<0.05=0.0% mean=0.983 p10=0.983 p90=0.984
Iter 0002880: train nll 1.386, valid error 075.190%, best valid error 074.280%, avg grad norm   0.192, avg grad norm (post clip)   0.053, rho_Whh  0.94, Omega  0.00, alpha  2.000, steps in the past 0.010, valid nll 1.386
  [diag] log10|dL/dh_t| hist bins=60 range=(-12.00,-2.48) mean=-11.95 p50=-12.00 p05=-12.00 p95=-12.00
  [diag] sat-dist hist bins=60 sat<0.05=0.0% mean=0.983 p10=0.983 p90=0.984
Iter 0002900: train nll 1.386, valid error 075.250%, best valid error 074.280%, avg grad norm   0.183, avg grad norm (post clip)   0.053, rho_Whh  0.94, Omega  0.00, alpha  2.000, steps in the past 0.008, valid nll 1.386
  [diag] log10|dL/dh_t| hist bins=60 range=(-12.00,-2.48) mean=-11.95 p50=-12.00 p05=-12.00 p95=-12.00
  [diag] sat-dist hist bins=60 sat<0.05=0.0% mean=0.984 p10=0.983 p90=0.984
Iter 0002920: train nll 1.386, valid error 075.230%, best valid error 074.280%, avg grad norm   0.191, avg grad norm (post clip)   0.052, rho_Whh  0.94, Omega  0.00, alpha  2.000, steps in the past 0.009, valid nll 1.386
  [diag] log10|dL/dh_t| hist bins=60 range=(-12.00,-2.48) mean=-11.95 p50=-12.00 p05=-12.00 p95=-12.00
  [diag] sat-dist hist bins=60 sat<0.05=0.0% mean=0.984 p10=0.983 p90=0.984
Iter 0002940: train nll 1.386, valid error 075.110%, best valid error 074.280%, avg grad norm   0.160, avg grad norm (post clip)   0.052, rho_Whh  0.94, Omega  0.00, alpha  2.000, steps in the past 0.009, valid nll 1.386
  [diag] log10|dL/dh_t| hist bins=60 range=(-12.00,-2.48) mean=-11.95 p50=-12.00 p05=-12.00 p95=-12.00
  [diag] sat-dist hist bins=60 sat<0.05=0.0% mean=0.984 p10=0.983 p90=0.984
Iter 0002960: train nll 1.386, valid error 075.110%, best valid error 074.280%, avg grad norm   0.165, avg grad norm (post clip)   0.052, rho_Whh  0.94, Omega  0.00, alpha  2.000, steps in the past 0.008, valid nll 1.386
  [diag] log10|dL/dh_t| hist bins=60 range=(-12.00,-2.48) mean=-11.95 p50=-12.00 p05=-12.00 p95=-12.00
  [diag] sat-dist hist bins=60 sat<0.05=0.0% mean=0.983 p10=0.983 p90=0.984
Iter 0002980: train nll 1.386, valid error 075.130%, best valid error 074.280%, avg grad norm   0.192, avg grad norm (post clip)   0.053, rho_Whh  0.94, Omega  0.00, alpha  2.000, steps in the past 0.010, valid nll 1.386
  [diag] log10|dL/dh_t| hist bins=60 range=(-12.00,-2.48) mean=-11.95 p50=-12.00 p05=-12.00 p95=-12.00
  [diag] sat-dist hist bins=60 sat<0.05=0.0% mean=0.983 p10=0.983 p90=0.984
Iter 0003000: train nll 1.387, valid error 075.300%, best valid error 074.280%, avg grad norm   0.170, avg grad norm (post clip)   0.053, rho_Whh  0.94, Omega  0.00, alpha  2.000, steps in the past 0.009, valid nll 1.386
  [diag] log10|dL/dh_t| hist bins=60 range=(-12.00,-2.48) mean=-11.95 p50=-12.00 p05=-12.00 p95=-12.00
  [diag] sat-dist hist bins=60 sat<0.05=0.0% mean=0.983 p10=0.982 p90=0.984
Iter 0003020: train nll 1.387, valid error 075.300%, best valid error 074.280%, avg grad norm   0.197, avg grad norm (post clip)   0.053, rho_Whh  0.94, Omega  0.00, alpha  2.000, steps in the past 0.010, valid nll 1.386
  [diag] log10|dL/dh_t| hist bins=60 range=(-12.00,-2.48) mean=-11.95 p50=-12.00 p05=-12.00 p95=-12.00
  [diag] sat-dist hist bins=60 sat<0.05=0.0% mean=0.983 p10=0.982 p90=0.984
Iter 0003040: train nll 1.387, valid error 075.290%, best valid error 074.280%, avg grad norm   0.190, avg grad norm (post clip)   0.053, rho_Whh  0.94, Omega  0.00, alpha  2.000, steps in the past 0.009, valid nll 1.386
  [diag] log10|dL/dh_t| hist bins=60 range=(-12.00,-2.48) mean=-11.95 p50=-12.00 p05=-12.00 p95=-12.00
  [diag] sat-dist hist bins=60 sat<0.05=0.0% mean=0.983 p10=0.983 p90=0.984
Iter 0003060: train nll 1.386, valid error 075.240%, best valid error 074.280%, avg grad norm   0.201, avg grad norm (post clip)   0.053, rho_Whh  0.94, Omega  0.00, alpha  2.000, steps in the past 0.010, valid nll 1.386
  [diag] log10|dL/dh_t| hist bins=60 range=(-12.00,-2.48) mean=-11.95 p50=-12.00 p05=-12.00 p95=-12.00
  [diag] sat-dist hist bins=60 sat<0.05=0.0% mean=0.983 p10=0.983 p90=0.984
Iter 0003080: train nll 1.386, valid error 075.240%, best valid error 074.280%, avg grad norm   0.193, avg grad norm (post clip)   0.053, rho_Whh  0.94, Omega  0.00, alpha  2.000, steps in the past 0.009, valid nll 1.386
  [diag] log10|dL/dh_t| hist bins=60 range=(-12.00,-2.48) mean=-11.95 p50=-12.00 p05=-12.00 p95=-12.00
  [diag] sat-dist hist bins=60 sat<0.05=0.0% mean=0.983 p10=0.982 p90=0.984
Iter 0003100: train nll 1.386, valid error 075.230%, best valid error 074.280%, avg grad norm   0.178, avg grad norm (post clip)   0.053, rho_Whh  0.94, Omega  0.00, alpha  2.000, steps in the past 0.008, valid nll 1.386
  [diag] log10|dL/dh_t| hist bins=60 range=(-12.00,-2.48) mean=-11.95 p50=-12.00 p05=-12.00 p95=-12.00
  [diag] sat-dist hist bins=60 sat<0.05=0.0% mean=0.983 p10=0.983 p90=0.984
Iter 0003120: train nll 1.386, valid error 075.220%, best valid error 074.280%, avg grad norm   0.175, avg grad norm (post clip)   0.053, rho_Whh  0.94, Omega  0.00, alpha  2.000, steps in the past 0.009, valid nll 1.386
  [diag] log10|dL/dh_t| hist bins=60 range=(-12.00,-2.48) mean=-11.95 p50=-12.00 p05=-12.00 p95=-12.00
  [diag] sat-dist hist bins=60 sat<0.05=0.0% mean=0.983 p10=0.982 p90=0.983
Iter 0003140: train nll 1.386, valid error 075.230%, best valid error 074.280%, avg grad norm   0.220, avg grad norm (post clip)   0.053, rho_Whh  0.94, Omega  0.00, alpha  2.000, steps in the past 0.009, valid nll 1.386
  [diag] log10|dL/dh_t| hist bins=60 range=(-12.00,-2.48) mean=-11.95 p50=-12.00 p05=-12.00 p95=-12.00
  [diag] sat-dist hist bins=60 sat<0.05=0.0% mean=0.983 p10=0.982 p90=0.983
Iter 0003160: train nll 1.386, valid error 075.220%, best valid error 074.280%, avg grad norm   0.198, avg grad norm (post clip)   0.053, rho_Whh  0.94, Omega  0.00, alpha  2.000, steps in the past 0.008, valid nll 1.386
  [diag] log10|dL/dh_t| hist bins=60 range=(-12.00,-2.48) mean=-11.95 p50=-12.00 p05=-12.00 p95=-12.00
  [diag] sat-dist hist bins=60 sat<0.05=0.0% mean=0.983 p10=0.982 p90=0.983
Iter 0003180: train nll 1.387, valid error 075.220%, best valid error 074.280%, avg grad norm   0.179, avg grad norm (post clip)   0.053, rho_Whh  0.94, Omega  0.00, alpha  2.000, steps in the past 0.009, valid nll 1.386
  [diag] log10|dL/dh_t| hist bins=60 range=(-12.00,-2.48) mean=-11.95 p50=-12.00 p05=-12.00 p95=-12.00
  [diag] sat-dist hist bins=60 sat<0.05=0.0% mean=0.982 p10=0.982 p90=0.983
Iter 0003200: train nll 1.386, valid error 075.220%, best valid error 074.280%, avg grad norm   0.217, avg grad norm (post clip)   0.053, rho_Whh  0.94, Omega  0.00, alpha  2.000, steps in the past 0.008, valid nll 1.386
  [diag] log10|dL/dh_t| hist bins=60 range=(-12.00,-2.48) mean=-11.95 p50=-12.00 p05=-12.00 p95=-12.00
  [diag] sat-dist hist bins=60 sat<0.05=0.0% mean=0.983 p10=0.982 p90=0.983
Iter 0003220: train nll 1.386, valid error 075.240%, best valid error 074.280%, avg grad norm   0.216, avg grad norm (post clip)   0.053, rho_Whh  0.94, Omega  0.00, alpha  2.000, steps in the past 0.010, valid nll 1.386
  [diag] log10|dL/dh_t| hist bins=60 range=(-12.00,-2.48) mean=-11.95 p50=-12.00 p05=-12.00 p95=-12.00
  [diag] sat-dist hist bins=60 sat<0.05=0.0% mean=0.983 p10=0.982 p90=0.983
Iter 0003240: train nll 1.386, valid error 075.250%, best valid error 074.280%, avg grad norm   0.172, avg grad norm (post clip)   0.053, rho_Whh  0.94, Omega  0.00, alpha  2.000, steps in the past 0.010, valid nll 1.386
  [diag] log10|dL/dh_t| hist bins=60 range=(-12.00,-2.48) mean=-11.95 p50=-12.00 p05=-12.00 p95=-12.00
  [diag] sat-dist hist bins=60 sat<0.05=0.0% mean=0.983 p10=0.982 p90=0.983
Iter 0003260: train nll 1.387, valid error 075.220%, best valid error 074.280%, avg grad norm   0.223, avg grad norm (post clip)   0.053, rho_Whh  0.94, Omega  0.00, alpha  2.000, steps in the past 0.010, valid nll 1.386
  [diag] log10|dL/dh_t| hist bins=60 range=(-12.00,-2.48) mean=-11.95 p50=-12.00 p05=-12.00 p95=-12.00
  [diag] sat-dist hist bins=60 sat<0.05=0.0% mean=0.982 p10=0.981 p90=0.983
Iter 0003280: train nll 1.386, valid error 075.220%, best valid error 074.280%, avg grad norm   0.222, avg grad norm (post clip)   0.053, rho_Whh  0.94, Omega  0.00, alpha  2.000, steps in the past 0.009, valid nll 1.386
  [diag] log10|dL/dh_t| hist bins=60 range=(-12.00,-2.48) mean=-11.95 p50=-12.00 p05=-12.00 p95=-12.00
  [diag] sat-dist hist bins=60 sat<0.05=0.0% mean=0.982 p10=0.981 p90=0.982
Iter 0003300: train nll 1.386, valid error 075.220%, best valid error 074.280%, avg grad norm   0.187, avg grad norm (post clip)   0.053, rho_Whh  0.94, Omega  0.00, alpha  2.000, steps in the past 0.009, valid nll 1.386
  [diag] log10|dL/dh_t| hist bins=60 range=(-12.00,-2.48) mean=-11.95 p50=-12.00 p05=-12.00 p95=-12.00
  [diag] sat-dist hist bins=60 sat<0.05=0.0% mean=0.982 p10=0.981 p90=0.982
Iter 0003320: train nll 1.386, valid error 075.220%, best valid error 074.280%, avg grad norm   0.156, avg grad norm (post clip)   0.052, rho_Whh  0.94, Omega  0.00, alpha  2.000, steps in the past 0.008, valid nll 1.386
  [diag] log10|dL/dh_t| hist bins=60 range=(-12.00,-2.48) mean=-11.95 p50=-12.00 p05=-12.00 p95=-12.00
  [diag] sat-dist hist bins=60 sat<0.05=0.0% mean=0.981 p10=0.981 p90=0.982
Iter 0003340: train nll 1.385, valid error 075.220%, best valid error 074.280%, avg grad norm   0.209, avg grad norm (post clip)   0.053, rho_Whh  0.94, Omega  0.00, alpha  2.000, steps in the past 0.009, valid nll 1.386
  [diag] log10|dL/dh_t| hist bins=60 range=(-12.00,-2.48) mean=-11.95 p50=-12.00 p05=-12.00 p95=-12.00
  [diag] sat-dist hist bins=60 sat<0.05=0.0% mean=0.982 p10=0.981 p90=0.982
Iter 0003360: train nll 1.386, valid error 075.220%, best valid error 074.280%, avg grad norm   0.183, avg grad norm (post clip)   0.053, rho_Whh  0.94, Omega  0.00, alpha  2.000, steps in the past 0.009, valid nll 1.386
  [diag] log10|dL/dh_t| hist bins=60 range=(-12.00,-2.48) mean=-11.95 p50=-12.00 p05=-12.00 p95=-12.00
  [diag] sat-dist hist bins=60 sat<0.05=0.0% mean=0.982 p10=0.981 p90=0.982
Iter 0003380: train nll 1.387, valid error 075.220%, best valid error 074.280%, avg grad norm   0.186, avg grad norm (post clip)   0.052, rho_Whh  0.94, Omega  0.00, alpha  2.000, steps in the past 0.009, valid nll 1.386
  [diag] log10|dL/dh_t| hist bins=60 range=(-12.00,-2.48) mean=-11.95 p50=-12.00 p05=-12.00 p95=-12.00
  [diag] sat-dist hist bins=60 sat<0.05=0.0% mean=0.982 p10=0.981 p90=0.982
Iter 0003400: train nll 1.387, valid error 075.220%, best valid error 074.280%, avg grad norm   0.197, avg grad norm (post clip)   0.053, rho_Whh  0.94, Omega  0.00, alpha  2.000, steps in the past 0.009, valid nll 1.386
  [diag] log10|dL/dh_t| hist bins=60 range=(-12.00,-2.48) mean=-11.95 p50=-12.00 p05=-12.00 p95=-12.00
  [diag] sat-dist hist bins=60 sat<0.05=0.0% mean=0.981 p10=0.981 p90=0.982
Iter 0003420: train nll 1.386, valid error 075.220%, best valid error 074.280%, avg grad norm   0.183, avg grad norm (post clip)   0.053, rho_Whh  0.94, Omega  0.00, alpha  2.000, steps in the past 0.010, valid nll 1.386
  [diag] log10|dL/dh_t| hist bins=60 range=(-12.00,-2.48) mean=-11.95 p50=-12.00 p05=-12.00 p95=-12.00
  [diag] sat-dist hist bins=60 sat<0.05=0.0% mean=0.982 p10=0.981 p90=0.982
Iter 0003440: train nll 1.386, valid error 075.220%, best valid error 074.280%, avg grad norm   0.180, avg grad norm (post clip)   0.053, rho_Whh  0.94, Omega  0.00, alpha  2.000, steps in the past 0.009, valid nll 1.386
  [diag] log10|dL/dh_t| hist bins=60 range=(-12.00,-2.48) mean=-11.95 p50=-12.00 p05=-12.00 p95=-12.00
  [diag] sat-dist hist bins=60 sat<0.05=0.0% mean=0.981 p10=0.980 p90=0.982
Iter 0003460: train nll 1.386, valid error 075.220%, best valid error 074.280%, avg grad norm   0.196, avg grad norm (post clip)   0.053, rho_Whh  0.94, Omega  0.00, alpha  2.000, steps in the past 0.012, valid nll 1.386
  [diag] log10|dL/dh_t| hist bins=60 range=(-12.00,-2.48) mean=-11.95 p50=-12.00 p05=-12.00 p95=-12.00
  [diag] sat-dist hist bins=60 sat<0.05=0.0% mean=0.982 p10=0.981 p90=0.982
Iter 0003480: train nll 1.387, valid error 075.220%, best valid error 074.280%, avg grad norm   0.218, avg grad norm (post clip)   0.053, rho_Whh  0.94, Omega  0.00, alpha  2.000, steps in the past 0.010, valid nll 1.386
  [diag] log10|dL/dh_t| hist bins=60 range=(-12.00,-2.48) mean=-11.95 p50=-12.00 p05=-12.00 p95=-12.00
  [diag] sat-dist hist bins=60 sat<0.05=0.0% mean=0.982 p10=0.981 p90=0.982
Iter 0003500: train nll 1.386, valid error 075.220%, best valid error 074.280%, avg grad norm   0.175, avg grad norm (post clip)   0.053, rho_Whh  0.94, Omega  0.00, alpha  2.000, steps in the past 0.010, valid nll 1.386
  [diag] log10|dL/dh_t| hist bins=60 range=(-12.00,-2.48) mean=-11.95 p50=-12.00 p05=-12.00 p95=-12.00
  [diag] sat-dist hist bins=60 sat<0.05=0.0% mean=0.981 p10=0.981 p90=0.982
Iter 0003520: train nll 1.385, valid error 075.220%, best valid error 074.280%, avg grad norm   0.174, avg grad norm (post clip)   0.052, rho_Whh  0.94, Omega  0.00, alpha  2.000, steps in the past 0.010, valid nll 1.386
  [diag] log10|dL/dh_t| hist bins=60 range=(-12.00,-2.48) mean=-11.95 p50=-12.00 p05=-12.00 p95=-12.00
  [diag] sat-dist hist bins=60 sat<0.05=0.0% mean=0.981 p10=0.980 p90=0.981
Iter 0003540: train nll 1.387, valid error 075.220%, best valid error 074.280%, avg grad norm   0.213, avg grad norm (post clip)   0.053, rho_Whh  0.94, Omega  0.00, alpha  2.000, steps in the past 0.008, valid nll 1.386
  [diag] log10|dL/dh_t| hist bins=60 range=(-12.00,-2.48) mean=-11.95 p50=-12.00 p05=-12.00 p95=-12.00
  [diag] sat-dist hist bins=60 sat<0.05=0.0% mean=0.981 p10=0.980 p90=0.982
Iter 0003560: train nll 1.386, valid error 075.220%, best valid error 074.280%, avg grad norm   0.205, avg grad norm (post clip)   0.052, rho_Whh  0.94, Omega  0.00, alpha  2.000, steps in the past 0.009, valid nll 1.386
  [diag] log10|dL/dh_t| hist bins=60 range=(-12.00,-2.48) mean=-11.95 p50=-12.00 p05=-12.00 p95=-12.00
  [diag] sat-dist hist bins=60 sat<0.05=0.0% mean=0.981 p10=0.980 p90=0.982
Iter 0003580: train nll 1.387, valid error 075.220%, best valid error 074.280%, avg grad norm   0.211, avg grad norm (post clip)   0.053, rho_Whh  0.94, Omega  0.00, alpha  2.000, steps in the past 0.009, valid nll 1.386
  [diag] log10|dL/dh_t| hist bins=60 range=(-12.00,-2.48) mean=-11.95 p50=-12.00 p05=-12.00 p95=-12.00
  [diag] sat-dist hist bins=60 sat<0.05=0.0% mean=0.981 p10=0.981 p90=0.982
Iter 0003600: train nll 1.386, valid error 075.220%, best valid error 074.280%, avg grad norm   0.197, avg grad norm (post clip)   0.053, rho_Whh  0.94, Omega  0.00, alpha  2.000, steps in the past 0.009, valid nll 1.386
  [diag] log10|dL/dh_t| hist bins=60 range=(-12.00,-2.48) mean=-11.95 p50=-12.00 p05=-12.00 p95=-12.00
  [diag] sat-dist hist bins=60 sat<0.05=0.0% mean=0.982 p10=0.981 p90=0.982
Iter 0003620: train nll 1.386, valid error 075.220%, best valid error 074.280%, avg grad norm   0.178, avg grad norm (post clip)   0.053, rho_Whh  0.94, Omega  0.00, alpha  2.000, steps in the past 0.009, valid nll 1.386
  [diag] log10|dL/dh_t| hist bins=60 range=(-12.00,-2.48) mean=-11.95 p50=-12.00 p05=-12.00 p95=-12.00
  [diag] sat-dist hist bins=60 sat<0.05=0.0% mean=0.982 p10=0.981 p90=0.982
Iter 0003640: train nll 1.387, valid error 075.220%, best valid error 074.280%, avg grad norm   0.171, avg grad norm (post clip)   0.053, rho_Whh  0.94, Omega  0.00, alpha  2.000, steps in the past 0.009, valid nll 1.386
  [diag] log10|dL/dh_t| hist bins=60 range=(-12.00,-2.48) mean=-11.95 p50=-12.00 p05=-12.00 p95=-12.00
  [diag] sat-dist hist bins=60 sat<0.05=0.0% mean=0.982 p10=0.981 p90=0.983
Iter 0003660: train nll 1.386, valid error 075.220%, best valid error 074.280%, avg grad norm   0.181, avg grad norm (post clip)   0.052, rho_Whh  0.94, Omega  0.00, alpha  2.000, steps in the past 0.009, valid nll 1.386
  [diag] log10|dL/dh_t| hist bins=60 range=(-12.00,-2.48) mean=-11.95 p50=-12.00 p05=-12.00 p95=-12.00
  [diag] sat-dist hist bins=60 sat<0.05=0.0% mean=0.982 p10=0.981 p90=0.982
Iter 0003680: train nll 1.386, valid error 075.220%, best valid error 074.280%, avg grad norm   0.194, avg grad norm (post clip)   0.053, rho_Whh  0.94, Omega  0.00, alpha  2.000, steps in the past 0.010, valid nll 1.386
  [diag] log10|dL/dh_t| hist bins=60 range=(-12.00,-2.48) mean=-11.95 p50=-12.00 p05=-12.00 p95=-12.00
  [diag] sat-dist hist bins=60 sat<0.05=0.0% mean=0.982 p10=0.981 p90=0.982
Iter 0003700: train nll 1.387, valid error 075.220%, best valid error 074.280%, avg grad norm   0.176, avg grad norm (post clip)   0.051, rho_Whh  0.94, Omega  0.00, alpha  2.000, steps in the past 0.010, valid nll 1.386
  [diag] log10|dL/dh_t| hist bins=60 range=(-12.00,-2.48) mean=-11.95 p50=-12.00 p05=-12.00 p95=-12.00
  [diag] sat-dist hist bins=60 sat<0.05=0.0% mean=0.981 p10=0.980 p90=0.982
Iter 0003720: train nll 1.387, valid error 075.220%, best valid error 074.280%, avg grad norm   0.206, avg grad norm (post clip)   0.053, rho_Whh  0.94, Omega  0.00, alpha  2.000, steps in the past 0.010, valid nll 1.386
  [diag] log10|dL/dh_t| hist bins=60 range=(-12.00,-2.48) mean=-11.95 p50=-12.00 p05=-12.00 p95=-12.00
  [diag] sat-dist hist bins=60 sat<0.05=0.0% mean=0.981 p10=0.981 p90=0.982
Iter 0003740: train nll 1.387, valid error 075.220%, best valid error 074.280%, avg grad norm   0.165, avg grad norm (post clip)   0.053, rho_Whh  0.94, Omega  0.00, alpha  2.000, steps in the past 0.011, valid nll 1.386
  [diag] log10|dL/dh_t| hist bins=60 range=(-12.00,-2.48) mean=-11.95 p50=-12.00 p05=-12.00 p95=-12.00
  [diag] sat-dist hist bins=60 sat<0.05=0.0% mean=0.982 p10=0.981 p90=0.982
Iter 0003760: train nll 1.386, valid error 075.220%, best valid error 074.280%, avg grad norm   0.181, avg grad norm (post clip)   0.053, rho_Whh  0.94, Omega  0.00, alpha  2.000, steps in the past 0.009, valid nll 1.386
  [diag] log10|dL/dh_t| hist bins=60 range=(-12.00,-2.48) mean=-11.95 p50=-12.00 p05=-12.00 p95=-12.00
  [diag] sat-dist hist bins=60 sat<0.05=0.0% mean=0.982 p10=0.981 p90=0.983
Iter 0003780: train nll 1.386, valid error 075.220%, best valid error 074.280%, avg grad norm   0.170, avg grad norm (post clip)   0.053, rho_Whh  0.94, Omega  0.00, alpha  2.000, steps in the past 0.010, valid nll 1.386
  [diag] log10|dL/dh_t| hist bins=60 range=(-12.00,-2.48) mean=-11.95 p50=-12.00 p05=-12.00 p95=-12.00
  [diag] sat-dist hist bins=60 sat<0.05=0.0% mean=0.982 p10=0.981 p90=0.983
Iter 0003800: train nll 1.387, valid error 075.220%, best valid error 074.280%, avg grad norm   0.215, avg grad norm (post clip)   0.053, rho_Whh  0.94, Omega  0.00, alpha  2.000, steps in the past 0.009, valid nll 1.386
  [diag] log10|dL/dh_t| hist bins=60 range=(-12.00,-2.48) mean=-11.95 p50=-12.00 p05=-12.00 p95=-12.00
  [diag] sat-dist hist bins=60 sat<0.05=0.0% mean=0.982 p10=0.981 p90=0.983
Iter 0003820: train nll 1.386, valid error 075.250%, best valid error 074.280%, avg grad norm   0.213, avg grad norm (post clip)   0.052, rho_Whh  0.94, Omega  0.00, alpha  2.000, steps in the past 0.010, valid nll 1.386
  [diag] log10|dL/dh_t| hist bins=60 range=(-12.00,-2.48) mean=-11.95 p50=-12.00 p05=-12.00 p95=-12.00
  [diag] sat-dist hist bins=60 sat<0.05=0.0% mean=0.983 p10=0.982 p90=0.983
Iter 0003840: train nll 1.387, valid error 075.190%, best valid error 074.280%, avg grad norm   0.187, avg grad norm (post clip)   0.053, rho_Whh  0.94, Omega  0.00, alpha  2.000, steps in the past 0.011, valid nll 1.386
  [diag] log10|dL/dh_t| hist bins=60 range=(-12.00,-2.48) mean=-11.95 p50=-12.00 p05=-12.00 p95=-12.00
  [diag] sat-dist hist bins=60 sat<0.05=0.0% mean=0.983 p10=0.982 p90=0.983
Iter 0003860: train nll 1.387, valid error 075.300%, best valid error 074.280%, avg grad norm   0.185, avg grad norm (post clip)   0.053, rho_Whh  0.94, Omega  0.00, alpha  2.000, steps in the past 0.010, valid nll 1.386
  [diag] log10|dL/dh_t| hist bins=60 range=(-12.00,-2.48) mean=-11.95 p50=-12.00 p05=-12.00 p95=-12.00
  [diag] sat-dist hist bins=60 sat<0.05=0.0% mean=0.983 p10=0.982 p90=0.984
Iter 0003880: train nll 1.386, valid error 075.240%, best valid error 074.280%, avg grad norm   0.154, avg grad norm (post clip)   0.053, rho_Whh  0.94, Omega  0.00, alpha  2.000, steps in the past 0.008, valid nll 1.386
  [diag] log10|dL/dh_t| hist bins=60 range=(-12.00,-2.48) mean=-11.95 p50=-12.00 p05=-12.00 p95=-12.00
  [diag] sat-dist hist bins=60 sat<0.05=0.0% mean=0.983 p10=0.983 p90=0.984
Iter 0003900: train nll 1.386, valid error 075.280%, best valid error 074.280%, avg grad norm   0.186, avg grad norm (post clip)   0.053, rho_Whh  0.94, Omega  0.00, alpha  2.000, steps in the past 0.009, valid nll 1.386
  [diag] log10|dL/dh_t| hist bins=60 range=(-12.00,-2.48) mean=-11.95 p50=-12.00 p05=-12.00 p95=-12.00
  [diag] sat-dist hist bins=60 sat<0.05=0.0% mean=0.983 p10=0.983 p90=0.984
Iter 0003920: train nll 1.386, valid error 075.060%, best valid error 074.280%, avg grad norm   0.175, avg grad norm (post clip)   0.052, rho_Whh  0.94, Omega  0.00, alpha  2.000, steps in the past 0.010, valid nll 1.386
  [diag] log10|dL/dh_t| hist bins=60 range=(-12.00,-2.48) mean=-11.95 p50=-12.00 p05=-12.00 p95=-12.00
  [diag] sat-dist hist bins=60 sat<0.05=0.0% mean=0.983 p10=0.982 p90=0.984
Iter 0003940: train nll 1.386, valid error 075.170%, best valid error 074.280%, avg grad norm   0.185, avg grad norm (post clip)   0.053, rho_Whh  0.94, Omega  0.00, alpha  2.000, steps in the past 0.010, valid nll 1.386
  [diag] log10|dL/dh_t| hist bins=60 range=(-12.00,-2.48) mean=-11.95 p50=-12.00 p05=-12.00 p95=-12.00
  [diag] sat-dist hist bins=60 sat<0.05=0.0% mean=0.983 p10=0.982 p90=0.983
Iter 0003960: train nll 1.386, valid error 075.270%, best valid error 074.280%, avg grad norm   0.184, avg grad norm (post clip)   0.053, rho_Whh  0.94, Omega  0.00, alpha  2.000, steps in the past 0.010, valid nll 1.386
  [diag] log10|dL/dh_t| hist bins=60 range=(-12.00,-2.48) mean=-11.95 p50=-12.00 p05=-12.00 p95=-12.00
  [diag] sat-dist hist bins=60 sat<0.05=0.0% mean=0.983 p10=0.982 p90=0.984
Iter 0003980: train nll 1.387, valid error 075.090%, best valid error 074.280%, avg grad norm   0.183, avg grad norm (post clip)   0.053, rho_Whh  0.94, Omega  0.00, alpha  2.000, steps in the past 0.009, valid nll 1.386
Done. solved=0 steps=3999 best_valid_error=74.2800%
